
Memory Configuration

Name             Origin             Length             Attributes
SRAM             0x20041f00         0x000000fc         xr
*default*        0x00000000         0xffffffff

Linker script and memory map

                0x20041f00                . = ORIGIN (SRAM)

.text           0x20041f00       0xe0
 *(.entry)
 *(.text)
 .text          0x20041f00       0xe0 CMakeFiles/bs2_default.dir/boot2_w25q080.S.obj
                0x20041f00                _stage2_boot
                0x20041fb0                read_flash_sreg
                0x20041fc0                literals
LOAD CMakeFiles/bs2_default.dir/boot2_w25q080.S.obj
START GROUP
LOAD /usr/lib/gcc/arm-none-eabi/7.3.1/thumb/v6-m/libgcc.a
LOAD /usr/lib/gcc/arm-none-eabi/7.3.1/../../../arm-none-eabi/lib/thumb/v6-m/libg.a
LOAD /usr/lib/gcc/arm-none-eabi/7.3.1/../../../arm-none-eabi/lib/thumb/v6-m/libc.a
END GROUP
START GROUP
LOAD /usr/lib/gcc/arm-none-eabi/7.3.1/thumb/v6-m/libgcc.a
LOAD /usr/lib/gcc/arm-none-eabi/7.3.1/../../../arm-none-eabi/lib/thumb/v6-m/libc.a
LOAD /usr/lib/gcc/arm-none-eabi/7.3.1/../../../arm-none-eabi/lib/thumb/v6-m/libnosys.a
END GROUP
OUTPUT(bs2_default.elf elf32-littlearm)

.data           0x20041fe0        0x0
 .data          0x20041fe0        0x0 CMakeFiles/bs2_default.dir/boot2_w25q080.S.obj

.igot.plt       0x20041fe0        0x0
 .igot.plt      0x20041fe0        0x0 CMakeFiles/bs2_default.dir/boot2_w25q080.S.obj

.glue_7         0x20041fe0        0x0
 .glue_7        0x20041fe0        0x0 linker stubs

.glue_7t        0x20041fe0        0x0
 .glue_7t       0x20041fe0        0x0 linker stubs

.vfp11_veneer   0x20041fe0        0x0
 .vfp11_veneer  0x20041fe0        0x0 linker stubs

.v4_bx          0x20041fe0        0x0
 .v4_bx         0x20041fe0        0x0 linker stubs

.iplt           0x20041fe0        0x0
 .iplt          0x20041fe0        0x0 CMakeFiles/bs2_default.dir/boot2_w25q080.S.obj

.rel.dyn        0x20041fe0        0x0
 .rel.iplt      0x20041fe0        0x0 CMakeFiles/bs2_default.dir/boot2_w25q080.S.obj

.bss            0x20041fe0        0x0
 .bss           0x20041fe0        0x0 CMakeFiles/bs2_default.dir/boot2_w25q080.S.obj

.ARM.attributes
                0x00000000       0x22
 .ARM.attributes
                0x00000000       0x22 CMakeFiles/bs2_default.dir/boot2_w25q080.S.obj

.debug_line     0x00000000       0xee
 .debug_line    0x00000000       0xee CMakeFiles/bs2_default.dir/boot2_w25q080.S.obj

.debug_info     0x00000000       0x26
 .debug_info    0x00000000       0x26 CMakeFiles/bs2_default.dir/boot2_w25q080.S.obj

.debug_abbrev   0x00000000       0x14
 .debug_abbrev  0x00000000       0x14 CMakeFiles/bs2_default.dir/boot2_w25q080.S.obj

.debug_aranges  0x00000000       0x20
 .debug_aranges
                0x00000000       0x20 CMakeFiles/bs2_default.dir/boot2_w25q080.S.obj

.debug_str      0x00000000       0x99
 .debug_str     0x00000000       0x99 CMakeFiles/bs2_default.dir/boot2_w25q080.S.obj
