Archive member included to satisfy reference by file (symbol)

/usr/lib/gcc/arm-none-eabi/7.3.1/thumb/v6-m/libgcc.a(_dvmd_tls.o)
                              CMakeFiles/GenesisControllerPico.dir/home/pi/pico/pico-sdk/src/rp2_common/pico_divider/divider.S.obj (__aeabi_idiv0)
/usr/lib/gcc/arm-none-eabi/7.3.1/../../../arm-none-eabi/lib/thumb/v6-m/libg.a(lib_a-atexit.o)
                              /usr/lib/gcc/arm-none-eabi/7.3.1/../../../arm-none-eabi/lib/thumb/v6-m/crt0.o (atexit)
/usr/lib/gcc/arm-none-eabi/7.3.1/../../../arm-none-eabi/lib/thumb/v6-m/libg.a(lib_a-calloc.o)
                              CMakeFiles/GenesisControllerPico.dir/home/pi/pico/pico-sdk/src/rp2_common/pico_malloc/pico_malloc.c.obj (calloc)
/usr/lib/gcc/arm-none-eabi/7.3.1/../../../arm-none-eabi/lib/thumb/v6-m/libg.a(lib_a-callocr.o)
                              /usr/lib/gcc/arm-none-eabi/7.3.1/../../../arm-none-eabi/lib/thumb/v6-m/libg.a(lib_a-calloc.o) (_calloc_r)
/usr/lib/gcc/arm-none-eabi/7.3.1/../../../arm-none-eabi/lib/thumb/v6-m/libg.a(lib_a-ctype_.o)
                              CMakeFiles/GenesisControllerPico.dir/home/pi/pico/pico-sdk/lib/tinyusb/src/tusb.c.obj (_ctype_)
/usr/lib/gcc/arm-none-eabi/7.3.1/../../../arm-none-eabi/lib/thumb/v6-m/libg.a(lib_a-fini.o)
                              /usr/lib/gcc/arm-none-eabi/7.3.1/../../../arm-none-eabi/lib/thumb/v6-m/crt0.o (__libc_fini_array)
/usr/lib/gcc/arm-none-eabi/7.3.1/../../../arm-none-eabi/lib/thumb/v6-m/libg.a(lib_a-impure.o)
                              /usr/lib/gcc/arm-none-eabi/7.3.1/../../../arm-none-eabi/lib/thumb/v6-m/libg.a(lib_a-calloc.o) (_impure_ptr)
/usr/lib/gcc/arm-none-eabi/7.3.1/../../../arm-none-eabi/lib/thumb/v6-m/libg.a(lib_a-init.o)
                              /usr/lib/gcc/arm-none-eabi/7.3.1/../../../arm-none-eabi/lib/thumb/v6-m/crt0.o (__libc_init_array)
/usr/lib/gcc/arm-none-eabi/7.3.1/../../../arm-none-eabi/lib/thumb/v6-m/libg.a(lib_a-malloc.o)
                              CMakeFiles/GenesisControllerPico.dir/home/pi/pico/pico-sdk/src/rp2_common/pico_malloc/pico_malloc.c.obj (malloc)
/usr/lib/gcc/arm-none-eabi/7.3.1/../../../arm-none-eabi/lib/thumb/v6-m/libg.a(lib_a-mallocr.o)
                              /usr/lib/gcc/arm-none-eabi/7.3.1/../../../arm-none-eabi/lib/thumb/v6-m/libg.a(lib_a-callocr.o) (_malloc_r)
/usr/lib/gcc/arm-none-eabi/7.3.1/../../../arm-none-eabi/lib/thumb/v6-m/libg.a(lib_a-mlock.o)
                              /usr/lib/gcc/arm-none-eabi/7.3.1/../../../arm-none-eabi/lib/thumb/v6-m/libg.a(lib_a-mallocr.o) (__malloc_lock)
/usr/lib/gcc/arm-none-eabi/7.3.1/../../../arm-none-eabi/lib/thumb/v6-m/libg.a(lib_a-sbrkr.o)
                              /usr/lib/gcc/arm-none-eabi/7.3.1/../../../arm-none-eabi/lib/thumb/v6-m/libg.a(lib_a-mallocr.o) (_sbrk_r)
/usr/lib/gcc/arm-none-eabi/7.3.1/../../../arm-none-eabi/lib/thumb/v6-m/libg.a(lib_a-strlen-stub.o)
                              CMakeFiles/GenesisControllerPico.dir/usb_descriptors.c.obj (strlen)
/usr/lib/gcc/arm-none-eabi/7.3.1/../../../arm-none-eabi/lib/thumb/v6-m/libg.a(lib_a-__atexit.o)
                              /usr/lib/gcc/arm-none-eabi/7.3.1/../../../arm-none-eabi/lib/thumb/v6-m/libg.a(lib_a-atexit.o) (__register_exitproc)
/usr/lib/gcc/arm-none-eabi/7.3.1/../../../arm-none-eabi/lib/thumb/v6-m/libg.a(lib_a-freer.o)
                              /usr/lib/gcc/arm-none-eabi/7.3.1/../../../arm-none-eabi/lib/thumb/v6-m/libg.a(lib_a-malloc.o) (_free_r)
/usr/lib/gcc/arm-none-eabi/7.3.1/../../../arm-none-eabi/lib/thumb/v6-m/libg.a(lib_a-reent.o)
                              /usr/lib/gcc/arm-none-eabi/7.3.1/../../../arm-none-eabi/lib/thumb/v6-m/libg.a(lib_a-sbrkr.o) (errno)

Allocating common symbols
Common symbol       size              file

sf_table            0x100             CMakeFiles/GenesisControllerPico.dir/home/pi/pico/pico-sdk/src/rp2_common/pico_float/float_init_rom.c.obj
errno               0x4               /usr/lib/gcc/arm-none-eabi/7.3.1/../../../arm-none-eabi/lib/thumb/v6-m/libg.a(lib_a-reent.o)
_usbd_qdef_buf      0xc0              CMakeFiles/GenesisControllerPico.dir/home/pi/pico/pico-sdk/lib/tinyusb/src/device/usbd.c.obj
sf_clz_func         0x4               CMakeFiles/GenesisControllerPico.dir/home/pi/pico/pico-sdk/src/rp2_common/pico_float/float_init_rom.c.obj
sd_table            0x100             CMakeFiles/GenesisControllerPico.dir/home/pi/pico/pico-sdk/src/rp2_common/pico_double/double_init_rom.c.obj
uart_char_to_line_feed
                    0x4               CMakeFiles/GenesisControllerPico.dir/home/pi/pico/pico-sdk/src/rp2_common/hardware_uart/uart.c.obj

Discarded input sections

 .text          0x00000000        0x0 /usr/lib/gcc/arm-none-eabi/7.3.1/thumb/v6-m/crti.o
 .data          0x00000000        0x0 /usr/lib/gcc/arm-none-eabi/7.3.1/thumb/v6-m/crti.o
 .bss           0x00000000        0x0 /usr/lib/gcc/arm-none-eabi/7.3.1/thumb/v6-m/crti.o
 .data          0x00000000        0x4 /usr/lib/gcc/arm-none-eabi/7.3.1/thumb/v6-m/crtbegin.o
[...]
Memory Configuration

Name             Origin             Length             Attributes
FLASH            0x10000000         0x00200000         xr
RAM              0x20000000         0x00040000         xrw
SCRATCH_X        0x20040000         0x00001000         xrw
SCRATCH_Y        0x20041000         0x00001000         xrw
*default*        0x00000000         0xffffffff

Linker script and memory map

LOAD /usr/lib/gcc/arm-none-eabi/7.3.1/thumb/v6-m/crti.o
LOAD /usr/lib/gcc/arm-none-eabi/7.3.1/thumb/v6-m/crtbegin.o
LOAD /usr/lib/gcc/arm-none-eabi/7.3.1/../../../arm-none-eabi/lib/thumb/v6-m/crt0.o

.flash_begin    0x10000000        0x0
                0x10000000                __flash_binary_start = .

.boot2          0x10000000      0x100
                0x10000000                __boot2_start__ = .
 *(.boot2)
 .boot2         0x10000000      0x100 /tmp/cccxLfgv.o
                0x10000100                __boot2_end__ = .
                0x00000001                ASSERT (((__boot2_end__ - __boot2_start__) == 0x100), ERROR: Pico second stage bootloader must be 256 bytes in size)

.text           0x10000100     0x7ac8
                0x10000100                __logical_binary_start = .
 *(.vectors)
 .vectors       0x10000100       0xd4 CMakeFiles/GenesisControllerPico.dir/home/pi/pico/pico-sdk/src/rp2_common/pico_standard_link/crt0.S.obj
                0x10000100                __vectors
                0x10000100                __VECTOR_TABLE
                0x100001c0                isr_invalid
                0x100001c0                __default_isrs_start
                0x100001c2                isr_nmi
                0x100001c4                isr_hardfault
                0x100001c6                isr_svcall
                0x100001c8                isr_pendsv
                0x100001ca                isr_systick
                0x100001cc                isr_irq30
                0x100001cc                __unhandled_user_irq
                0x100001cc                isr_irq13
                0x100001cc                isr_irq27
                0x100001cc                isr_irq31
                0x100001cc                isr_irq5
                0x100001cc                isr_irq11
                0x100001cc                isr_irq23
                0x100001cc                isr_irq18
                0x100001cc                isr_irq28
                0x100001cc                isr_irq19
                0x100001cc                isr_irq0
                0x100001cc                isr_irq6
                0x100001cc                isr_irq22
                0x100001cc                isr_irq17
                0x100001cc                isr_irq14
                0x100001cc                isr_irq2
                0x100001cc                isr_irq10
                0x100001cc                isr_irq8
                0x100001cc                isr_irq24
                0x100001cc                isr_irq1
                0x100001cc                isr_irq7
                0x100001cc                isr_irq21
                0x100001cc                isr_irq20
                0x100001cc                isr_irq15
                0x100001cc                isr_irq25
                0x100001cc                isr_irq4
                0x100001cc                isr_irq16
                0x100001cc                isr_irq29
                0x100001cc                isr_irq26
                0x100001cc                __default_isrs_end
                0x100001cc                isr_irq3
                0x100001cc                isr_irq12
                0x100001cc                isr_irq9
                0x100001d2                unhandled_user_irq_num_in_r0
 *(.binary_info_header)
 .binary_info_header
                0x100001d4       0x14 CMakeFiles/GenesisControllerPico.dir/home/pi/pico/pico-sdk/src/rp2_common/pico_standard_link/crt0.S.obj
                0x100001e8                __binary_info_header_end = .
 *(.reset)
 .reset         0x100001e8       0xa8 CMakeFiles/GenesisControllerPico.dir/home/pi/pico/pico-sdk/src/rp2_common/pico_standard_link/crt0.S.obj
                0x100001e8                _entry_point
                0x10000266                __get_current_exception
 .reset         0x10000290       0x30 CMakeFiles/GenesisControllerPico.dir/home/pi/pico/pico-sdk/src/rp2_common/pico_standard_link/binary_info.c.obj
 *(.init)
 .init          0x100002c0        0x4 /usr/lib/gcc/arm-none-eabi/7.3.1/thumb/v6-m/crti.o
                0x100002c0                _init
 *(EXCLUDE_FILE(*libm.a: *libc.a:*lib_a-mem*.o *libgcc.a:) .text*)
 .text          0x100002c4       0x98 /usr/lib/gcc/arm-none-eabi/7.3.1/thumb/v6-m/crtbegin.o
 .text._Z41__static_initialization_and_destruction_0ii
                0x1000035c       0xa4 CMakeFiles/GenesisControllerPico.dir/main.cpp.obj
 .text.main     0x10000400       0x48 CMakeFiles/GenesisControllerPico.dir/main.cpp.obj
                0x10000400                main
 .text._GLOBAL__sub_I_player1UsbDevice
                0x10000448       0x10 CMakeFiles/GenesisControllerPico.dir/main.cpp.obj
 .text._ZN10UsbGamepad15isButtonPressedEv
                0x10000458       0x3a CMakeFiles/GenesisControllerPico.dir/UsbGamepad.cpp.obj
                0x10000458                UsbGamepad::isButtonPressed()
 .text._ZN10UsbGamepad17updateAllReleasedEv
                0x10000492       0x2a CMakeFiles/GenesisControllerPico.dir/UsbGamepad.cpp.obj
                0x10000492                UsbGamepad::updateAllReleased()
 .text._ZN10UsbGamepad15updateConnectedEb
                0x100004bc        0x4 CMakeFiles/GenesisControllerPico.dir/UsbGamepad.cpp.obj
                0x100004bc                UsbGamepad::updateConnected(bool)
 .text._ZN10UsbGamepad11isConnectedEv
                0x100004c0        0x4 CMakeFiles/GenesisControllerPico.dir/UsbGamepad.cpp.obj
                0x100004c0                UsbGamepad::isConnected()
 .text._ZN10UsbGamepadD2Ev
                0x100004c4        0x2 CMakeFiles/GenesisControllerPico.dir/UsbGamepad.cpp.obj
                0x100004c4                UsbGamepad::~UsbGamepad()
                0x100004c4                UsbGamepad::~UsbGamepad()
 .text._ZN10UsbGamepadD0Ev
                0x100004c6        0xe CMakeFiles/GenesisControllerPico.dir/UsbGamepad.cpp.obj
                0x100004c6                UsbGamepad::~UsbGamepad()
 .text._ZN10UsbGamepadC2Eh
                0x100004d4       0x2c CMakeFiles/GenesisControllerPico.dir/UsbGamepad.cpp.obj
                0x100004d4                UsbGamepad::UsbGamepad(unsigned char)
                0x100004d4                UsbGamepad::UsbGamepad(unsigned char)
 .text._ZN10UsbGamepad15setAnalogThumbXEba
                0x10000500       0x22 CMakeFiles/GenesisControllerPico.dir/UsbGamepad.cpp.obj
                0x10000500                UsbGamepad::setAnalogThumbX(bool, signed char)
 .text._ZN10UsbGamepad15setAnalogThumbYEba
                0x10000522       0x22 CMakeFiles/GenesisControllerPico.dir/UsbGamepad.cpp.obj
                0x10000522                UsbGamepad::setAnalogThumbY(bool, signed char)
 .text._ZN10UsbGamepad16setAnalogTriggerEba
                0x10000544       0x22 CMakeFiles/GenesisControllerPico.dir/UsbGamepad.cpp.obj
                0x10000544                UsbGamepad::setAnalogTrigger(bool, signed char)
 .text._ZN10UsbGamepad15getAnalogThumbXEb
                0x10000566       0x10 CMakeFiles/GenesisControllerPico.dir/UsbGamepad.cpp.obj
                0x10000566                UsbGamepad::getAnalogThumbX(bool)
 .text._ZN10UsbGamepad15getAnalogThumbYEb
                0x10000576       0x10 CMakeFiles/GenesisControllerPico.dir/UsbGamepad.cpp.obj
                0x10000576                UsbGamepad::getAnalogThumbY(bool)
 .text._ZN10UsbGamepad16getAnalogTriggerEb
                0x10000586       0x10 CMakeFiles/GenesisControllerPico.dir/UsbGamepad.cpp.obj
                0x10000586                UsbGamepad::getAnalogTrigger(bool)
 .text._ZN10UsbGamepad13setDigitalPadENS_11DpadButtonsEb
                0x10000596       0x18 CMakeFiles/GenesisControllerPico.dir/UsbGamepad.cpp.obj
                0x10000596                UsbGamepad::setDigitalPad(UsbGamepad::DpadButtons, bool)
 .text._ZN10UsbGamepad13setButtonMaskEtb
                0x100005ae       0x26 CMakeFiles/GenesisControllerPico.dir/UsbGamepad.cpp.obj
                0x100005ae                UsbGamepad::setButtonMask(unsigned short, bool)
 .text._ZN10UsbGamepad9setButtonEhb
                0x100005d4       0x10 CMakeFiles/GenesisControllerPico.dir/UsbGamepad.cpp.obj
                0x100005d4                UsbGamepad::setButton(unsigned char, bool)
 .text._ZN10UsbGamepad11getHatValueEv
                0x100005e4       0x54 CMakeFiles/GenesisControllerPico.dir/UsbGamepad.cpp.obj
                0x100005e4                UsbGamepad::getHatValue()
 .text._ZN10UsbGamepad4sendEb
                0x10000638       0x80 CMakeFiles/GenesisControllerPico.dir/UsbGamepad.cpp.obj
                0x10000638                UsbGamepad::send(bool)
 .text._ZN10UsbGamepad9getReportEPht
                0x100006b8       0x58 CMakeFiles/GenesisControllerPico.dir/UsbGamepad.cpp.obj
                0x100006b8                UsbGamepad::getReport(unsigned char*, unsigned short)
 .text.tud_descriptor_device_cb
                0x10000710        0x8 CMakeFiles/GenesisControllerPico.dir/usb_descriptors.c.obj
                0x10000710                tud_descriptor_device_cb
 .text.tud_hid_descriptor_report_cb
                0x10000718        0x8 CMakeFiles/GenesisControllerPico.dir/usb_descriptors.c.obj
                0x10000718                tud_hid_descriptor_report_cb
 .text.tud_descriptor_configuration_cb
                0x10000720        0x8 CMakeFiles/GenesisControllerPico.dir/usb_descriptors.c.obj
                0x10000720                tud_descriptor_configuration_cb
 .text.tud_descriptor_string_cb
                0x10000728       0x64 CMakeFiles/GenesisControllerPico.dir/usb_descriptors.c.obj
                0x10000728                tud_descriptor_string_cb
 .text._Z15set_usb_devicesPP20IUsbControllerDeviceh
                0x1000078c       0x14 CMakeFiles/GenesisControllerPico.dir/usb_execution.cpp.obj
                0x1000078c                set_usb_devices(IUsbControllerDevice**, unsigned char)
 .text._Z8led_taskv
                0x100007a0       0xb8 CMakeFiles/GenesisControllerPico.dir/usb_execution.cpp.obj
                0x100007a0                led_task()
 .text._Z8usb_initv
                0x10000858        0x8 CMakeFiles/GenesisControllerPico.dir/usb_execution.cpp.obj
                0x10000858                usb_init()
 .text._Z8usb_taskv
                0x10000860        0xc CMakeFiles/GenesisControllerPico.dir/usb_execution.cpp.obj
                0x10000860                usb_task()
 .text.tud_mount_cb
                0x1000086c       0x30 CMakeFiles/GenesisControllerPico.dir/usb_execution.cpp.obj
                0x1000086c                tud_mount_cb
 .text.tud_umount_cb
                0x1000089c       0x30 CMakeFiles/GenesisControllerPico.dir/usb_execution.cpp.obj
                0x1000089c                tud_umount_cb
 .text.tud_suspend_cb
                0x100008cc       0x30 CMakeFiles/GenesisControllerPico.dir/usb_execution.cpp.obj
                0x100008cc                tud_suspend_cb
 .text.tud_resume_cb
                0x100008fc       0x30 CMakeFiles/GenesisControllerPico.dir/usb_execution.cpp.obj
                0x100008fc                tud_resume_cb
 .text.tud_hid_get_report_cb
                0x1000092c       0x34 CMakeFiles/GenesisControllerPico.dir/usb_execution.cpp.obj
                0x1000092c                tud_hid_get_report_cb
 .text.tud_hid_set_report_cb
                0x10000960       0x10 CMakeFiles/GenesisControllerPico.dir/usb_execution.cpp.obj
                0x10000960                tud_hid_set_report_cb
 .text._ZN17GenesisControllerC2EhhhhhhhhP26IGenesisControllerObserver
                0x10000970       0xb2 CMakeFiles/GenesisControllerPico.dir/GenesisController.cpp.obj
                0x10000970                GenesisController::GenesisController(unsigned char, unsigned char, unsigned char, unsigned char, unsigned char, unsigned char, unsigned char, unsigned char, IGenesisControllerObserver*)
                0x10000970                GenesisController::GenesisController(unsigned char, unsigned char, unsigned char, unsigned char, unsigned char, unsigned char, unsigned char, unsigned char, IGenesisControllerObserver*)
 .text._ZN17GenesisController13commitSignalsEv
                0x10000a22       0x10 CMakeFiles/GenesisControllerPico.dir/GenesisController.cpp.obj
                0x10000a22                GenesisController::commitSignals()
 .text._ZN17GenesisController19controllerConnectedEv
                0x10000a32       0x30 CMakeFiles/GenesisControllerPico.dir/GenesisController.cpp.obj
                0x10000a32                GenesisController::controllerConnected()
 .text._ZN17GenesisController22controllerDisconnectedEv
                0x10000a62       0x2e CMakeFiles/GenesisControllerPico.dir/GenesisController.cpp.obj
                0x10000a62                GenesisController::controllerDisconnected()
 .text._ZN17GenesisController15checkConnectionEv
                0x10000a90       0x28 CMakeFiles/GenesisControllerPico.dir/GenesisController.cpp.obj
                0x10000a90                GenesisController::checkConnection()
 .text._ZN17GenesisController9updateKeyEN26IGenesisControllerObserver3KeyEb
                0x10000ab8       0x26 CMakeFiles/GenesisControllerPico.dir/GenesisController.cpp.obj
                0x10000ab8                GenesisController::updateKey(IGenesisControllerObserver::Key, bool)
 .text._ZN17GenesisController8getInputEhNS_14InputPinSelectE
                0x10000ade       0x18 CMakeFiles/GenesisControllerPico.dir/GenesisController.cpp.obj
                0x10000ade                GenesisController::getInput(unsigned char, GenesisController::InputPinSelect)
 .text._ZN17GenesisController14processSignalsEv
                0x10000af6      0x164 CMakeFiles/GenesisControllerPico.dir/GenesisController.cpp.obj
                0x10000af6                GenesisController::processSignals()
 .text._ZN17GenesisController9setSelectEb
                0x10000c5a       0x1c CMakeFiles/GenesisControllerPico.dir/GenesisController.cpp.obj
                0x10000c5a                GenesisController::setSelect(bool)
 .text._ZN17GenesisController7pinInitEv
                0x10000c76       0x40 CMakeFiles/GenesisControllerPico.dir/GenesisController.cpp.obj
                0x10000c76                GenesisController::pinInit()
 .text._ZN17GenesisController10nextSignalEhm
                0x10000cb6       0x3c CMakeFiles/GenesisControllerPico.dir/GenesisController.cpp.obj
                0x10000cb6                GenesisController::nextSignal(unsigned char, unsigned long)
 *fill*         0x10000cf2        0x2 
 .text._Z10init_timerP17GenesisControllerm
                0x10000cf4       0x14 CMakeFiles/GenesisControllerPico.dir/timers.cpp.obj
                0x10000cf4                init_timer(GenesisController*, unsigned long)
 .text._Z13timer_processv
                0x10000d08       0xc8 CMakeFiles/GenesisControllerPico.dir/timers.cpp.obj
                0x10000d08                timer_process()
 .text._ZN35UsbGamepadGenesisControllerObserver15keyStateChangedEhN26IGenesisControllerObserver3KeyEb
                0x10000dd0      0x248 CMakeFiles/GenesisControllerPico.dir/UsbGamepadGenesisControllerObserver.cpp.obj
                0x10000dd0                UsbGamepadGenesisControllerObserver::keyStateChanged(unsigned char, IGenesisControllerObserver::Key, bool)
 .text._ZN35UsbGamepadGenesisControllerObserverC2ER10UsbGamepadPKNS_9ButtonMapE
                0x10001018       0x10 CMakeFiles/GenesisControllerPico.dir/UsbGamepadGenesisControllerObserver.cpp.obj
                0x10001018                UsbGamepadGenesisControllerObserver::UsbGamepadGenesisControllerObserver(UsbGamepad&, UsbGamepadGenesisControllerObserver::ButtonMap const*)
                0x10001018                UsbGamepadGenesisControllerObserver::UsbGamepadGenesisControllerObserver(UsbGamepad&, UsbGamepadGenesisControllerObserver::ButtonMap const*)
 .text._ZN35UsbGamepadGenesisControllerObserver14releaseAllKeysEv
                0x10001028        0xa CMakeFiles/GenesisControllerPico.dir/UsbGamepadGenesisControllerObserver.cpp.obj
                0x10001028                UsbGamepadGenesisControllerObserver::releaseAllKeys()
 .text._ZN35UsbGamepadGenesisControllerObserver19controllerConnectedEh
                0x10001032        0x8 CMakeFiles/GenesisControllerPico.dir/UsbGamepadGenesisControllerObserver.cpp.obj
                0x10001032                UsbGamepadGenesisControllerObserver::controllerConnected(unsigned char)
 .text._ZN35UsbGamepadGenesisControllerObserver22controllerDisconnectedEh
                0x1000103a        0x8 CMakeFiles/GenesisControllerPico.dir/UsbGamepadGenesisControllerObserver.cpp.obj
                0x1000103a                UsbGamepadGenesisControllerObserver::controllerDisconnected(unsigned char)
 .text._ZN35UsbGamepadGenesisControllerObserver4sendEv
                0x10001042        0xc CMakeFiles/GenesisControllerPico.dir/UsbGamepadGenesisControllerObserver.cpp.obj
                0x10001042                UsbGamepadGenesisControllerObserver::send()
 *fill*         0x1000104e        0x2 
 .text.gpio_set_function
                0x10001050       0x30 CMakeFiles/GenesisControllerPico.dir/home/pi/pico/pico-sdk/src/rp2_common/hardware_gpio/gpio.c.obj
                0x10001050                gpio_set_function
 .text.gpio_set_pulls
                0x10001080       0x34 CMakeFiles/GenesisControllerPico.dir/home/pi/pico/pico-sdk/src/rp2_common/hardware_gpio/gpio.c.obj
                0x10001080                gpio_set_pulls
 .text.gpio_init
                0x100010b4       0x16 CMakeFiles/GenesisControllerPico.dir/home/pi/pico/pico-sdk/src/rp2_common/hardware_gpio/gpio.c.obj
                0x100010b4                gpio_init
 .text.gpio_init_mask
                0x100010ca       0x1e CMakeFiles/GenesisControllerPico.dir/home/pi/pico/pico-sdk/src/rp2_common/hardware_gpio/gpio.c.obj
                0x100010ca                gpio_init_mask
 .text.hw_claim_lock
                0x100010e8       0x18 CMakeFiles/GenesisControllerPico.dir/home/pi/pico/pico-sdk/src/rp2_common/hardware_claim/claim.c.obj
                0x100010e8                hw_claim_lock
 .text.hw_claim_unlock
                0x10001100       0x14 CMakeFiles/GenesisControllerPico.dir/home/pi/pico/pico-sdk/src/rp2_common/hardware_claim/claim.c.obj
                0x10001100                hw_claim_unlock
 .text.hw_claim_or_assert
                0x10001114       0x32 CMakeFiles/GenesisControllerPico.dir/home/pi/pico/pico-sdk/src/rp2_common/hardware_claim/claim.c.obj
                0x10001114                hw_claim_or_assert
 .text.hw_claim_unused_from_range
                0x10001146       0x50 CMakeFiles/GenesisControllerPico.dir/home/pi/pico/pico-sdk/src/rp2_common/hardware_claim/claim.c.obj
                0x10001146                hw_claim_unused_from_range
 *fill*         0x10001196        0x2 
 .text.running_on_fpga
                0x10001198       0x14 CMakeFiles/GenesisControllerPico.dir/home/pi/pico/pico-sdk/src/rp2_common/pico_platform/platform.c.obj
                0x10001198                running_on_fpga
 .text.spin_locks_reset
                0x100011ac       0x20 CMakeFiles/GenesisControllerPico.dir/home/pi/pico/pico-sdk/src/rp2_common/hardware_sync/sync.c.obj
                0x100011ac                spin_locks_reset
 .text.next_striped_spin_lock_num
                0x100011cc       0x1c CMakeFiles/GenesisControllerPico.dir/home/pi/pico/pico-sdk/src/rp2_common/hardware_sync/sync.c.obj
                0x100011cc                next_striped_spin_lock_num
 .text.spin_lock_claim_unused
                0x100011e8       0x20 CMakeFiles/GenesisControllerPico.dir/home/pi/pico/pico-sdk/src/rp2_common/hardware_sync/sync.c.obj
                0x100011e8                spin_lock_claim_unused
 .text.uart_set_baudrate
                0x10001208       0x5c CMakeFiles/GenesisControllerPico.dir/home/pi/pico/pico-sdk/src/rp2_common/hardware_uart/uart.c.obj
                0x10001208                uart_set_baudrate
 .text.uart_set_translate_crlf
                0x10001264       0x28 CMakeFiles/GenesisControllerPico.dir/home/pi/pico/pico-sdk/src/rp2_common/hardware_uart/uart.c.obj
                0x10001264                uart_set_translate_crlf
 .text.uart_init
                0x1000128c       0x84 CMakeFiles/GenesisControllerPico.dir/home/pi/pico/pico-sdk/src/rp2_common/hardware_uart/uart.c.obj
                0x1000128c                uart_init
 .text.alarm_pool_post_alloc_init
                0x10001310       0x40 CMakeFiles/GenesisControllerPico.dir/home/pi/pico/pico-sdk/src/common/pico_time/time.c.obj
 .text.sleep_until_callback
                0x10001350       0x30 CMakeFiles/GenesisControllerPico.dir/home/pi/pico/pico-sdk/src/common/pico_time/time.c.obj
 .text.timer_pool_entry_comparator
                0x10001380       0x7c CMakeFiles/GenesisControllerPico.dir/home/pi/pico/pico-sdk/src/common/pico_time/time.c.obj
                0x10001380                timer_pool_entry_comparator
 .text.ph_add_child_node
                0x100013fc       0xa4 CMakeFiles/GenesisControllerPico.dir/home/pi/pico/pico-sdk/src/common/pico_time/time.c.obj
 .text.ph_merge_nodes
                0x100014a0       0x3a CMakeFiles/GenesisControllerPico.dir/home/pi/pico/pico-sdk/src/common/pico_time/time.c.obj
 *fill*         0x100014da        0x2 
 .text.add_alarm_under_lock
                0x100014dc      0x180 CMakeFiles/GenesisControllerPico.dir/home/pi/pico/pico-sdk/src/common/pico_time/time.c.obj
 .text.alarm_pool_alarm_callback
                0x1000165c      0x344 CMakeFiles/GenesisControllerPico.dir/home/pi/pico/pico-sdk/src/common/pico_time/time.c.obj
 .text.alarm_pool_init_default
                0x100019a0       0x38 CMakeFiles/GenesisControllerPico.dir/home/pi/pico/pico-sdk/src/common/pico_time/time.c.obj
                0x100019a0                alarm_pool_init_default
 .text.alarm_pool_get_default
                0x100019d8       0x2c CMakeFiles/GenesisControllerPico.dir/home/pi/pico/pico-sdk/src/common/pico_time/time.c.obj
                0x100019d8                alarm_pool_get_default
 .text.alarm_pool_add_alarm_at
                0x10001a04      0x168 CMakeFiles/GenesisControllerPico.dir/home/pi/pico/pico-sdk/src/common/pico_time/time.c.obj
                0x10001a04                alarm_pool_add_alarm_at
 .text.alarm_pool_cancel_alarm
                0x10001b6c       0xec CMakeFiles/GenesisControllerPico.dir/home/pi/pico/pico-sdk/src/common/pico_time/time.c.obj
                0x10001b6c                alarm_pool_cancel_alarm
 .text.best_effort_wfe_or_timeout
                0x10001c58       0x80 CMakeFiles/GenesisControllerPico.dir/home/pi/pico/pico-sdk/src/common/pico_time/time.c.obj
                0x10001c58                best_effort_wfe_or_timeout
 .text.hardware_alarm_irq_handler
                0x10001cd8       0x8c CMakeFiles/GenesisControllerPico.dir/home/pi/pico/pico-sdk/src/rp2_common/hardware_timer/timer.c.obj
 .text.hardware_alarm_claim
                0x10001d64       0x18 CMakeFiles/GenesisControllerPico.dir/home/pi/pico/pico-sdk/src/rp2_common/hardware_timer/timer.c.obj
                0x10001d64                hardware_alarm_claim
 .text.time_us_64
                0x10001d7c       0x18 CMakeFiles/GenesisControllerPico.dir/home/pi/pico/pico-sdk/src/rp2_common/hardware_timer/timer.c.obj
                0x10001d7c                time_us_64
 .text.busy_wait_until
                0x10001d94       0x28 CMakeFiles/GenesisControllerPico.dir/home/pi/pico/pico-sdk/src/rp2_common/hardware_timer/timer.c.obj
                0x10001d94                busy_wait_until
 .text.hardware_alarm_set_callback
                0x10001dbc       0x90 CMakeFiles/GenesisControllerPico.dir/home/pi/pico/pico-sdk/src/rp2_common/hardware_timer/timer.c.obj
                0x10001dbc                hardware_alarm_set_callback
 .text.hardware_alarm_set_target
                0x10001e4c       0xe8 CMakeFiles/GenesisControllerPico.dir/home/pi/pico/pico-sdk/src/rp2_common/hardware_timer/timer.c.obj
                0x10001e4c                hardware_alarm_set_target
 .text.hardware_alarm_cancel
                0x10001f34       0x40 CMakeFiles/GenesisControllerPico.dir/home/pi/pico/pico-sdk/src/rp2_common/hardware_timer/timer.c.obj
                0x10001f34                hardware_alarm_cancel
 .text.lock_init
                0x10001f74       0x10 CMakeFiles/GenesisControllerPico.dir/home/pi/pico/pico-sdk/src/common/pico_sync/lock_core.c.obj
                0x10001f74                lock_init
 .text.mutex_init_internal
                0x10001f84       0x1e CMakeFiles/GenesisControllerPico.dir/home/pi/pico/pico-sdk/src/common/pico_sync/mutex.c.obj
 .text.mutex_init
                0x10001fa2        0xa CMakeFiles/GenesisControllerPico.dir/home/pi/pico/pico-sdk/src/common/pico_sync/mutex.c.obj
                0x10001fa2                mutex_init
 .text.recursive_mutex_init
                0x10001fac        0xa CMakeFiles/GenesisControllerPico.dir/home/pi/pico/pico-sdk/src/common/pico_sync/mutex.c.obj
                0x10001fac                recursive_mutex_init
 *fill*         0x10001fb6        0x2 
 .text.critical_section_init_with_lock_num
                0x10001fb8       0x14 CMakeFiles/GenesisControllerPico.dir/home/pi/pico/pico-sdk/src/common/pico_sync/critical_section.c.obj
                0x10001fb8                critical_section_init_with_lock_num
 .text.critical_section_init
                0x10001fcc       0x14 CMakeFiles/GenesisControllerPico.dir/home/pi/pico/pico-sdk/src/common/pico_sync/critical_section.c.obj
                0x10001fcc                critical_section_init
 .text.ph_add_child_node
                0x10001fe0       0xa4 CMakeFiles/GenesisControllerPico.dir/home/pi/pico/pico-sdk/src/common/pico_util/pheap.c.obj
 .text.ph_merge_nodes
                0x10002084       0x3a CMakeFiles/GenesisControllerPico.dir/home/pi/pico/pico-sdk/src/common/pico_util/pheap.c.obj
 *fill*         0x100020be        0x2 
 .text.ph_clear
                0x100020c0       0x70 CMakeFiles/GenesisControllerPico.dir/home/pi/pico/pico-sdk/src/common/pico_util/pheap.c.obj
                0x100020c0                ph_clear
 .text.ph_post_alloc_init
                0x10002130        0xe CMakeFiles/GenesisControllerPico.dir/home/pi/pico/pico-sdk/src/common/pico_util/pheap.c.obj
                0x10002130                ph_post_alloc_init
 *fill*         0x1000213e        0x2 
 .text.ph_merge_two_pass
                0x10002140       0xac CMakeFiles/GenesisControllerPico.dir/home/pi/pico/pico-sdk/src/common/pico_util/pheap.c.obj
                0x10002140                ph_merge_two_pass
 .text.ph_remove_any_head
                0x100021ec      0x108 CMakeFiles/GenesisControllerPico.dir/home/pi/pico/pico-sdk/src/common/pico_util/pheap.c.obj
 .text.ph_remove_head
                0x100022f4       0x14 CMakeFiles/GenesisControllerPico.dir/home/pi/pico/pico-sdk/src/common/pico_util/pheap.c.obj
                0x100022f4                ph_remove_head
 .text.ph_remove_and_free_node
                0x10002308       0xf8 CMakeFiles/GenesisControllerPico.dir/home/pi/pico/pico-sdk/src/common/pico_util/pheap.c.obj
                0x10002308                ph_remove_and_free_node
 .text.runtime_init
                0x10002400       0xd8 CMakeFiles/GenesisControllerPico.dir/home/pi/pico/pico-sdk/src/rp2_common/pico_runtime/runtime.c.obj
                0x10002400                runtime_init
 .text._exit    0x100024d8        0x4 CMakeFiles/GenesisControllerPico.dir/home/pi/pico/pico-sdk/src/rp2_common/pico_runtime/runtime.c.obj
                0x100024d8                _exit
 .text._sbrk    0x100024dc       0x38 CMakeFiles/GenesisControllerPico.dir/home/pi/pico/pico-sdk/src/rp2_common/pico_runtime/runtime.c.obj
                0x100024dc                _sbrk
 .text.exit     0x10002514        0x6 CMakeFiles/GenesisControllerPico.dir/home/pi/pico/pico-sdk/src/rp2_common/pico_runtime/runtime.c.obj
                0x10002514                exit
 *fill*         0x1000251a        0x2 
 .text.__assert_func
                0x1000251c       0x3c CMakeFiles/GenesisControllerPico.dir/home/pi/pico/pico-sdk/src/rp2_common/pico_runtime/runtime.c.obj
                0x1000251c                __assert_func
 .text.panic    0x10002558       0x30 CMakeFiles/GenesisControllerPico.dir/home/pi/pico/pico-sdk/src/rp2_common/pico_runtime/runtime.c.obj
                0x10002558                panic
 .text.clock_configure
                0x10002588       0xfc CMakeFiles/GenesisControllerPico.dir/home/pi/pico/pico-sdk/src/rp2_common/hardware_clocks/clocks.c.obj
                0x10002588                clock_configure
 .text.clocks_init
                0x10002684      0x100 CMakeFiles/GenesisControllerPico.dir/home/pi/pico/pico-sdk/src/rp2_common/hardware_clocks/clocks.c.obj
                0x10002684                clocks_init
 .text.clock_get_hz
                0x10002784        0xc CMakeFiles/GenesisControllerPico.dir/home/pi/pico/pico-sdk/src/rp2_common/hardware_clocks/clocks.c.obj
                0x10002784                clock_get_hz
 .text.set_raw_irq_handler_and_unlock
                0x10002790       0x28 CMakeFiles/GenesisControllerPico.dir/home/pi/pico/pico-sdk/src/rp2_common/hardware_irq/irq.c.obj
 .text.make_branch
                0x100027b8       0x34 CMakeFiles/GenesisControllerPico.dir/home/pi/pico/pico-sdk/src/rp2_common/hardware_irq/irq.c.obj
 .text.insert_branch_and_link
                0x100027ec       0x40 CMakeFiles/GenesisControllerPico.dir/home/pi/pico/pico-sdk/src/rp2_common/hardware_irq/irq.c.obj
 .text.irq_is_enabled
                0x1000282c       0x18 CMakeFiles/GenesisControllerPico.dir/home/pi/pico/pico-sdk/src/rp2_common/hardware_irq/irq.c.obj
                0x1000282c                irq_is_enabled
 .text.irq_set_mask_enabled
                0x10002844       0x20 CMakeFiles/GenesisControllerPico.dir/home/pi/pico/pico-sdk/src/rp2_common/hardware_irq/irq.c.obj
                0x10002844                irq_set_mask_enabled
 .text.irq_set_enabled
                0x10002864        0xe CMakeFiles/GenesisControllerPico.dir/home/pi/pico/pico-sdk/src/rp2_common/hardware_irq/irq.c.obj
                0x10002864                irq_set_enabled
 *fill*         0x10002872        0x2 
 .text.irq_get_vtable_handler
                0x10002874       0x10 CMakeFiles/GenesisControllerPico.dir/home/pi/pico/pico-sdk/src/rp2_common/hardware_irq/irq.c.obj
                0x10002874                irq_get_vtable_handler
 .text.irq_set_exclusive_handler
                0x10002884       0x54 CMakeFiles/GenesisControllerPico.dir/home/pi/pico/pico-sdk/src/rp2_common/hardware_irq/irq.c.obj
                0x10002884                irq_set_exclusive_handler
 .text.irq_remove_handler
                0x100028d8      0x1b4 CMakeFiles/GenesisControllerPico.dir/home/pi/pico/pico-sdk/src/rp2_common/hardware_irq/irq.c.obj
                0x100028d8                irq_remove_handler
 .text.irq_set_priority
                0x10002a8c       0x28 CMakeFiles/GenesisControllerPico.dir/home/pi/pico/pico-sdk/src/rp2_common/hardware_irq/irq.c.obj
                0x10002a8c                irq_set_priority
 .text.irq_add_tail_to_free_list
                0x10002ab4       0xf0 CMakeFiles/GenesisControllerPico.dir/home/pi/pico/pico-sdk/src/rp2_common/hardware_irq/irq.c.obj
                0x10002ab4                irq_add_tail_to_free_list
 .text.irq_init_priorities
                0x10002ba4       0x16 CMakeFiles/GenesisControllerPico.dir/home/pi/pico/pico-sdk/src/rp2_common/hardware_irq/irq.c.obj
                0x10002ba4                irq_init_priorities
 *fill*         0x10002bba        0x2 
 .text.pll_init
                0x10002bbc      0x118 CMakeFiles/GenesisControllerPico.dir/home/pi/pico/pico-sdk/src/rp2_common/hardware_pll/pll.c.obj
                0x10002bbc                pll_init
 .text.watchdog_start_tick
                0x10002cd4       0x10 CMakeFiles/GenesisControllerPico.dir/home/pi/pico/pico-sdk/src/rp2_common/hardware_watchdog/watchdog.c.obj
                0x10002cd4                watchdog_start_tick
 .text.xosc_init
                0x10002ce4       0x28 CMakeFiles/GenesisControllerPico.dir/home/pi/pico/pico-sdk/src/rp2_common/hardware_xosc/xosc.c.obj
                0x10002ce4                xosc_init
 .text._out_null
                0x10002d0c        0x2 CMakeFiles/GenesisControllerPico.dir/home/pi/pico/pico-sdk/src/rp2_common/pico_printf/printf.c.obj
 .text._out_fct
                0x10002d0e        0xe CMakeFiles/GenesisControllerPico.dir/home/pi/pico/pico-sdk/src/rp2_common/pico_printf/printf.c.obj
 .text._atoi    0x10002d1c       0x24 CMakeFiles/GenesisControllerPico.dir/home/pi/pico/pico-sdk/src/rp2_common/pico_printf/printf.c.obj
 .text._out_rev
                0x10002d40       0x8c CMakeFiles/GenesisControllerPico.dir/home/pi/pico/pico-sdk/src/rp2_common/pico_printf/printf.c.obj
 .text._ntoa_format
                0x10002dcc      0x112 CMakeFiles/GenesisControllerPico.dir/home/pi/pico/pico-sdk/src/rp2_common/pico_printf/printf.c.obj
 .text._ntoa_long
                0x10002ede       0x9e CMakeFiles/GenesisControllerPico.dir/home/pi/pico/pico-sdk/src/rp2_common/pico_printf/printf.c.obj
 .text._ntoa_long_long
                0x10002f7c       0xe2 CMakeFiles/GenesisControllerPico.dir/home/pi/pico/pico-sdk/src/rp2_common/pico_printf/printf.c.obj
 *fill*         0x1000305e        0x2 
 .text._etoa    0x10003060      0x424 CMakeFiles/GenesisControllerPico.dir/home/pi/pico/pico-sdk/src/rp2_common/pico_printf/printf.c.obj
 .text._ftoa    0x10003484      0x340 CMakeFiles/GenesisControllerPico.dir/home/pi/pico/pico-sdk/src/rp2_common/pico_printf/printf.c.obj
 .text._vsnprintf
                0x100037c4      0x640 CMakeFiles/GenesisControllerPico.dir/home/pi/pico/pico-sdk/src/rp2_common/pico_printf/printf.c.obj
 .text.vfctprintf
                0x10003e04       0x20 CMakeFiles/GenesisControllerPico.dir/home/pi/pico/pico-sdk/src/rp2_common/pico_printf/printf.c.obj
                0x10003e04                vfctprintf
 .text          0x10003e24       0x10 CMakeFiles/GenesisControllerPico.dir/home/pi/pico/pico-sdk/src/rp2_common/pico_bit_ops/bit_ops_aeabi.S.obj
 .text.rom_func_lookup
                0x10003e34       0x10 CMakeFiles/GenesisControllerPico.dir/home/pi/pico/pico-sdk/src/rp2_common/pico_bootrom/bootrom.c.obj
                0x10003e34                rom_func_lookup
 .text.rom_data_lookup
                0x10003e44       0x10 CMakeFiles/GenesisControllerPico.dir/home/pi/pico/pico-sdk/src/rp2_common/pico_bootrom/bootrom.c.obj
                0x10003e44                rom_data_lookup
 .text.rom_funcs_lookup
                0x10003e54       0x36 CMakeFiles/GenesisControllerPico.dir/home/pi/pico/pico-sdk/src/rp2_common/pico_bootrom/bootrom.c.obj
                0x10003e54                rom_funcs_lookup
 *fill*         0x10003e8a        0x2 
 .text.__wrap___aeabi_idiv
                0x10003e8c       0x50 CMakeFiles/GenesisControllerPico.dir/home/pi/pico/pico-sdk/src/rp2_common/pico_divider/divider.S.obj
                0x10003e8c                __wrap___aeabi_idivmod
                0x10003e8c                divmod_s32s32
                0x10003e8c                div_s32s32
                0x10003e8c                __wrap___aeabi_idiv
                0x10003e94                divmod_s32s32_unsafe
                0x10003ec0                divmod_s32s32_savestate
 .text.__wrap___aeabi_uidiv
                0x10003edc       0x4c CMakeFiles/GenesisControllerPico.dir/home/pi/pico/pico-sdk/src/rp2_common/pico_divider/divider.S.obj
                0x10003edc                __wrap___aeabi_uidiv
                0x10003edc                __wrap___aeabi_uidivmod
                0x10003edc                div_u32u32
                0x10003edc                divmod_u32u32
                0x10003ee4                divmod_u32u32_unsafe
                0x10003f0c                divmod_u32u32_savestate
 .text.__wrap___aeabi_ldiv
                0x10003f28      0x430 CMakeFiles/GenesisControllerPico.dir/home/pi/pico/pico-sdk/src/rp2_common/pico_divider/divider.S.obj
                0x10003f28                div_s64s64
                0x10003f28                divmod_s64s64
                0x10003f28                __wrap___aeabi_ldivmod
                0x10003f60                div_u64u64
                0x10003f60                divmod_u64u64
                0x10003f60                __wrap___aeabi_uldivmod
                0x10003f70                divmod_u64u64_savestate
                0x10003f98                divmod_s64s64_unsafe
                0x10004020                divmod_u64u64_unsafe
 .text.__wrap___aeabi_darithmetic
                0x10004358       0x80 CMakeFiles/GenesisControllerPico.dir/home/pi/pico/pico-sdk/src/rp2_common/pico_double/double_aeabi.S.obj
                0x10004358                __wrap___aeabi_drsub
                0x1000435e                __wrap___aeabi_dsub
                0x10004370                __wrap___aeabi_dadd
                0x10004382                __wrap___aeabi_ddiv
                0x100043be                __wrap___aeabi_dmul
 .text.__wrap___aeabi_cdcmple
                0x100043d8       0x6c CMakeFiles/GenesisControllerPico.dir/home/pi/pico/pico-sdk/src/rp2_common/pico_double/double_aeabi.S.obj
                0x100043d8                __wrap___aeabi_cdrcmple
                0x100043e8                __wrap___aeabi_cdcmple
                0x100043e8                __wrap___aeabi_cdcmpeq
 .text.__wrap___aeabi_dcmplt
                0x10004444        0xc CMakeFiles/GenesisControllerPico.dir/home/pi/pico/pico-sdk/src/rp2_common/pico_double/double_aeabi.S.obj
                0x10004444                __wrap___aeabi_dcmplt
 .text.__wrap___aeabi_dcmple
                0x10004450       0x10 CMakeFiles/GenesisControllerPico.dir/home/pi/pico/pico-sdk/src/rp2_common/pico_double/double_aeabi.S.obj
                0x10004450                __wrap___aeabi_dcmple
 .text.__wrap___aeabi_dcmpge
                0x10004460       0x10 CMakeFiles/GenesisControllerPico.dir/home/pi/pico/pico-sdk/src/rp2_common/pico_double/double_aeabi.S.obj
                0x10004460                __wrap___aeabi_dcmpge
 .text.__wrap___aeabi_dcmpgt
                0x10004470        0xa CMakeFiles/GenesisControllerPico.dir/home/pi/pico/pico-sdk/src/rp2_common/pico_double/double_aeabi.S.obj
                0x10004470                __wrap___aeabi_dcmpgt
 .text.__wrap___aeabi_dcmpun
                0x1000447a       0x1c CMakeFiles/GenesisControllerPico.dir/home/pi/pico/pico-sdk/src/rp2_common/pico_double/double_aeabi.S.obj
                0x1000447a                __wrap___aeabi_dcmpun
 *fill*         0x10004496        0x2 
 .text.__wrap___aeabi_i2d
                0x10004498       0x38 CMakeFiles/GenesisControllerPico.dir/home/pi/pico/pico-sdk/src/rp2_common/pico_double/double_aeabi.S.obj
                0x10004498                __wrap___aeabi_ui2d
                0x100044a0                __wrap___aeabi_i2d
 .text.__wrap___aeabi_d2iz
                0x100044d0       0x48 CMakeFiles/GenesisControllerPico.dir/home/pi/pico/pico-sdk/src/rp2_common/pico_double/double_aeabi.S.obj
                0x100044d0                __wrap___aeabi_d2iz
                0x100044d0                double2int_z
 .text.__wrap___aeabi_d2uiz
                0x10004518       0x18 CMakeFiles/GenesisControllerPico.dir/home/pi/pico/pico-sdk/src/rp2_common/pico_double/double_aeabi.S.obj
                0x10004518                double2uint
                0x10004518                __wrap___aeabi_d2uiz
 .text.__aeabi_double_init
                0x10004530       0xb8 CMakeFiles/GenesisControllerPico.dir/home/pi/pico/pico-sdk/src/rp2_common/pico_double/double_init_rom.c.obj
                0x10004530                __aeabi_double_init
 .text.double_table_shim_on_use_helper
                0x100045e8       0x34 CMakeFiles/GenesisControllerPico.dir/home/pi/pico/pico-sdk/src/rp2_common/pico_double/double_v1_rom_shim.S.obj
                0x100045e8                double_table_shim_on_use_helper
 .text.__wrap___aeabi_dsub
                0x1000461c       0x10 CMakeFiles/GenesisControllerPico.dir/home/pi/pico/pico-sdk/src/rp2_common/pico_double/double_v1_rom_shim.S.obj
                0x1000461c                drsub_shim
                0x10004622                dsub_shim
 .text.dadd_shim
                0x1000462c      0x15c CMakeFiles/GenesisControllerPico.dir/home/pi/pico/pico-sdk/src/rp2_common/pico_double/double_v1_rom_shim.S.obj
                0x1000462c                dadd_shim
 .text.dmul_shim
                0x10004788      0x15c CMakeFiles/GenesisControllerPico.dir/home/pi/pico/pico-sdk/src/rp2_common/pico_double/double_v1_rom_shim.S.obj
                0x10004788                dmul_shim
 .text.ddiv_shim
                0x100048e4      0x1b0 CMakeFiles/GenesisControllerPico.dir/home/pi/pico/pico-sdk/src/rp2_common/pico_double/double_v1_rom_shim.S.obj
                0x100048e4                ddiv_shim
 .text.dcordic_rot_step
                0x10004a94       0x7c CMakeFiles/GenesisControllerPico.dir/home/pi/pico/pico-sdk/src/rp2_common/pico_double/double_v1_rom_shim.S.obj
                0x10004a94                dcordic_rot_step
 .text.double2uint_shim
                0x10004b10        0xe CMakeFiles/GenesisControllerPico.dir/home/pi/pico/pico-sdk/src/rp2_common/pico_double/double_v1_rom_shim.S.obj
                0x10004b10                double2uint_shim
                0x10004b12                double2ufix_shim
 *fill*         0x10004b1e        0x2 
 .text.double2uint64_shim
                0x10004b20       0x6c CMakeFiles/GenesisControllerPico.dir/home/pi/pico/pico-sdk/src/rp2_common/pico_double/double_v1_rom_shim.S.obj
                0x10004b20                double2uint64_shim
                0x10004b22                double2ufix64_shim
                0x10004b3c                d2fix_a
 .text.dunpacks
                0x10004b8c       0x3c CMakeFiles/GenesisControllerPico.dir/home/pi/pico/pico-sdk/src/rp2_common/pico_double/double_v1_rom_shim.S.obj
                0x10004b8c                dunpacks
 .text.__aeabi_lmul
                0x10004bc8       0x32 CMakeFiles/GenesisControllerPico.dir/home/pi/pico/pico-sdk/src/rp2_common/pico_int64_ops/pico_int64_ops_aeabi.S.obj
                0x10004bc8                __wrap___aeabi_lmul
 *fill*         0x10004bfa        0x2 
 .text.__aeabi_float_init
                0x10004bfc       0xfc CMakeFiles/GenesisControllerPico.dir/home/pi/pico/pico-sdk/src/rp2_common/pico_float/float_init_rom.c.obj
                0x10004bfc                __aeabi_float_init
 .text.float_table_shim_on_use_helper
                0x10004cf8       0x34 CMakeFiles/GenesisControllerPico.dir/home/pi/pico/pico-sdk/src/rp2_common/pico_float/float_v1_rom_shim.S.obj
                0x10004cf8                float_table_shim_on_use_helper
 .text.__wrap_free
                0x10004d2c       0x20 CMakeFiles/GenesisControllerPico.dir/home/pi/pico/pico-sdk/src/rp2_common/pico_malloc/pico_malloc.c.obj
                0x10004d2c                __wrap_free
 .text          0x10004d4c       0x10 CMakeFiles/GenesisControllerPico.dir/home/pi/pico/pico-sdk/src/rp2_common/pico_mem_ops/mem_ops_aeabi.S.obj
                0x10004d4c                __aeabi_mem_init
 .text.memset   0x10004d5c        0xc CMakeFiles/GenesisControllerPico.dir/home/pi/pico/pico-sdk/src/rp2_common/pico_mem_ops/mem_ops_aeabi.S.obj
                0x10004d5c                __wrap_memset
 .text.memcpy   0x10004d68        0xc CMakeFiles/GenesisControllerPico.dir/home/pi/pico/pico-sdk/src/rp2_common/pico_mem_ops/mem_ops_aeabi.S.obj
                0x10004d68                __wrap___aeabi_memcpy
                0x10004d68                __wrap_memcpy
 .text._ZdlPvj  0x10004d74        0x8 CMakeFiles/GenesisControllerPico.dir/home/pi/pico/pico-sdk/src/rp2_common/pico_standard_link/new_delete.cpp.obj
                0x10004d74                operator delete(void*, unsigned int)
 .text.stdio_out_chars_crlf
                0x10004d7c       0x80 CMakeFiles/GenesisControllerPico.dir/home/pi/pico/pico-sdk/src/rp2_common/pico_stdio/stdio.c.obj
 .text.stdio_stack_buffer_flush
                0x10004dfc       0x44 CMakeFiles/GenesisControllerPico.dir/home/pi/pico/pico-sdk/src/rp2_common/pico_stdio/stdio.c.obj
 .text.stdio_buffered_printer
                0x10004e40       0x20 CMakeFiles/GenesisControllerPico.dir/home/pi/pico/pico-sdk/src/rp2_common/pico_stdio/stdio.c.obj
 .text.stdout_serialize_begin
                0x10004e60       0x30 CMakeFiles/GenesisControllerPico.dir/home/pi/pico/pico-sdk/src/rp2_common/pico_stdio/stdio.c.obj
                0x10004e60                stdout_serialize_begin
 .text.stdout_serialize_end
                0x10004e90       0x10 CMakeFiles/GenesisControllerPico.dir/home/pi/pico/pico-sdk/src/rp2_common/pico_stdio/stdio.c.obj
                0x10004e90                stdout_serialize_end
 .text.stdio_put_string
                0x10004ea0       0x78 CMakeFiles/GenesisControllerPico.dir/home/pi/pico/pico-sdk/src/rp2_common/pico_stdio/stdio.c.obj
 .text.stdio_set_driver_enabled
                0x10004f18       0x38 CMakeFiles/GenesisControllerPico.dir/home/pi/pico/pico-sdk/src/rp2_common/pico_stdio/stdio.c.obj
                0x10004f18                stdio_set_driver_enabled
 .text.stdio_flush
                0x10004f50       0x20 CMakeFiles/GenesisControllerPico.dir/home/pi/pico/pico-sdk/src/rp2_common/pico_stdio/stdio.c.obj
                0x10004f50                stdio_flush
 .text.__wrap_puts
                0x10004f70       0x1c CMakeFiles/GenesisControllerPico.dir/home/pi/pico/pico-sdk/src/rp2_common/pico_stdio/stdio.c.obj
                0x10004f70                __wrap_puts
 .text.__wrap_vprintf
                0x10004f8c       0x44 CMakeFiles/GenesisControllerPico.dir/home/pi/pico/pico-sdk/src/rp2_common/pico_stdio/stdio.c.obj
                0x10004f8c                __wrap_vprintf
 .text.__wrap_printf
                0x10004fd0       0x18 CMakeFiles/GenesisControllerPico.dir/home/pi/pico/pico-sdk/src/rp2_common/pico_stdio/stdio.c.obj
                0x10004fd0                __wrap_printf
 .text.stdio_uart_out_chars
                0x10004fe8       0x70 CMakeFiles/GenesisControllerPico.dir/home/pi/pico/pico-sdk/src/rp2_common/pico_stdio_uart/stdio_uart.c.obj
 .text.stdio_uart_in_chars
                0x10005058       0x50 CMakeFiles/GenesisControllerPico.dir/home/pi/pico/pico-sdk/src/rp2_common/pico_stdio_uart/stdio_uart.c.obj
                0x10005058                stdio_uart_in_chars
 .text.stdio_uart_init_full
                0x100050a8       0x3c CMakeFiles/GenesisControllerPico.dir/home/pi/pico/pico-sdk/src/rp2_common/pico_stdio_uart/stdio_uart.c.obj
                0x100050a8                stdio_uart_init_full
 .text.hw_endpoint_get_by_addr
                0x100050e4       0x18 CMakeFiles/GenesisControllerPico.dir/home/pi/pico/pico-sdk/lib/tinyusb/src/portable/raspberrypi/rp2040/dcd_rp2040.c.obj
 .text.reset_ep0
                0x100050fc       0x2c CMakeFiles/GenesisControllerPico.dir/home/pi/pico/pico-sdk/lib/tinyusb/src/portable/raspberrypi/rp2040/dcd_rp2040.c.obj
 .text._hw_endpoint_alloc
                0x10005128       0x80 CMakeFiles/GenesisControllerPico.dir/home/pi/pico/pico-sdk/lib/tinyusb/src/portable/raspberrypi/rp2040/dcd_rp2040.c.obj
 .text._hw_endpoint_init
                0x100051a8       0xbc CMakeFiles/GenesisControllerPico.dir/home/pi/pico/pico-sdk/lib/tinyusb/src/portable/raspberrypi/rp2040/dcd_rp2040.c.obj
 .text.hw_endpoint_init
                0x10005264       0x18 CMakeFiles/GenesisControllerPico.dir/home/pi/pico/pico-sdk/lib/tinyusb/src/portable/raspberrypi/rp2040/dcd_rp2040.c.obj
 .text.hw_handle_buff_status
                0x1000527c       0xb4 CMakeFiles/GenesisControllerPico.dir/home/pi/pico/pico-sdk/lib/tinyusb/src/portable/raspberrypi/rp2040/dcd_rp2040.c.obj
 .text.dcd_rp2040_irq
                0x10005330       0xa4 CMakeFiles/GenesisControllerPico.dir/home/pi/pico/pico-sdk/lib/tinyusb/src/portable/raspberrypi/rp2040/dcd_rp2040.c.obj
 .text.hw_endpoint_xfer
                0x100053d4       0x18 CMakeFiles/GenesisControllerPico.dir/home/pi/pico/pico-sdk/lib/tinyusb/src/portable/raspberrypi/rp2040/dcd_rp2040.c.obj
 .text.ep0_0len_status
                0x100053ec       0x14 CMakeFiles/GenesisControllerPico.dir/home/pi/pico/pico-sdk/lib/tinyusb/src/portable/raspberrypi/rp2040/dcd_rp2040.c.obj
 .text._hw_endpoint_stall
                0x10005400       0x54 CMakeFiles/GenesisControllerPico.dir/home/pi/pico/pico-sdk/lib/tinyusb/src/portable/raspberrypi/rp2040/dcd_rp2040.c.obj
 .text.hw_endpoint_stall
                0x10005454        0xc CMakeFiles/GenesisControllerPico.dir/home/pi/pico/pico-sdk/lib/tinyusb/src/portable/raspberrypi/rp2040/dcd_rp2040.c.obj
 .text._hw_endpoint_clear_stall
                0x10005460       0x34 CMakeFiles/GenesisControllerPico.dir/home/pi/pico/pico-sdk/lib/tinyusb/src/portable/raspberrypi/rp2040/dcd_rp2040.c.obj
 .text.hw_endpoint_clear_stall
                0x10005494        0xc CMakeFiles/GenesisControllerPico.dir/home/pi/pico/pico-sdk/lib/tinyusb/src/portable/raspberrypi/rp2040/dcd_rp2040.c.obj
 .text.dcd_int_enable
                0x100054a0       0x2c CMakeFiles/GenesisControllerPico.dir/home/pi/pico/pico-sdk/lib/tinyusb/src/portable/raspberrypi/rp2040/dcd_rp2040.c.obj
                0x100054a0                dcd_int_enable
 .text.dcd_set_address
                0x100054cc       0x28 CMakeFiles/GenesisControllerPico.dir/home/pi/pico/pico-sdk/lib/tinyusb/src/portable/raspberrypi/rp2040/dcd_rp2040.c.obj
                0x100054cc                dcd_set_address
 .text.dcd_connect
                0x100054f4       0x30 CMakeFiles/GenesisControllerPico.dir/home/pi/pico/pico-sdk/lib/tinyusb/src/portable/raspberrypi/rp2040/dcd_rp2040.c.obj
                0x100054f4                dcd_connect
 .text.dcd_init
                0x10005524       0x84 CMakeFiles/GenesisControllerPico.dir/home/pi/pico/pico-sdk/lib/tinyusb/src/portable/raspberrypi/rp2040/dcd_rp2040.c.obj
                0x10005524                dcd_init
 .text.dcd_edpt0_status_complete
                0x100055a8       0x40 CMakeFiles/GenesisControllerPico.dir/home/pi/pico/pico-sdk/lib/tinyusb/src/portable/raspberrypi/rp2040/dcd_rp2040.c.obj
                0x100055a8                dcd_edpt0_status_complete
 .text.dcd_edpt_open
                0x100055e8       0x40 CMakeFiles/GenesisControllerPico.dir/home/pi/pico/pico-sdk/lib/tinyusb/src/portable/raspberrypi/rp2040/dcd_rp2040.c.obj
                0x100055e8                dcd_edpt_open
 .text.dcd_edpt_xfer
                0x10005628       0x34 CMakeFiles/GenesisControllerPico.dir/home/pi/pico/pico-sdk/lib/tinyusb/src/portable/raspberrypi/rp2040/dcd_rp2040.c.obj
                0x10005628                dcd_edpt_xfer
 .text.dcd_edpt_stall
                0x1000565c       0x28 CMakeFiles/GenesisControllerPico.dir/home/pi/pico/pico-sdk/lib/tinyusb/src/portable/raspberrypi/rp2040/dcd_rp2040.c.obj
                0x1000565c                dcd_edpt_stall
 .text.dcd_edpt_clear_stall
                0x10005684       0x2c CMakeFiles/GenesisControllerPico.dir/home/pi/pico/pico-sdk/lib/tinyusb/src/portable/raspberrypi/rp2040/dcd_rp2040.c.obj
                0x10005684                dcd_edpt_clear_stall
 .text.rp2040_usb_init
                0x100056b0       0x50 CMakeFiles/GenesisControllerPico.dir/home/pi/pico/pico-sdk/lib/tinyusb/src/portable/raspberrypi/rp2040/rp2040_usb.c.obj
                0x100056b0                rp2040_usb_init
 .text.hw_endpoint_reset_transfer
                0x10005700       0x10 CMakeFiles/GenesisControllerPico.dir/home/pi/pico/pico-sdk/lib/tinyusb/src/portable/raspberrypi/rp2040/rp2040_usb.c.obj
                0x10005700                hw_endpoint_reset_transfer
 .text._hw_endpoint_buffer_control_update32
                0x10005710       0x58 CMakeFiles/GenesisControllerPico.dir/home/pi/pico/pico-sdk/lib/tinyusb/src/portable/raspberrypi/rp2040/rp2040_usb.c.obj
                0x10005710                _hw_endpoint_buffer_control_update32
 .text._hw_endpoint_start_next_buffer
                0x10005768       0x50 CMakeFiles/GenesisControllerPico.dir/home/pi/pico/pico-sdk/lib/tinyusb/src/portable/raspberrypi/rp2040/rp2040_usb.c.obj
                0x10005768                _hw_endpoint_start_next_buffer
 .text._hw_endpoint_xfer_start
                0x100057b8       0x3e CMakeFiles/GenesisControllerPico.dir/home/pi/pico/pico-sdk/lib/tinyusb/src/portable/raspberrypi/rp2040/rp2040_usb.c.obj
                0x100057b8                _hw_endpoint_xfer_start
 *fill*         0x100057f6        0x2 
 .text._hw_endpoint_xfer_sync
                0x100057f8       0x74 CMakeFiles/GenesisControllerPico.dir/home/pi/pico/pico-sdk/lib/tinyusb/src/portable/raspberrypi/rp2040/rp2040_usb.c.obj
                0x100057f8                _hw_endpoint_xfer_sync
 .text._hw_endpoint_xfer_continue
                0x1000586c       0x60 CMakeFiles/GenesisControllerPico.dir/home/pi/pico/pico-sdk/lib/tinyusb/src/portable/raspberrypi/rp2040/rp2040_usb.c.obj
                0x1000586c                _hw_endpoint_xfer_continue
 .text._hw_endpoint_xfer
                0x100058cc       0x34 CMakeFiles/GenesisControllerPico.dir/home/pi/pico/pico-sdk/lib/tinyusb/src/portable/raspberrypi/rp2040/rp2040_usb.c.obj
                0x100058cc                _hw_endpoint_xfer
 .text.mark_interface_endpoint
                0x10005900       0x2a CMakeFiles/GenesisControllerPico.dir/home/pi/pico/pico-sdk/lib/tinyusb/src/device/usbd.c.obj
 *fill*         0x1000592a        0x2 
 .text.usbd_reset
                0x1000592c       0x8c CMakeFiles/GenesisControllerPico.dir/home/pi/pico/pico-sdk/lib/tinyusb/src/device/usbd.c.obj
 .text.invoke_class_control
                0x100059b8       0x1a CMakeFiles/GenesisControllerPico.dir/home/pi/pico/pico-sdk/lib/tinyusb/src/device/usbd.c.obj
 *fill*         0x100059d2        0x2 
 .text.process_set_config
                0x100059d4      0x1d8 CMakeFiles/GenesisControllerPico.dir/home/pi/pico/pico-sdk/lib/tinyusb/src/device/usbd.c.obj
 .text.process_get_descriptor
                0x10005bac      0x104 CMakeFiles/GenesisControllerPico.dir/home/pi/pico/pico-sdk/lib/tinyusb/src/device/usbd.c.obj
 .text.tud_inited
                0x10005cb0        0xc CMakeFiles/GenesisControllerPico.dir/home/pi/pico/pico-sdk/lib/tinyusb/src/device/usbd.c.obj
                0x10005cb0                tud_inited
 .text.tud_init
                0x10005cbc       0xd0 CMakeFiles/GenesisControllerPico.dir/home/pi/pico/pico-sdk/lib/tinyusb/src/device/usbd.c.obj
                0x10005cbc                tud_init
 .text.dcd_event_handler
                0x10005d8c      0x178 CMakeFiles/GenesisControllerPico.dir/home/pi/pico/pico-sdk/lib/tinyusb/src/device/usbd.c.obj
                0x10005d8c                dcd_event_handler
 .text.dcd_event_bus_signal
                0x10005f04       0x28 CMakeFiles/GenesisControllerPico.dir/home/pi/pico/pico-sdk/lib/tinyusb/src/device/usbd.c.obj
                0x10005f04                dcd_event_bus_signal
 .text.dcd_event_bus_reset
                0x10005f2c       0x2c CMakeFiles/GenesisControllerPico.dir/home/pi/pico/pico-sdk/lib/tinyusb/src/device/usbd.c.obj
                0x10005f2c                dcd_event_bus_reset
 .text.dcd_event_setup_received
                0x10005f58       0x34 CMakeFiles/GenesisControllerPico.dir/home/pi/pico/pico-sdk/lib/tinyusb/src/device/usbd.c.obj
                0x10005f58                dcd_event_setup_received
 .text.dcd_event_xfer_complete
                0x10005f8c       0x46 CMakeFiles/GenesisControllerPico.dir/home/pi/pico/pico-sdk/lib/tinyusb/src/device/usbd.c.obj
                0x10005f8c                dcd_event_xfer_complete
 *fill*         0x10005fd2        0x2 
 .text.usbd_edpt_open
                0x10005fd4       0xe0 CMakeFiles/GenesisControllerPico.dir/home/pi/pico/pico-sdk/lib/tinyusb/src/device/usbd.c.obj
                0x10005fd4                usbd_edpt_open
 .text.usbd_open_edpt_pair
                0x100060b4       0x84 CMakeFiles/GenesisControllerPico.dir/home/pi/pico/pico-sdk/lib/tinyusb/src/device/usbd.c.obj
                0x100060b4                usbd_open_edpt_pair
 .text.usbd_edpt_claim
                0x10006138       0x88 CMakeFiles/GenesisControllerPico.dir/home/pi/pico/pico-sdk/lib/tinyusb/src/device/usbd.c.obj
                0x10006138                usbd_edpt_claim
 .text.usbd_edpt_xfer
                0x100061c0       0x80 CMakeFiles/GenesisControllerPico.dir/home/pi/pico/pico-sdk/lib/tinyusb/src/device/usbd.c.obj
                0x100061c0                usbd_edpt_xfer
 .text.usbd_edpt_stall
                0x10006240       0x2c CMakeFiles/GenesisControllerPico.dir/home/pi/pico/pico-sdk/lib/tinyusb/src/device/usbd.c.obj
                0x10006240                usbd_edpt_stall
 .text.usbd_edpt_clear_stall
                0x1000626c       0x2c CMakeFiles/GenesisControllerPico.dir/home/pi/pico/pico-sdk/lib/tinyusb/src/device/usbd.c.obj
                0x1000626c                usbd_edpt_clear_stall
 .text.usbd_edpt_stalled
                0x10006298       0x1c CMakeFiles/GenesisControllerPico.dir/home/pi/pico/pico-sdk/lib/tinyusb/src/device/usbd.c.obj
                0x10006298                usbd_edpt_stalled
 .text.process_control_request
                0x100062b4      0x380 CMakeFiles/GenesisControllerPico.dir/home/pi/pico/pico-sdk/lib/tinyusb/src/device/usbd.c.obj
 .text.tud_task
                0x10006634      0x208 CMakeFiles/GenesisControllerPico.dir/home/pi/pico/pico-sdk/lib/tinyusb/src/device/usbd.c.obj
                0x10006634                tud_task
 .text._data_stage_xact
                0x1000683c       0x58 CMakeFiles/GenesisControllerPico.dir/home/pi/pico/pico-sdk/lib/tinyusb/src/device/usbd_control.c.obj
 .text.tud_control_status
                0x10006894       0x38 CMakeFiles/GenesisControllerPico.dir/home/pi/pico/pico-sdk/lib/tinyusb/src/device/usbd_control.c.obj
                0x10006894                tud_control_status
 .text.tud_control_xfer
                0x100068cc       0xa4 CMakeFiles/GenesisControllerPico.dir/home/pi/pico/pico-sdk/lib/tinyusb/src/device/usbd_control.c.obj
                0x100068cc                tud_control_xfer
 .text.usbd_control_reset
                0x10006970       0x14 CMakeFiles/GenesisControllerPico.dir/home/pi/pico/pico-sdk/lib/tinyusb/src/device/usbd_control.c.obj
                0x10006970                usbd_control_reset
 .text.usbd_control_set_complete_callback
                0x10006984        0xc CMakeFiles/GenesisControllerPico.dir/home/pi/pico/pico-sdk/lib/tinyusb/src/device/usbd_control.c.obj
                0x10006984                usbd_control_set_complete_callback
 .text.usbd_control_set_request
                0x10006990       0x1c CMakeFiles/GenesisControllerPico.dir/home/pi/pico/pico-sdk/lib/tinyusb/src/device/usbd_control.c.obj
                0x10006990                usbd_control_set_request
 .text.usbd_control_xfer_cb
                0x100069ac      0x100 CMakeFiles/GenesisControllerPico.dir/home/pi/pico/pico-sdk/lib/tinyusb/src/device/usbd_control.c.obj
                0x100069ac                usbd_control_xfer_cb
 .text.tud_hid_n_report
                0x10006aac       0x88 CMakeFiles/GenesisControllerPico.dir/home/pi/pico/pico-sdk/lib/tinyusb/src/class/hid/hid_device.c.obj
                0x10006aac                tud_hid_n_report
 .text.tud_hid_n_gamepad_report
                0x10006b34       0x6a CMakeFiles/GenesisControllerPico.dir/home/pi/pico/pico-sdk/lib/tinyusb/src/class/hid/hid_device.c.obj
                0x10006b34                tud_hid_n_gamepad_report
 *fill*         0x10006b9e        0x2 
 .text.hidd_reset
                0x10006ba0       0x14 CMakeFiles/GenesisControllerPico.dir/home/pi/pico/pico-sdk/lib/tinyusb/src/class/hid/hid_device.c.obj
                0x10006ba0                hidd_reset
 .text.hidd_init
                0x10006bb4        0xa CMakeFiles/GenesisControllerPico.dir/home/pi/pico/pico-sdk/lib/tinyusb/src/class/hid/hid_device.c.obj
                0x10006bb4                hidd_init
 *fill*         0x10006bbe        0x2 
 .text.hidd_open
                0x10006bc0      0x104 CMakeFiles/GenesisControllerPico.dir/home/pi/pico/pico-sdk/lib/tinyusb/src/class/hid/hid_device.c.obj
                0x10006bc0                hidd_open
 .text.hidd_control_xfer_cb
                0x10006cc4      0x230 CMakeFiles/GenesisControllerPico.dir/home/pi/pico/pico-sdk/lib/tinyusb/src/class/hid/hid_device.c.obj
                0x10006cc4                hidd_control_xfer_cb
 .text.hidd_xfer_cb
                0x10006ef4       0xa8 CMakeFiles/GenesisControllerPico.dir/home/pi/pico/pico-sdk/lib/tinyusb/src/class/hid/hid_device.c.obj
                0x10006ef4                hidd_xfer_cb
 .text.tusb_init
                0x10006f9c       0x24 CMakeFiles/GenesisControllerPico.dir/home/pi/pico/pico-sdk/lib/tinyusb/src/tusb.c.obj
                0x10006f9c                tusb_init
 .text.tusb_inited
                0x10006fc0        0xe CMakeFiles/GenesisControllerPico.dir/home/pi/pico/pico-sdk/lib/tinyusb/src/tusb.c.obj
                0x10006fc0                tusb_inited
 .text.advance_pointer
                0x10006fce       0x20 CMakeFiles/GenesisControllerPico.dir/home/pi/pico/pico-sdk/lib/tinyusb/src/common/tusb_fifo.c.obj
 .text.backward_pointer
                0x10006fee       0x20 CMakeFiles/GenesisControllerPico.dir/home/pi/pico/pico-sdk/lib/tinyusb/src/common/tusb_fifo.c.obj
 .text.get_relative_pointer
                0x1000700e       0x10 CMakeFiles/GenesisControllerPico.dir/home/pi/pico/pico-sdk/lib/tinyusb/src/common/tusb_fifo.c.obj
 .text._tu_fifo_peek
                0x1000701e       0x4c CMakeFiles/GenesisControllerPico.dir/home/pi/pico/pico-sdk/lib/tinyusb/src/common/tusb_fifo.c.obj
 .text.tu_fifo_read
                0x1000706a       0x42 CMakeFiles/GenesisControllerPico.dir/home/pi/pico/pico-sdk/lib/tinyusb/src/common/tusb_fifo.c.obj
                0x1000706a                tu_fifo_read
 .text.tu_fifo_write
                0x100070ac       0x6c CMakeFiles/GenesisControllerPico.dir/home/pi/pico/pico-sdk/lib/tinyusb/src/common/tusb_fifo.c.obj
                0x100070ac                tu_fifo_write
 .text.tu_fifo_clear
                0x10007118       0x4c CMakeFiles/GenesisControllerPico.dir/home/pi/pico/pico-sdk/lib/tinyusb/src/common/tusb_fifo.c.obj
                0x10007118                tu_fifo_clear
 .text.board_init
                0x10007164       0x30 CMakeFiles/GenesisControllerPico.dir/home/pi/pico/pico-sdk/lib/tinyusb/hw/bsp/rp2040/family.c.obj
                0x10007164                board_init
 .text.board_led_write
                0x10007194       0x1c CMakeFiles/GenesisControllerPico.dir/home/pi/pico/pico-sdk/lib/tinyusb/hw/bsp/rp2040/family.c.obj
                0x10007194                board_led_write
 .text.core1_trampoline
                0x100071b0        0x2 CMakeFiles/GenesisControllerPico.dir/home/pi/pico/pico-sdk/src/rp2_common/pico_multicore/multicore.c.obj
 .text.core1_wrapper
                0x100071b2        0xc CMakeFiles/GenesisControllerPico.dir/home/pi/pico/pico-sdk/src/rp2_common/pico_multicore/multicore.c.obj
                0x100071b2                core1_wrapper
 .text.multicore_fifo_push_blocking
                0x100071be       0x14 CMakeFiles/GenesisControllerPico.dir/home/pi/pico/pico-sdk/src/rp2_common/pico_multicore/multicore.c.obj
                0x100071be                multicore_fifo_push_blocking
 .text.multicore_fifo_pop_blocking
                0x100071d2       0x16 CMakeFiles/GenesisControllerPico.dir/home/pi/pico/pico-sdk/src/rp2_common/pico_multicore/multicore.c.obj
                0x100071d2                multicore_fifo_pop_blocking
 .text.multicore_launch_core1_raw
                0x100071e8       0x68 CMakeFiles/GenesisControllerPico.dir/home/pi/pico/pico-sdk/src/rp2_common/pico_multicore/multicore.c.obj
                0x100071e8                multicore_launch_core1_raw
 .text.multicore_launch_core1_with_stack
                0x10007250       0x50 CMakeFiles/GenesisControllerPico.dir/home/pi/pico/pico-sdk/src/rp2_common/pico_multicore/multicore.c.obj
                0x10007250                multicore_launch_core1_with_stack
 .text.multicore_launch_core1
                0x100072a0       0x24 CMakeFiles/GenesisControllerPico.dir/home/pi/pico/pico-sdk/src/rp2_common/pico_multicore/multicore.c.obj
                0x100072a0                multicore_launch_core1
 .text          0x100072c4       0x28 /usr/lib/gcc/arm-none-eabi/7.3.1/../../../arm-none-eabi/lib/thumb/v6-m/libg.a(lib_a-malloc.o)
                0x100072c4                malloc
                0x100072d8                free
 .text          0x100072ec      0x570 /usr/lib/gcc/arm-none-eabi/7.3.1/../../../arm-none-eabi/lib/thumb/v6-m/libg.a(lib_a-mallocr.o)
                0x100072ec                _malloc_r
 .text          0x1000785c        0x8 /usr/lib/gcc/arm-none-eabi/7.3.1/../../../arm-none-eabi/lib/thumb/v6-m/libg.a(lib_a-mlock.o)
                0x1000785c                __malloc_lock
                0x10007860                __malloc_unlock
 .text          0x10007864       0x24 /usr/lib/gcc/arm-none-eabi/7.3.1/../../../arm-none-eabi/lib/thumb/v6-m/libg.a(lib_a-sbrkr.o)
                0x10007864                _sbrk_r
 .text          0x10007888       0x64 /usr/lib/gcc/arm-none-eabi/7.3.1/../../../arm-none-eabi/lib/thumb/v6-m/libg.a(lib_a-strlen-stub.o)
                0x10007888                strlen
 .text          0x100078ec      0x274 /usr/lib/gcc/arm-none-eabi/7.3.1/../../../arm-none-eabi/lib/thumb/v6-m/libg.a(lib_a-freer.o)
                0x100078ec                _malloc_trim_r
                0x1000798c                _free_r
 *(.fini)
 .fini          0x10007b60        0x4 /usr/lib/gcc/arm-none-eabi/7.3.1/thumb/v6-m/crti.o
                0x10007b60                _fini
 *fill*         0x10007b64        0x4 
 .fini.__stub   0x10007b68       0x60 linker stubs
 *crtbegin.o(.ctors)
 *crtbegin?.o(.ctors)
 *(EXCLUDE_FILE(*crtend.o *crtend?.o) .ctors)
 *(SORT_BY_NAME(.ctors.*))
 *(.ctors)
 *crtbegin.o(.dtors)
 *crtbegin?.o(.dtors)
 *(EXCLUDE_FILE(*crtend.o *crtend?.o) .dtors)
 *(SORT_BY_NAME(.dtors.*))
 *(.dtors)
 *(.eh_frame*)
 .eh_frame      0x10007bc8        0x0 /usr/lib/gcc/arm-none-eabi/7.3.1/thumb/v6-m/crtbegin.o
                0x10007bc8                . = ALIGN (0x4)

.glue_7         0x10007bc8        0x0
 .glue_7        0x10007bc8        0x0 linker stubs

.glue_7t        0x10007bc8        0x0
 .glue_7t       0x10007bc8        0x0 linker stubs

.vfp11_veneer   0x10007bc8        0x0
 .vfp11_veneer  0x10007bc8        0x0 linker stubs

.v4_bx          0x10007bc8        0x0
 .v4_bx         0x10007bc8        0x0 linker stubs

.iplt           0x10007bc8        0x0
 .iplt          0x10007bc8        0x0 /usr/lib/gcc/arm-none-eabi/7.3.1/thumb/v6-m/crtbegin.o

.rodata         0x10007bc8     0x15f0
 *(EXCLUDE_FILE(*libm.a: *libc.a:*lib_a-mem*.o *libgcc.a:) .rodata*)
 .rodata._ZTV10UsbGamepad
                0x10007bc8       0x28 CMakeFiles/GenesisControllerPico.dir/UsbGamepad.cpp.obj
                0x10007bc8                vtable for UsbGamepad
 .rodata.__compound_literal.0
                0x10007bf0        0x2 CMakeFiles/GenesisControllerPico.dir/usb_descriptors.c.obj
 *fill*         0x10007bf2        0x2 
 .rodata.desc_configuration
                0x10007bf4       0x29 CMakeFiles/GenesisControllerPico.dir/usb_descriptors.c.obj
                0x10007bf4                desc_configuration
 *fill*         0x10007c1d        0x3 
 .rodata.desc_device
                0x10007c20       0x12 CMakeFiles/GenesisControllerPico.dir/usb_descriptors.c.obj
                0x10007c20                desc_device
 *fill*         0x10007c32        0x2 
 .rodata.desc_hid_report
                0x10007c34       0x88 CMakeFiles/GenesisControllerPico.dir/usb_descriptors.c.obj
                0x10007c34                desc_hid_report
 .rodata.str1.4
                0x10007cbc       0x1b CMakeFiles/GenesisControllerPico.dir/usb_descriptors.c.obj
 *fill*         0x10007cd7        0x1 
 .rodata._Z8led_taskv.str1.4
                0x10007cd8       0x5d CMakeFiles/GenesisControllerPico.dir/usb_execution.cpp.obj
 *fill*         0x10007d35        0x3 
 .rodata._ZZ20update_us_since_bootE19__PRETTY_FUNCTION__
                0x10007d38       0x36 CMakeFiles/GenesisControllerPico.dir/usb_execution.cpp.obj
 .rodata._Z13timer_processv.str1.4
                0x10007d6e       0x5d CMakeFiles/GenesisControllerPico.dir/timers.cpp.obj
 *fill*         0x10007d6e        0x2 
 .rodata._ZZL20update_us_since_bootP15absolute_time_tyE19__PRETTY_FUNCTION__
                0x10007d70       0x36 CMakeFiles/GenesisControllerPico.dir/timers.cpp.obj
 *fill*         0x10007da6        0x2 
 .rodata._ZN35UsbGamepadGenesisControllerObserver15keyStateChangedEhN26IGenesisControllerObserver3KeyEb
                0x10007da8       0x80 CMakeFiles/GenesisControllerPico.dir/UsbGamepadGenesisControllerObserver.cpp.obj
 .rodata._ZTV35UsbGamepadGenesisControllerObserver
                0x10007e28       0x18 CMakeFiles/GenesisControllerPico.dir/UsbGamepadGenesisControllerObserver.cpp.obj
                0x10007e28                vtable for UsbGamepadGenesisControllerObserver
 .rodata.spin_lock_claim_unused.str1.4
                0x10007e40       0x1b CMakeFiles/GenesisControllerPico.dir/home/pi/pico/pico-sdk/src/rp2_common/hardware_sync/sync.c.obj
 *fill*         0x10007e5b        0x1 
 .rodata.__func__.5648
                0x10007e5c       0x15 CMakeFiles/GenesisControllerPico.dir/home/pi/pico/pico-sdk/src/common/pico_time/time.c.obj
 *fill*         0x10007e71        0x3 
 .rodata.__func__.5949
                0x10007e74        0xc CMakeFiles/GenesisControllerPico.dir/home/pi/pico/pico-sdk/src/common/pico_time/time.c.obj
 .rodata.__func__.5956
                0x10007e80       0x12 CMakeFiles/GenesisControllerPico.dir/home/pi/pico/pico-sdk/src/common/pico_time/time.c.obj
 *fill*         0x10007e92        0x2 
 .rodata.__func__.5972
                0x10007e94        0xf CMakeFiles/GenesisControllerPico.dir/home/pi/pico/pico-sdk/src/common/pico_time/time.c.obj
 *fill*         0x10007ea3        0x1 
 .rodata.__func__.5994
                0x10007ea4        0xd CMakeFiles/GenesisControllerPico.dir/home/pi/pico/pico-sdk/src/common/pico_time/time.c.obj
 *fill*         0x10007eb1        0x3 
 .rodata.__func__.6195
                0x10007eb4        0xa CMakeFiles/GenesisControllerPico.dir/home/pi/pico/pico-sdk/src/common/pico_time/time.c.obj
 *fill*         0x10007ebe        0x2 
 .rodata.__func__.6200
                0x10007ec0       0x12 CMakeFiles/GenesisControllerPico.dir/home/pi/pico/pico-sdk/src/common/pico_time/time.c.obj
 *fill*         0x10007ed2        0x2 
 .rodata.__func__.6215
                0x10007ed4       0x17 CMakeFiles/GenesisControllerPico.dir/home/pi/pico/pico-sdk/src/common/pico_time/time.c.obj
 *fill*         0x10007eeb        0x1 
 .rodata.__func__.6226
                0x10007eec       0x15 CMakeFiles/GenesisControllerPico.dir/home/pi/pico/pico-sdk/src/common/pico_time/time.c.obj
 *fill*         0x10007f01        0x3 
 .rodata.__func__.6243
                0x10007f04       0x1a CMakeFiles/GenesisControllerPico.dir/home/pi/pico/pico-sdk/src/common/pico_time/time.c.obj
 *fill*         0x10007f1e        0x2 
 .rodata.__func__.6282
                0x10007f20       0x18 CMakeFiles/GenesisControllerPico.dir/home/pi/pico/pico-sdk/src/common/pico_time/time.c.obj
 .rodata.add_alarm_under_lock.str1.4
                0x10007f38       0x28 CMakeFiles/GenesisControllerPico.dir/home/pi/pico/pico-sdk/src/common/pico_time/time.c.obj
                                 0x2b (size before relaxing)
 .rodata.alarm_pool_alarm_callback.str1.4
                0x10007f60       0x82 CMakeFiles/GenesisControllerPico.dir/home/pi/pico/pico-sdk/src/common/pico_time/time.c.obj
                                 0xe2 (size before relaxing)
 *fill*         0x10007fe2        0x2 
 .rodata.alarm_pool_cancel_alarm.str1.4
                0x10007fe4       0x27 CMakeFiles/GenesisControllerPico.dir/home/pi/pico/pico-sdk/src/common/pico_time/time.c.obj
 *fill*         0x1000800b        0x1 
 .rodata.alarm_pool_dump_key.str1.4
                0x1000800c       0x33 CMakeFiles/GenesisControllerPico.dir/home/pi/pico/pico-sdk/src/common/pico_time/time.c.obj
 *fill*         0x1000803f        0x1 
 .rodata.alarm_pool_get_default.str1.4
                0x10008040       0x21 CMakeFiles/GenesisControllerPico.dir/home/pi/pico/pico-sdk/src/common/pico_time/time.c.obj
 *fill*         0x10008061        0x3 
 .rodata.ph_add_child_node.str1.4
                0x10008064       0x92 CMakeFiles/GenesisControllerPico.dir/home/pi/pico/pico-sdk/src/common/pico_time/time.c.obj
 *fill*         0x100080f6        0x2 
 .rodata.repeating_timer_callback.str1.4
                0x100080f8       0x47 CMakeFiles/GenesisControllerPico.dir/home/pi/pico/pico-sdk/src/common/pico_time/time.c.obj
 *fill*         0x1000813f        0x1 
 .rodata.__func__.4508
                0x10008140       0x1a CMakeFiles/GenesisControllerPico.dir/home/pi/pico/pico-sdk/src/rp2_common/hardware_timer/timer.c.obj
 *fill*         0x1000815a        0x2 
 .rodata.hardware_alarm_claim.str1.4
                0x1000815c       0x22 CMakeFiles/GenesisControllerPico.dir/home/pi/pico/pico-sdk/src/rp2_common/hardware_timer/timer.c.obj
 *fill*         0x1000817e        0x2 
 .rodata.hardware_alarm_set_target.str1.4
                0x10008180       0x61 CMakeFiles/GenesisControllerPico.dir/home/pi/pico/pico-sdk/src/rp2_common/hardware_timer/timer.c.obj
 *fill*         0x100081e1        0x3 
 .rodata.__func__.4173
                0x100081e4       0x15 CMakeFiles/GenesisControllerPico.dir/home/pi/pico/pico-sdk/src/common/pico_sync/mutex.c.obj
 *fill*         0x100081f9        0x3 
 .rodata.__func__.4570
                0x100081fc       0x15 CMakeFiles/GenesisControllerPico.dir/home/pi/pico/pico-sdk/src/common/pico_sync/mutex.c.obj
 *fill*         0x10008211        0x3 
 .rodata.__func__.4595
                0x10008214       0x18 CMakeFiles/GenesisControllerPico.dir/home/pi/pico/pico-sdk/src/common/pico_sync/mutex.c.obj
 .rodata.__func__.4605
                0x1000822c        0xb CMakeFiles/GenesisControllerPico.dir/home/pi/pico/pico-sdk/src/common/pico_sync/mutex.c.obj
 *fill*         0x10008237        0x1 
 .rodata.str1.4
                0x10008238       0xad CMakeFiles/GenesisControllerPico.dir/home/pi/pico/pico-sdk/src/common/pico_sync/mutex.c.obj
                                0x10d (size before relaxing)
 *fill*         0x100082e5        0x3 
 .rodata.__func__.5655
                0x100082e8        0xc CMakeFiles/GenesisControllerPico.dir/home/pi/pico/pico-sdk/src/common/pico_util/pheap.c.obj
 .rodata.__func__.5662
                0x100082f4       0x12 CMakeFiles/GenesisControllerPico.dir/home/pi/pico/pico-sdk/src/common/pico_util/pheap.c.obj
 *fill*         0x10008306        0x2 
 .rodata.__func__.5748
                0x10008308       0x13 CMakeFiles/GenesisControllerPico.dir/home/pi/pico/pico-sdk/src/common/pico_util/pheap.c.obj
 *fill*         0x1000831b        0x1 
 .rodata.__func__.5766
                0x1000831c       0x18 CMakeFiles/GenesisControllerPico.dir/home/pi/pico/pico-sdk/src/common/pico_util/pheap.c.obj
 .rodata.ph_add_child_node.str1.4
                0x10008334       0x92 CMakeFiles/GenesisControllerPico.dir/home/pi/pico/pico-sdk/src/common/pico_util/pheap.c.obj
 .rodata.ph_remove_and_free_node.str1.4
                0x10008334       0x26 CMakeFiles/GenesisControllerPico.dir/home/pi/pico/pico-sdk/src/common/pico_util/pheap.c.obj
 *fill*         0x1000835a        0x2 
 .rodata.ph_remove_any_head.str1.4
                0x1000835c       0x88 CMakeFiles/GenesisControllerPico.dir/home/pi/pico/pico-sdk/src/common/pico_util/pheap.c.obj
 .rodata.__assert_func.str1.4
                0x100083e4       0x3f CMakeFiles/GenesisControllerPico.dir/home/pi/pico/pico-sdk/src/rp2_common/pico_runtime/runtime.c.obj
                                 0x43 (size before relaxing)
 *fill*         0x10008423        0x1 
 .rodata.panic.str1.4
                0x10008424       0x12 CMakeFiles/GenesisControllerPico.dir/home/pi/pico/pico-sdk/src/rp2_common/pico_runtime/runtime.c.obj
 *fill*         0x10008436        0x2 
 .rodata.__func__.4627
                0x10008438       0x10 CMakeFiles/GenesisControllerPico.dir/home/pi/pico/pico-sdk/src/rp2_common/hardware_clocks/clocks.c.obj
 .rodata.clock_configure.str1.4
                0x10008448       0x53 CMakeFiles/GenesisControllerPico.dir/home/pi/pico/pico-sdk/src/rp2_common/hardware_clocks/clocks.c.obj
 *fill*         0x1000849b        0x1 
 .rodata.__func__.4663
                0x1000849c       0x1a CMakeFiles/GenesisControllerPico.dir/home/pi/pico/pico-sdk/src/rp2_common/hardware_irq/irq.c.obj
 *fill*         0x100084b6        0x2 
 .rodata.__func__.4677
                0x100084b8        0xc CMakeFiles/GenesisControllerPico.dir/home/pi/pico/pico-sdk/src/rp2_common/hardware_irq/irq.c.obj
 .rodata.__func__.4685
                0x100084c4       0x17 CMakeFiles/GenesisControllerPico.dir/home/pi/pico/pico-sdk/src/rp2_common/hardware_irq/irq.c.obj
 *fill*         0x100084db        0x1 
 .rodata.__func__.4689
                0x100084dc        0xf CMakeFiles/GenesisControllerPico.dir/home/pi/pico/pico-sdk/src/rp2_common/hardware_irq/irq.c.obj
 *fill*         0x100084eb        0x1 
 .rodata.__func__.4728
                0x100084ec       0x13 CMakeFiles/GenesisControllerPico.dir/home/pi/pico/pico-sdk/src/rp2_common/hardware_irq/irq.c.obj
 *fill*         0x100084ff        0x1 
 .rodata.__func__.4747
                0x10008500       0x1a CMakeFiles/GenesisControllerPico.dir/home/pi/pico/pico-sdk/src/rp2_common/hardware_irq/irq.c.obj
 *fill*         0x1000851a        0x2 
 .rodata.irq_add_shared_handler.str1.4
                0x1000851c       0xd9 CMakeFiles/GenesisControllerPico.dir/home/pi/pico/pico-sdk/src/rp2_common/hardware_irq/irq.c.obj
 *fill*         0x100085f5        0x3 
 .rodata.irq_add_tail_to_free_list.str1.4
                0x100085f8       0x32 CMakeFiles/GenesisControllerPico.dir/home/pi/pico/pico-sdk/src/rp2_common/hardware_irq/irq.c.obj
                                 0x3a (size before relaxing)
 *fill*         0x1000862a        0x2 
 .rodata.irq_remove_handler.str1.4
                0x1000862c       0x2a CMakeFiles/GenesisControllerPico.dir/home/pi/pico/pico-sdk/src/rp2_common/hardware_irq/irq.c.obj
 *fill*         0x10008656        0x2 
 .rodata.irq_set_exclusive_handler.str1.4
                0x10008658       0x36 CMakeFiles/GenesisControllerPico.dir/home/pi/pico/pico-sdk/src/rp2_common/hardware_irq/irq.c.obj
 *fill*         0x1000868e        0x2 
 .rodata.make_branch.str1.4
                0x10008690       0x49 CMakeFiles/GenesisControllerPico.dir/home/pi/pico/pico-sdk/src/rp2_common/hardware_irq/irq.c.obj
 *fill*         0x100086d9        0x3 
 .rodata.__func__.4362
                0x100086dc        0x9 CMakeFiles/GenesisControllerPico.dir/home/pi/pico/pico-sdk/src/rp2_common/hardware_pll/pll.c.obj
 *fill*         0x100086e5        0x3 
 .rodata.pll_init.str1.4
                0x100086e8       0xd7 CMakeFiles/GenesisControllerPico.dir/home/pi/pico/pico-sdk/src/rp2_common/hardware_pll/pll.c.obj
 *fill*         0x100087bf        0x1 
 .rodata._vsnprintf
                0x100087c0      0x1e0 CMakeFiles/GenesisControllerPico.dir/home/pi/pico/pico-sdk/src/rp2_common/pico_printf/printf.c.obj
 .rodata._ftoa.str1.4
                0x100089a0       0x15 CMakeFiles/GenesisControllerPico.dir/home/pi/pico/pico-sdk/src/rp2_common/pico_printf/printf.c.obj
 *fill*         0x100089b5        0x3 
 .rodata.pow10.5369
                0x100089b8       0x50 CMakeFiles/GenesisControllerPico.dir/home/pi/pico/pico-sdk/src/rp2_common/pico_printf/printf.c.obj
 .rodata.__aeabi_double_init.str1.4
                0x10008a08       0xa4 CMakeFiles/GenesisControllerPico.dir/home/pi/pico/pico-sdk/src/rp2_common/pico_double/double_init_rom.c.obj
 .rodata.__func__.4628
                0x10008aac       0x14 CMakeFiles/GenesisControllerPico.dir/home/pi/pico/pico-sdk/src/rp2_common/pico_double/double_init_rom.c.obj
 .rodata.__aeabi_float_init.str1.4
                0x10008ac0       0x76 CMakeFiles/GenesisControllerPico.dir/home/pi/pico/pico-sdk/src/rp2_common/pico_float/float_init_rom.c.obj
                                 0x7a (size before relaxing)
 *fill*         0x10008b36        0x2 
 .rodata.__func__.4630
                0x10008b38       0x13 CMakeFiles/GenesisControllerPico.dir/home/pi/pico/pico-sdk/src/rp2_common/pico_float/float_init_rom.c.obj
 *fill*         0x10008b4b        0x1 
 .rodata.__bi_44
                0x10008b4c        0xc CMakeFiles/GenesisControllerPico.dir/home/pi/pico/pico-sdk/src/rp2_common/pico_standard_link/binary_info.c.obj
 .rodata.__bi_75
                0x10008b58        0xc CMakeFiles/GenesisControllerPico.dir/home/pi/pico/pico-sdk/src/rp2_common/pico_standard_link/binary_info.c.obj
 .rodata.__bi_81
                0x10008b64        0xc CMakeFiles/GenesisControllerPico.dir/home/pi/pico/pico-sdk/src/rp2_common/pico_standard_link/binary_info.c.obj
 .rodata.str1.4
                0x10008b70       0x4c CMakeFiles/GenesisControllerPico.dir/home/pi/pico/pico-sdk/src/rp2_common/pico_standard_link/binary_info.c.obj
 .rodata.crlf_str.5957
                0x10008bbc        0x2 CMakeFiles/GenesisControllerPico.dir/home/pi/pico/pico-sdk/src/rp2_common/pico_stdio/stdio.c.obj
 *fill*         0x10008bbe        0x2 
 .rodata.__func__.6787
                0x10008bc0       0x13 CMakeFiles/GenesisControllerPico.dir/home/pi/pico/pico-sdk/lib/tinyusb/src/portable/raspberrypi/rp2040/dcd_rp2040.c.obj
 *fill*         0x10008bd3        0x1 
 .rodata.__func__.6818
                0x10008bd4       0x16 CMakeFiles/GenesisControllerPico.dir/home/pi/pico/pico-sdk/lib/tinyusb/src/portable/raspberrypi/rp2040/dcd_rp2040.c.obj
 *fill*         0x10008bea        0x2 
 .rodata.__func__.6839
                0x10008bec       0x13 CMakeFiles/GenesisControllerPico.dir/home/pi/pico/pico-sdk/lib/tinyusb/src/portable/raspberrypi/rp2040/dcd_rp2040.c.obj
 *fill*         0x10008bff        0x1 
 .rodata.__func__.6860
                0x10008c00        0x9 CMakeFiles/GenesisControllerPico.dir/home/pi/pico/pico-sdk/lib/tinyusb/src/portable/raspberrypi/rp2040/dcd_rp2040.c.obj
 *fill*         0x10008c09        0x3 
 .rodata.__func__.6864
                0x10008c0c        0xf CMakeFiles/GenesisControllerPico.dir/home/pi/pico/pico-sdk/lib/tinyusb/src/portable/raspberrypi/rp2040/dcd_rp2040.c.obj
 *fill*         0x10008c1b        0x1 
 .rodata.__func__.6873
                0x10008c1c       0x10 CMakeFiles/GenesisControllerPico.dir/home/pi/pico/pico-sdk/lib/tinyusb/src/portable/raspberrypi/rp2040/dcd_rp2040.c.obj
 .rodata.__func__.6885
                0x10008c2c        0xc CMakeFiles/GenesisControllerPico.dir/home/pi/pico/pico-sdk/lib/tinyusb/src/portable/raspberrypi/rp2040/dcd_rp2040.c.obj
 .rodata.__func__.6890
                0x10008c38       0x1a CMakeFiles/GenesisControllerPico.dir/home/pi/pico/pico-sdk/lib/tinyusb/src/portable/raspberrypi/rp2040/dcd_rp2040.c.obj
 *fill*         0x10008c52        0x2 
 .rodata.__func__.6895
                0x10008c54        0xe CMakeFiles/GenesisControllerPico.dir/home/pi/pico/pico-sdk/lib/tinyusb/src/portable/raspberrypi/rp2040/dcd_rp2040.c.obj
 *fill*         0x10008c62        0x2 
 .rodata.__func__.6902
                0x10008c64        0xe CMakeFiles/GenesisControllerPico.dir/home/pi/pico/pico-sdk/lib/tinyusb/src/portable/raspberrypi/rp2040/dcd_rp2040.c.obj
 *fill*         0x10008c72        0x2 
 .rodata.__func__.6907
                0x10008c74        0xf CMakeFiles/GenesisControllerPico.dir/home/pi/pico/pico-sdk/lib/tinyusb/src/portable/raspberrypi/rp2040/dcd_rp2040.c.obj
 *fill*         0x10008c83        0x1 
 .rodata.__func__.6912
                0x10008c84       0x15 CMakeFiles/GenesisControllerPico.dir/home/pi/pico/pico-sdk/lib/tinyusb/src/portable/raspberrypi/rp2040/dcd_rp2040.c.obj
 *fill*         0x10008c99        0x3 
 .rodata._hw_endpoint_alloc.str1.4
                0x10008c9c       0xb1 CMakeFiles/GenesisControllerPico.dir/home/pi/pico/pico-sdk/lib/tinyusb/src/portable/raspberrypi/rp2040/dcd_rp2040.c.obj
 *fill*         0x10008d4d        0x3 
 .rodata._hw_endpoint_init.str1.4
                0x10008d50       0x28 CMakeFiles/GenesisControllerPico.dir/home/pi/pico/pico-sdk/lib/tinyusb/src/portable/raspberrypi/rp2040/dcd_rp2040.c.obj
 .rodata._hw_endpoint_stall.str1.4
                0x10008d78        0xd CMakeFiles/GenesisControllerPico.dir/home/pi/pico/pico-sdk/lib/tinyusb/src/portable/raspberrypi/rp2040/dcd_rp2040.c.obj
 *fill*         0x10008d85        0x3 
 .rodata.dcd_int_enable.str1.4
                0x10008d88        0xc CMakeFiles/GenesisControllerPico.dir/home/pi/pico/pico-sdk/lib/tinyusb/src/portable/raspberrypi/rp2040/dcd_rp2040.c.obj
 .rodata.dcd_rp2040_irq.str1.4
                0x10008d94       0x14 CMakeFiles/GenesisControllerPico.dir/home/pi/pico/pico-sdk/lib/tinyusb/src/portable/raspberrypi/rp2040/dcd_rp2040.c.obj
 .rodata.hw_handle_buff_status.str1.4
                0x10008da8        0xb CMakeFiles/GenesisControllerPico.dir/home/pi/pico/pico-sdk/lib/tinyusb/src/portable/raspberrypi/rp2040/dcd_rp2040.c.obj
 *fill*         0x10008db3        0x1 
 .rodata.__func__.6566
                0x10008db4       0x17 CMakeFiles/GenesisControllerPico.dir/home/pi/pico/pico-sdk/lib/tinyusb/src/portable/raspberrypi/rp2040/rp2040_usb.c.obj
 *fill*         0x10008dcb        0x1 
 .rodata.__func__.6577
                0x10008dcc       0x12 CMakeFiles/GenesisControllerPico.dir/home/pi/pico/pico-sdk/lib/tinyusb/src/portable/raspberrypi/rp2040/rp2040_usb.c.obj
 *fill*         0x10008dde        0x2 
 .rodata._hw_endpoint_buffer_control_update32.str1.4
                0x10008de0       0x1f CMakeFiles/GenesisControllerPico.dir/home/pi/pico/pico-sdk/lib/tinyusb/src/portable/raspberrypi/rp2040/rp2040_usb.c.obj
 *fill*         0x10008dff        0x1 
 .rodata._hw_endpoint_xfer.str1.4
                0x10008e00        0xf CMakeFiles/GenesisControllerPico.dir/home/pi/pico/pico-sdk/lib/tinyusb/src/portable/raspberrypi/rp2040/rp2040_usb.c.obj
 *fill*         0x10008e0f        0x1 
 .rodata._hw_endpoint_xfer_continue.str1.4
                0x10008e10       0x50 CMakeFiles/GenesisControllerPico.dir/home/pi/pico/pico-sdk/lib/tinyusb/src/portable/raspberrypi/rp2040/rp2040_usb.c.obj
 .rodata._hw_endpoint_xfer_sync.str1.4
                0x10008e60       0x8d CMakeFiles/GenesisControllerPico.dir/home/pi/pico/pico-sdk/lib/tinyusb/src/portable/raspberrypi/rp2040/rp2040_usb.c.obj
 *fill*         0x10008eed        0x3 
 .rodata.str1.4
                0x10008ef0        0x7 CMakeFiles/GenesisControllerPico.dir/home/pi/pico/pico-sdk/lib/tinyusb/src/portable/raspberrypi/rp2040/rp2040_usb.c.obj
 *fill*         0x10008ef7        0x1 
 .rodata.process_get_descriptor
                0x10008ef8       0x40 CMakeFiles/GenesisControllerPico.dir/home/pi/pico/pico-sdk/lib/tinyusb/src/device/usbd.c.obj
 .rodata.process_control_request
                0x10008f38       0x28 CMakeFiles/GenesisControllerPico.dir/home/pi/pico/pico-sdk/lib/tinyusb/src/device/usbd.c.obj
 .rodata.tud_task
                0x10008f60       0x24 CMakeFiles/GenesisControllerPico.dir/home/pi/pico/pico-sdk/lib/tinyusb/src/device/usbd.c.obj
 .rodata.__func__.6440
                0x10008f84       0x10 CMakeFiles/GenesisControllerPico.dir/home/pi/pico/pico-sdk/lib/tinyusb/src/device/usbd.c.obj
 .rodata.__func__.7315
                0x10008f94        0x9 CMakeFiles/GenesisControllerPico.dir/home/pi/pico/pico-sdk/lib/tinyusb/src/device/usbd.c.obj
 *fill*         0x10008f9d        0x3 
 .rodata.__func__.7336
                0x10008fa0       0x18 CMakeFiles/GenesisControllerPico.dir/home/pi/pico/pico-sdk/lib/tinyusb/src/device/usbd.c.obj
 .rodata.__func__.7374
                0x10008fb8       0x13 CMakeFiles/GenesisControllerPico.dir/home/pi/pico/pico-sdk/lib/tinyusb/src/device/usbd.c.obj
 *fill*         0x10008fcb        0x1 
 .rodata.__func__.7417
                0x10008fcc       0x17 CMakeFiles/GenesisControllerPico.dir/home/pi/pico/pico-sdk/lib/tinyusb/src/device/usbd.c.obj
 *fill*         0x10008fe3        0x1 
 .rodata.__func__.7471
                0x10008fe4       0x14 CMakeFiles/GenesisControllerPico.dir/home/pi/pico/pico-sdk/lib/tinyusb/src/device/usbd.c.obj
 .rodata.__func__.7487
                0x10008ff8        0xf CMakeFiles/GenesisControllerPico.dir/home/pi/pico/pico-sdk/lib/tinyusb/src/device/usbd.c.obj
 *fill*         0x10009007        0x1 
 .rodata.__func__.7515
                0x10009008        0xf CMakeFiles/GenesisControllerPico.dir/home/pi/pico/pico-sdk/lib/tinyusb/src/device/usbd.c.obj
 *fill*         0x10009017        0x1 
 .rodata._usbd_driver
                0x10009018       0x18 CMakeFiles/GenesisControllerPico.dir/home/pi/pico/pico-sdk/lib/tinyusb/src/device/usbd.c.obj
 .rodata.process_set_config.str1.4
                0x10009030       0x17 CMakeFiles/GenesisControllerPico.dir/home/pi/pico/pico-sdk/lib/tinyusb/src/device/usbd.c.obj
 *fill*         0x10009047        0x1 
 .rodata.__func__.7228
                0x10009048       0x11 CMakeFiles/GenesisControllerPico.dir/home/pi/pico/pico-sdk/lib/tinyusb/src/device/usbd_control.c.obj
 *fill*         0x10009059        0x3 
 .rodata.__func__.7255
                0x1000905c       0x15 CMakeFiles/GenesisControllerPico.dir/home/pi/pico/pico-sdk/lib/tinyusb/src/device/usbd_control.c.obj
 .rodata.tud_control_xfer.str1.4
                0x10009071       0x17 CMakeFiles/GenesisControllerPico.dir/home/pi/pico/pico-sdk/lib/tinyusb/src/device/usbd_control.c.obj
 *fill*         0x10009071        0x3 
 .rodata.hidd_control_xfer_cb
                0x10009074       0x30 CMakeFiles/GenesisControllerPico.dir/home/pi/pico/pico-sdk/lib/tinyusb/src/class/hid/hid_device.c.obj
 .rodata.__PRETTY_FUNCTION__.7184
                0x100090a4        0xa CMakeFiles/GenesisControllerPico.dir/home/pi/pico/pico-sdk/lib/tinyusb/src/class/hid/hid_device.c.obj
 *fill*         0x100090ae        0x2 
 .rodata.__func__.7177
                0x100090b0        0xa CMakeFiles/GenesisControllerPico.dir/home/pi/pico/pico-sdk/lib/tinyusb/src/class/hid/hid_device.c.obj
 *fill*         0x100090ba        0x2 
 .rodata.__func__.7198
                0x100090bc       0x15 CMakeFiles/GenesisControllerPico.dir/home/pi/pico/pico-sdk/lib/tinyusb/src/class/hid/hid_device.c.obj
 *fill*         0x100090d1        0x3 
 .rodata.__func__.7219
                0x100090d4        0xd CMakeFiles/GenesisControllerPico.dir/home/pi/pico/pico-sdk/lib/tinyusb/src/class/hid/hid_device.c.obj
 *fill*         0x100090e1        0x3 
 .rodata.hidd_open.str1.4
                0x100090e4       0x11 CMakeFiles/GenesisControllerPico.dir/home/pi/pico/pico-sdk/lib/tinyusb/src/class/hid/hid_device.c.obj
                                 0x29 (size before relaxing)
 *fill*         0x100090f5        0x3 
 .rodata.__func__.7104
                0x100090f8        0xa CMakeFiles/GenesisControllerPico.dir/home/pi/pico/pico-sdk/lib/tinyusb/src/tusb.c.obj
 .rodata.tusb_init.str1.4
                0x10009102       0x17 CMakeFiles/GenesisControllerPico.dir/home/pi/pico/pico-sdk/lib/tinyusb/src/tusb.c.obj
 *fill*         0x10009102        0x2 
 .rodata.__bi_121.7539
                0x10009104        0xc CMakeFiles/GenesisControllerPico.dir/home/pi/pico/pico-sdk/lib/tinyusb/hw/bsp/rp2040/family.c.obj
 .rodata.__bi_131.7542
                0x10009110        0x8 CMakeFiles/GenesisControllerPico.dir/home/pi/pico/pico-sdk/lib/tinyusb/hw/bsp/rp2040/family.c.obj
 .rodata.str1.4
                0x10009118        0x4 CMakeFiles/GenesisControllerPico.dir/home/pi/pico/pico-sdk/lib/tinyusb/hw/bsp/rp2040/family.c.obj
 .rodata.__func__.4816
                0x1000911c       0x22 CMakeFiles/GenesisControllerPico.dir/home/pi/pico/pico-sdk/src/rp2_common/pico_multicore/multicore.c.obj
 *fill*         0x1000913e        0x2 
 .rodata.multicore_launch_core1_with_stack.str1.4
                0x10009140       0x19 CMakeFiles/GenesisControllerPico.dir/home/pi/pico/pico-sdk/src/rp2_common/pico_multicore/multicore.c.obj
 *fill*         0x10009159        0x3 
 .rodata.multicore_lockout_start_block_until.str1.4
                0x1000915c       0x5c CMakeFiles/GenesisControllerPico.dir/home/pi/pico/pico-sdk/src/rp2_common/pico_multicore/multicore.c.obj
                                 0x59 (size before relaxing)
                0x100091b8                . = ALIGN (0x4)
 *(SORT_BY_ALIGNMENT(SORT_BY_NAME(.flashdata*)))
                0x100091b8                . = ALIGN (0x4)

.rel.dyn        0x100091b8        0x0
 .rel.iplt      0x100091b8        0x0 /usr/lib/gcc/arm-none-eabi/7.3.1/thumb/v6-m/crtbegin.o

.ARM.extab
 *(.ARM.extab* .gnu.linkonce.armextab.*)
                0x100091b8                __exidx_start = .

.ARM.exidx
 *(.ARM.exidx* .gnu.linkonce.armexidx.*)
                0x100091b8                __exidx_end = .
                0x100091b8                . = ALIGN (0x4)
                0x100091b8                __binary_info_start = .

.binary_info    0x100091b8       0x24
 *(.binary_info.keep.*)
 .binary_info.keep.__bi_ptr22
                0x100091b8        0x4 CMakeFiles/GenesisControllerPico.dir/home/pi/pico/pico-sdk/src/rp2_common/pico_standard_link/binary_info.c.obj
 .binary_info.keep.__bi_ptr30
                0x100091bc        0x4 CMakeFiles/GenesisControllerPico.dir/home/pi/pico/pico-sdk/src/rp2_common/pico_standard_link/binary_info.c.obj
 .binary_info.keep.__bi_ptr38
                0x100091c0        0x4 CMakeFiles/GenesisControllerPico.dir/home/pi/pico/pico-sdk/src/rp2_common/pico_standard_link/binary_info.c.obj
 .binary_info.keep.__bi_ptr44
                0x100091c4        0x4 CMakeFiles/GenesisControllerPico.dir/home/pi/pico/pico-sdk/src/rp2_common/pico_standard_link/binary_info.c.obj
 .binary_info.keep.__bi_ptr50
                0x100091c8        0x4 CMakeFiles/GenesisControllerPico.dir/home/pi/pico/pico-sdk/src/rp2_common/pico_standard_link/binary_info.c.obj
 .binary_info.keep.__bi_ptr75