Archive member included to satisfy reference by file (symbol)

/usr/lib/gcc/arm-none-eabi/7.3.1/thumb/v6-m/libgcc.a(_dvmd_tls.o)
                              CMakeFiles/GenesisControllerPico.dir/home/pi/pico/pico-sdk/src/rp2_common/pico_divider/divider.S.obj (__aeabi_idiv0)
/usr/lib/gcc/arm-none-eabi/7.3.1/../../../arm-none-eabi/lib/thumb/v6-m/libg.a(lib_a-atexit.o)
                              /usr/lib/gcc/arm-none-eabi/7.3.1/../../../arm-none-eabi/lib/thumb/v6-m/crt0.o (atexit)
/usr/lib/gcc/arm-none-eabi/7.3.1/../../../arm-none-eabi/lib/thumb/v6-m/libg.a(lib_a-calloc.o)
                              CMakeFiles/GenesisControllerPico.dir/home/pi/pico/pico-sdk/src/rp2_common/pico_malloc/pico_malloc.c.obj (calloc)
/usr/lib/gcc/arm-none-eabi/7.3.1/../../../arm-none-eabi/lib/thumb/v6-m/libg.a(lib_a-callocr.o)
                              /usr/lib/gcc/arm-none-eabi/7.3.1/../../../arm-none-eabi/lib/thumb/v6-m/libg.a(lib_a-calloc.o) (_calloc_r)
/usr/lib/gcc/arm-none-eabi/7.3.1/../../../arm-none-eabi/lib/thumb/v6-m/libg.a(lib_a-ctype_.o)
                              CMakeFiles/GenesisControllerPico.dir/home/pi/pico/pico-sdk/lib/tinyusb/src/tusb.c.obj (_ctype_)
/usr/lib/gcc/arm-none-eabi/7.3.1/../../../arm-none-eabi/lib/thumb/v6-m/libg.a(lib_a-fini.o)
                              /usr/lib/gcc/arm-none-eabi/7.3.1/../../../arm-none-eabi/lib/thumb/v6-m/crt0.o (__libc_fini_array)
/usr/lib/gcc/arm-none-eabi/7.3.1/../../../arm-none-eabi/lib/thumb/v6-m/libg.a(lib_a-impure.o)
                              /usr/lib/gcc/arm-none-eabi/7.3.1/../../../arm-none-eabi/lib/thumb/v6-m/libg.a(lib_a-calloc.o) (_impure_ptr)
/usr/lib/gcc/arm-none-eabi/7.3.1/../../../arm-none-eabi/lib/thumb/v6-m/libg.a(lib_a-init.o)
                              /usr/lib/gcc/arm-none-eabi/7.3.1/../../../arm-none-eabi/lib/thumb/v6-m/crt0.o (__libc_init_array)
/usr/lib/gcc/arm-none-eabi/7.3.1/../../../arm-none-eabi/lib/thumb/v6-m/libg.a(lib_a-malloc.o)
                              CMakeFiles/GenesisControllerPico.dir/home/pi/pico/pico-sdk/src/rp2_common/pico_malloc/pico_malloc.c.obj (malloc)
/usr/lib/gcc/arm-none-eabi/7.3.1/../../../arm-none-eabi/lib/thumb/v6-m/libg.a(lib_a-mallocr.o)
                              /usr/lib/gcc/arm-none-eabi/7.3.1/../../../arm-none-eabi/lib/thumb/v6-m/libg.a(lib_a-callocr.o) (_malloc_r)
/usr/lib/gcc/arm-none-eabi/7.3.1/../../../arm-none-eabi/lib/thumb/v6-m/libg.a(lib_a-mlock.o)
                              /usr/lib/gcc/arm-none-eabi/7.3.1/../../../arm-none-eabi/lib/thumb/v6-m/libg.a(lib_a-mallocr.o) (__malloc_lock)
/usr/lib/gcc/arm-none-eabi/7.3.1/../../../arm-none-eabi/lib/thumb/v6-m/libg.a(lib_a-sbrkr.o)
                              /usr/lib/gcc/arm-none-eabi/7.3.1/../../../arm-none-eabi/lib/thumb/v6-m/libg.a(lib_a-mallocr.o) (_sbrk_r)
/usr/lib/gcc/arm-none-eabi/7.3.1/../../../arm-none-eabi/lib/thumb/v6-m/libg.a(lib_a-strlen-stub.o)
                              CMakeFiles/GenesisControllerPico.dir/usb_descriptors.c.obj (strlen)
/usr/lib/gcc/arm-none-eabi/7.3.1/../../../arm-none-eabi/lib/thumb/v6-m/libg.a(lib_a-__atexit.o)
                              /usr/lib/gcc/arm-none-eabi/7.3.1/../../../arm-none-eabi/lib/thumb/v6-m/libg.a(lib_a-atexit.o) (__register_exitproc)
/usr/lib/gcc/arm-none-eabi/7.3.1/../../../arm-none-eabi/lib/thumb/v6-m/libg.a(lib_a-freer.o)
                              /usr/lib/gcc/arm-none-eabi/7.3.1/../../../arm-none-eabi/lib/thumb/v6-m/libg.a(lib_a-malloc.o) (_free_r)
/usr/lib/gcc/arm-none-eabi/7.3.1/../../../arm-none-eabi/lib/thumb/v6-m/libg.a(lib_a-reent.o)
                              /usr/lib/gcc/arm-none-eabi/7.3.1/../../../arm-none-eabi/lib/thumb/v6-m/libg.a(lib_a-sbrkr.o) (errno)

Allocating common symbols
Common symbol       size              file

sf_table            0x100             CMakeFiles/GenesisControllerPico.dir/home/pi/pico/pico-sdk/src/rp2_common/pico_float/float_init_rom.c.obj
errno               0x4               /usr/lib/gcc/arm-none-eabi/7.3.1/../../../arm-none-eabi/lib/thumb/v6-m/libg.a(lib_a-reent.o)
_usbd_qdef_buf      0xc0              CMakeFiles/GenesisControllerPico.dir/home/pi/pico/pico-sdk/lib/tinyusb/src/device/usbd.c.obj
sf_clz_func         0x4               CMakeFiles/GenesisControllerPico.dir/home/pi/pico/pico-sdk/src/rp2_common/pico_float/float_init_rom.c.obj
sd_table            0x100             CMakeFiles/GenesisControllerPico.dir/home/pi/pico/pico-sdk/src/rp2_common/pico_double/double_init_rom.c.obj
uart_char_to_line_feed
                    0x4               CMakeFiles/GenesisControllerPico.dir/home/pi/pico/pico-sdk/src/rp2_common/hardware_uart/uart.c.obj

Discarded input sections

 .text          0x00000000        0x0 /usr/lib/gcc/arm-none-eabi/7.3.1/thumb/v6-m/crti.o
 .data          0x00000000        0x0 /usr/lib/gcc/arm-none-eabi/7.3.1/thumb/v6-m/crti.o
 .bss           0x00000000        0x0 /usr/lib/gcc/arm-none-eabi/7.3.1/thumb/v6-m/crti.o
 .data          0x00000000        0x4 /usr/lib/gcc/arm-none-eabi/7.3.1/thumb/v6-m/crtbegin.o
[...]
Memory Configuration

Name             Origin             Length             Attributes
FLASH            0x10000000         0x00200000         xr
RAM              0x20000000         0x00040000         xrw
SCRATCH_X        0x20040000         0x00001000         xrw
SCRATCH_Y        0x20041000         0x00001000         xrw
*default*        0x00000000         0xffffffff

Linker script and memory map

LOAD /usr/lib/gcc/arm-none-eabi/7.3.1/thumb/v6-m/crti.o
LOAD /usr/lib/gcc/arm-none-eabi/7.3.1/thumb/v6-m/crtbegin.o
LOAD /usr/lib/gcc/arm-none-eabi/7.3.1/../../../arm-none-eabi/lib/thumb/v6-m/crt0.o

.flash_begin    0x10000000        0x0
                0x10000000                __flash_binary_start = .

.boot2          0x10000000      0x100
                0x10000000                __boot2_start__ = .
 *(.boot2)
 .boot2         0x10000000      0x100 /tmp/cce1NG1h.o
                0x10000100                __boot2_end__ = .
                0x00000001                ASSERT (((__boot2_end__ - __boot2_start__) == 0x100), ERROR: Pico second stage bootloader must be 256 bytes in size)

.text           0x10000100     0x7b88
                0x10000100                __logical_binary_start = .
 *(.vectors)
 .vectors       0x10000100       0xd4 CMakeFiles/GenesisControllerPico.dir/home/pi/pico/pico-sdk/src/rp2_common/pico_standard_link/crt0.S.obj
                0x10000100                __vectors
                0x10000100                __VECTOR_TABLE
                0x100001c0                isr_invalid
                0x100001c0                __default_isrs_start
                0x100001c2                isr_nmi
                0x100001c4                isr_hardfault
                0x100001c6                isr_svcall
                0x100001c8                isr_pendsv
                0x100001ca                isr_systick
                0x100001cc                isr_irq30
                0x100001cc                __unhandled_user_irq
                0x100001cc                isr_irq13
                0x100001cc                isr_irq27
                0x100001cc                isr_irq31
                0x100001cc                isr_irq5
                0x100001cc                isr_irq11
                0x100001cc                isr_irq23
                0x100001cc                isr_irq18
                0x100001cc                isr_irq28
                0x100001cc                isr_irq19
                0x100001cc                isr_irq0
                0x100001cc                isr_irq6
                0x100001cc                isr_irq22
                0x100001cc                isr_irq17
                0x100001cc                isr_irq14
                0x100001cc                isr_irq2
                0x100001cc                isr_irq10
                0x100001cc                isr_irq8
                0x100001cc                isr_irq24
                0x100001cc                isr_irq1
                0x100001cc                isr_irq7
                0x100001cc                isr_irq21
                0x100001cc                isr_irq20
                0x100001cc                isr_irq15
                0x100001cc                isr_irq25
                0x100001cc                isr_irq4
                0x100001cc                isr_irq16
                0x100001cc                isr_irq29
                0x100001cc                isr_irq26
                0x100001cc                __default_isrs_end
                0x100001cc                isr_irq3
                0x100001cc                isr_irq12
                0x100001cc                isr_irq9
                0x100001d2                unhandled_user_irq_num_in_r0
 *(.binary_info_header)
 .binary_info_header
                0x100001d4       0x14 CMakeFiles/GenesisControllerPico.dir/home/pi/pico/pico-sdk/src/rp2_common/pico_standard_link/crt0.S.obj
                0x100001e8                __binary_info_header_end = .
 *(.reset)
 .reset         0x100001e8       0xa8 CMakeFiles/GenesisControllerPico.dir/home/pi/pico/pico-sdk/src/rp2_common/pico_standard_link/crt0.S.obj
                0x100001e8                _entry_point
                0x10000266                __get_current_exception
 .reset         0x10000290       0x30 CMakeFiles/GenesisControllerPico.dir/home/pi/pico/pico-sdk/src/rp2_common/pico_standard_link/binary_info.c.obj
 *(.init)
 .init          0x100002c0        0x4 /usr/lib/gcc/arm-none-eabi/7.3.1/thumb/v6-m/crti.o
                0x100002c0                _init
 *(EXCLUDE_FILE(*libm.a: *libc.a:*lib_a-mem*.o *libgcc.a:) .text*)
 .text          0x100002c4       0x98 /usr/lib/gcc/arm-none-eabi/7.3.1/thumb/v6-m/crtbegin.o
 .text._Z41__static_initialization_and_destruction_0ii
                0x1000035c       0xac CMakeFiles/GenesisControllerPico.dir/main.cpp.obj
 .text.main     0x10000408       0x48 CMakeFiles/GenesisControllerPico.dir/main.cpp.obj
                0x10000408                main
 .text._GLOBAL__sub_I_player1UsbDevice
                0x10000450       0x10 CMakeFiles/GenesisControllerPico.dir/main.cpp.obj
 .text._ZN20IUsbControllerDevice18updateUsbConnectedEb
                0x10000460        0x4 CMakeFiles/GenesisControllerPico.dir/UsbGamepad.cpp.obj
                0x10000460                IUsbControllerDevice::updateUsbConnected(bool)
 .text._ZN20IUsbControllerDevice14isUsbConnectedEv
                0x10000464        0x4 CMakeFiles/GenesisControllerPico.dir/UsbGamepad.cpp.obj
                0x10000464                IUsbControllerDevice::isUsbConnected()
 .text._ZN20IUsbControllerDevice25updateControllerConnectedEb
                0x10000468       0x16 CMakeFiles/GenesisControllerPico.dir/UsbGamepad.cpp.obj
                0x10000468                IUsbControllerDevice::updateControllerConnected(bool)
 .text._ZN20IUsbControllerDevice21isControllerConnectedEv
                0x1000047e        0x4 CMakeFiles/GenesisControllerPico.dir/UsbGamepad.cpp.obj
                0x1000047e                IUsbControllerDevice::isControllerConnected()
 .text._ZN10UsbGamepad15isButtonPressedEv
                0x10000482       0x3a CMakeFiles/GenesisControllerPico.dir/UsbGamepad.cpp.obj
                0x10000482                UsbGamepad::isButtonPressed()
 .text._ZN10UsbGamepad17updateAllReleasedEv
                0x100004bc       0x2a CMakeFiles/GenesisControllerPico.dir/UsbGamepad.cpp.obj
                0x100004bc                UsbGamepad::updateAllReleased()
 .text._ZN10UsbGamepadD2Ev
                0x100004e6        0x2 CMakeFiles/GenesisControllerPico.dir/UsbGamepad.cpp.obj
                0x100004e6                UsbGamepad::~UsbGamepad()
                0x100004e6                UsbGamepad::~UsbGamepad()
 .text._ZN10UsbGamepadD0Ev
                0x100004e8        0xe CMakeFiles/GenesisControllerPico.dir/UsbGamepad.cpp.obj
                0x100004e8                UsbGamepad::~UsbGamepad()
 *fill*         0x100004f6        0x2 
 .text._ZN10UsbGamepadC2Ehh
                0x100004f8       0x30 CMakeFiles/GenesisControllerPico.dir/UsbGamepad.cpp.obj
                0x100004f8                UsbGamepad::UsbGamepad(unsigned char, unsigned char)
                0x100004f8                UsbGamepad::UsbGamepad(unsigned char, unsigned char)
 .text._ZN10UsbGamepad15setAnalogThumbXEba
                0x10000528       0x22 CMakeFiles/GenesisControllerPico.dir/UsbGamepad.cpp.obj
                0x10000528                UsbGamepad::setAnalogThumbX(bool, signed char)
 .text._ZN10UsbGamepad15setAnalogThumbYEba
                0x1000054a       0x22 CMakeFiles/GenesisControllerPico.dir/UsbGamepad.cpp.obj
                0x1000054a                UsbGamepad::setAnalogThumbY(bool, signed char)
 .text._ZN10UsbGamepad16setAnalogTriggerEba
                0x1000056c       0x22 CMakeFiles/GenesisControllerPico.dir/UsbGamepad.cpp.obj
                0x1000056c                UsbGamepad::setAnalogTrigger(bool, signed char)
 .text._ZN10UsbGamepad15getAnalogThumbXEb
                0x1000058e       0x10 CMakeFiles/GenesisControllerPico.dir/UsbGamepad.cpp.obj
                0x1000058e                UsbGamepad::getAnalogThumbX(bool)
 .text._ZN10UsbGamepad15getAnalogThumbYEb
                0x1000059e       0x10 CMakeFiles/GenesisControllerPico.dir/UsbGamepad.cpp.obj
                0x1000059e                UsbGamepad::getAnalogThumbY(bool)
 .text._ZN10UsbGamepad16getAnalogTriggerEb
                0x100005ae       0x10 CMakeFiles/GenesisControllerPico.dir/UsbGamepad.cpp.obj
                0x100005ae                UsbGamepad::getAnalogTrigger(bool)
 .text._ZN10UsbGamepad13setDigitalPadENS_11DpadButtonsEb
                0x100005be       0x18 CMakeFiles/GenesisControllerPico.dir/UsbGamepad.cpp.obj
                0x100005be                UsbGamepad::setDigitalPad(UsbGamepad::DpadButtons, bool)
 .text._ZN10UsbGamepad13setButtonMaskEtb
                0x100005d6       0x26 CMakeFiles/GenesisControllerPico.dir/UsbGamepad.cpp.obj
                0x100005d6                UsbGamepad::setButtonMask(unsigned short, bool)
 .text._ZN10UsbGamepad9setButtonEhb
                0x100005fc       0x10 CMakeFiles/GenesisControllerPico.dir/UsbGamepad.cpp.obj
                0x100005fc                UsbGamepad::setButton(unsigned char, bool)
 .text._ZN10UsbGamepad11getHatValueEv
                0x1000060c       0x54 CMakeFiles/GenesisControllerPico.dir/UsbGamepad.cpp.obj
                0x1000060c                UsbGamepad::getHatValue()
 .text._ZN10UsbGamepad4sendEb
                0x10000660       0x84 CMakeFiles/GenesisControllerPico.dir/UsbGamepad.cpp.obj
                0x10000660                UsbGamepad::send(bool)
 .text._ZN10UsbGamepad9getReportEPht
                0x100006e4       0x58 CMakeFiles/GenesisControllerPico.dir/UsbGamepad.cpp.obj
                0x100006e4                UsbGamepad::getReport(unsigned char*, unsigned short)
 .text.tud_descriptor_device_cb
                0x1000073c        0x8 CMakeFiles/GenesisControllerPico.dir/usb_descriptors.c.obj
                0x1000073c                tud_descriptor_device_cb
 .text.tud_hid_descriptor_report_cb
                0x10000744       0x1c CMakeFiles/GenesisControllerPico.dir/usb_descriptors.c.obj
                0x10000744                tud_hid_descriptor_report_cb
 .text.tud_descriptor_configuration_cb
                0x10000760        0x8 CMakeFiles/GenesisControllerPico.dir/usb_descriptors.c.obj
                0x10000760                tud_descriptor_configuration_cb
 .text.tud_descriptor_string_cb
                0x10000768       0x68 CMakeFiles/GenesisControllerPico.dir/usb_descriptors.c.obj
                0x10000768                tud_descriptor_string_cb
 .text._Z15set_usb_devicesPP20IUsbControllerDeviceh
                0x100007d0       0x14 CMakeFiles/GenesisControllerPico.dir/usb_execution.cpp.obj
                0x100007d0                set_usb_devices(IUsbControllerDevice**, unsigned char)
 .text._Z8led_taskv
                0x100007e4       0xb8 CMakeFiles/GenesisControllerPico.dir/usb_execution.cpp.obj
                0x100007e4                led_task()
 .text._Z8usb_initv
                0x1000089c        0xe CMakeFiles/GenesisControllerPico.dir/usb_execution.cpp.obj
                0x1000089c                usb_init()
 *fill*         0x100008aa        0x2 
 .text._Z8usb_taskv
                0x100008ac       0x58 CMakeFiles/GenesisControllerPico.dir/usb_execution.cpp.obj
                0x100008ac                usb_task()
 .text.tud_mount_cb
                0x10000904       0x30 CMakeFiles/GenesisControllerPico.dir/usb_execution.cpp.obj
                0x10000904                tud_mount_cb
 .text.tud_umount_cb
                0x10000934       0x30 CMakeFiles/GenesisControllerPico.dir/usb_execution.cpp.obj
                0x10000934                tud_umount_cb
 .text.tud_suspend_cb
                0x10000964       0x30 CMakeFiles/GenesisControllerPico.dir/usb_execution.cpp.obj
                0x10000964                tud_suspend_cb
 .text.tud_resume_cb
                0x10000994       0x30 CMakeFiles/GenesisControllerPico.dir/usb_execution.cpp.obj
                0x10000994                tud_resume_cb
 .text.tud_hid_get_report_cb
                0x100009c4       0x30 CMakeFiles/GenesisControllerPico.dir/usb_execution.cpp.obj
                0x100009c4                tud_hid_get_report_cb
 .text.tud_hid_set_report_cb
                0x100009f4       0x10 CMakeFiles/GenesisControllerPico.dir/usb_execution.cpp.obj
                0x100009f4                tud_hid_set_report_cb
 .text._ZN17GenesisControllerC2EhhhhhhhhP26IGenesisControllerObserver
                0x10000a04       0xb2 CMakeFiles/GenesisControllerPico.dir/GenesisController.cpp.obj
                0x10000a04                GenesisController::GenesisController(unsigned char, unsigned char, unsigned char, unsigned char, unsigned char, unsigned char, unsigned char, unsigned char, IGenesisControllerObserver*)
                0x10000a04                GenesisController::GenesisController(unsigned char, unsigned char, unsigned char, unsigned char, unsigned char, unsigned char, unsigned char, unsigned char, IGenesisControllerObserver*)
 .text._ZN17GenesisController13commitSignalsEv
                0x10000ab6       0x10 CMakeFiles/GenesisControllerPico.dir/GenesisController.cpp.obj
                0x10000ab6                GenesisController::commitSignals()
 .text._ZN17GenesisController19controllerConnectedEv
                0x10000ac6       0x30 CMakeFiles/GenesisControllerPico.dir/GenesisController.cpp.obj
                0x10000ac6                GenesisController::controllerConnected()
 .text._ZN17GenesisController22controllerDisconnectedEv
                0x10000af6       0x2e CMakeFiles/GenesisControllerPico.dir/GenesisController.cpp.obj
                0x10000af6                GenesisController::controllerDisconnected()
 .text._ZN17GenesisController15checkConnectionEv
                0x10000b24       0x28 CMakeFiles/GenesisControllerPico.dir/GenesisController.cpp.obj
                0x10000b24                GenesisController::checkConnection()
 .text._ZN17GenesisController9updateKeyEN26IGenesisControllerObserver3KeyEb
                0x10000b4c       0x26 CMakeFiles/GenesisControllerPico.dir/GenesisController.cpp.obj
                0x10000b4c                GenesisController::updateKey(IGenesisControllerObserver::Key, bool)
 .text._ZN17GenesisController8getInputEhNS_14InputPinSelectE
                0x10000b72       0x18 CMakeFiles/GenesisControllerPico.dir/GenesisController.cpp.obj
                0x10000b72                GenesisController::getInput(unsigned char, GenesisController::InputPinSelect)
 .text._ZN17GenesisController14processSignalsEv
                0x10000b8a      0x164 CMakeFiles/GenesisControllerPico.dir/GenesisController.cpp.obj
                0x10000b8a                GenesisController::processSignals()
 .text._ZN17GenesisController9setSelectEb
                0x10000cee       0x1c CMakeFiles/GenesisControllerPico.dir/GenesisController.cpp.obj
                0x10000cee                GenesisController::setSelect(bool)
 .text._ZN17GenesisController7pinInitEv
                0x10000d0a       0x40 CMakeFiles/GenesisControllerPico.dir/GenesisController.cpp.obj
                0x10000d0a                GenesisController::pinInit()
 .text._ZN17GenesisController10nextSignalEhm
                0x10000d4a       0x3c CMakeFiles/GenesisControllerPico.dir/GenesisController.cpp.obj
                0x10000d4a                GenesisController::nextSignal(unsigned char, unsigned long)
 *fill*         0x10000d86        0x2 
 .text._Z10init_timerP17GenesisControllerm
                0x10000d88       0x14 CMakeFiles/GenesisControllerPico.dir/timers.cpp.obj
                0x10000d88                init_timer(GenesisController*, unsigned long)
 .text._Z13timer_processv
                0x10000d9c       0xc8 CMakeFiles/GenesisControllerPico.dir/timers.cpp.obj
                0x10000d9c                timer_process()
 .text._ZN35UsbGamepadGenesisControllerObserver19controllerConnectedEh
                0x10000e64        0xe CMakeFiles/GenesisControllerPico.dir/UsbGamepadGenesisControllerObserver.cpp.obj
                0x10000e64                UsbGamepadGenesisControllerObserver::controllerConnected(unsigned char)
 .text._ZN35UsbGamepadGenesisControllerObserver22controllerDisconnectedEh
                0x10000e72        0xe CMakeFiles/GenesisControllerPico.dir/UsbGamepadGenesisControllerObserver.cpp.obj
                0x10000e72                UsbGamepadGenesisControllerObserver::controllerDisconnected(unsigned char)
 .text._ZN35UsbGamepadGenesisControllerObserver15keyStateChangedEhN26IGenesisControllerObserver3KeyEb
                0x10000e80      0x248 CMakeFiles/GenesisControllerPico.dir/UsbGamepadGenesisControllerObserver.cpp.obj
                0x10000e80                UsbGamepadGenesisControllerObserver::keyStateChanged(unsigned char, IGenesisControllerObserver::Key, bool)
 .text._ZN35UsbGamepadGenesisControllerObserverC2ER10UsbGamepadPKNS_9ButtonMapE
                0x100010c8       0x10 CMakeFiles/GenesisControllerPico.dir/UsbGamepadGenesisControllerObserver.cpp.obj
                0x100010c8                UsbGamepadGenesisControllerObserver::UsbGamepadGenesisControllerObserver(UsbGamepad&, UsbGamepadGenesisControllerObserver::ButtonMap const*)
                0x100010c8                UsbGamepadGenesisControllerObserver::UsbGamepadGenesisControllerObserver(UsbGamepad&, UsbGamepadGenesisControllerObserver::ButtonMap const*)
 .text._ZN35UsbGamepadGenesisControllerObserver4sendEv
                0x100010d8        0xc CMakeFiles/GenesisControllerPico.dir/UsbGamepadGenesisControllerObserver.cpp.obj
                0x100010d8                UsbGamepadGenesisControllerObserver::send()
 .text.gpio_set_function
                0x100010e4       0x30 CMakeFiles/GenesisControllerPico.dir/home/pi/pico/pico-sdk/src/rp2_common/hardware_gpio/gpio.c.obj
                0x100010e4                gpio_set_function
 .text.gpio_set_pulls
                0x10001114       0x34 CMakeFiles/GenesisControllerPico.dir/home/pi/pico/pico-sdk/src/rp2_common/hardware_gpio/gpio.c.obj
                0x10001114                gpio_set_pulls
 .text.gpio_init
                0x10001148       0x16 CMakeFiles/GenesisControllerPico.dir/home/pi/pico/pico-sdk/src/rp2_common/hardware_gpio/gpio.c.obj
                0x10001148                gpio_init
 .text.gpio_init_mask
                0x1000115e       0x1e CMakeFiles/GenesisControllerPico.dir/home/pi/pico/pico-sdk/src/rp2_common/hardware_gpio/gpio.c.obj
                0x1000115e                gpio_init_mask
 .text.hw_claim_lock
                0x1000117c       0x18 CMakeFiles/GenesisControllerPico.dir/home/pi/pico/pico-sdk/src/rp2_common/hardware_claim/claim.c.obj
                0x1000117c                hw_claim_lock
 .text.hw_claim_unlock
                0x10001194       0x14 CMakeFiles/GenesisControllerPico.dir/home/pi/pico/pico-sdk/src/rp2_common/hardware_claim/claim.c.obj
                0x10001194                hw_claim_unlock
 .text.hw_claim_or_assert
                0x100011a8       0x32 CMakeFiles/GenesisControllerPico.dir/home/pi/pico/pico-sdk/src/rp2_common/hardware_claim/claim.c.obj
                0x100011a8                hw_claim_or_assert
 .text.hw_claim_unused_from_range
                0x100011da       0x50 CMakeFiles/GenesisControllerPico.dir/home/pi/pico/pico-sdk/src/rp2_common/hardware_claim/claim.c.obj
                0x100011da                hw_claim_unused_from_range
 *fill*         0x1000122a        0x2 
 .text.running_on_fpga
                0x1000122c       0x14 CMakeFiles/GenesisControllerPico.dir/home/pi/pico/pico-sdk/src/rp2_common/pico_platform/platform.c.obj
                0x1000122c                running_on_fpga
 .text.spin_locks_reset
                0x10001240       0x20 CMakeFiles/GenesisControllerPico.dir/home/pi/pico/pico-sdk/src/rp2_common/hardware_sync/sync.c.obj
                0x10001240                spin_locks_reset
 .text.next_striped_spin_lock_num
                0x10001260       0x1c CMakeFiles/GenesisControllerPico.dir/home/pi/pico/pico-sdk/src/rp2_common/hardware_sync/sync.c.obj
                0x10001260                next_striped_spin_lock_num
 .text.spin_lock_claim_unused
                0x1000127c       0x20 CMakeFiles/GenesisControllerPico.dir/home/pi/pico/pico-sdk/src/rp2_common/hardware_sync/sync.c.obj
                0x1000127c                spin_lock_claim_unused
 .text.uart_set_baudrate
                0x1000129c       0x5c CMakeFiles/GenesisControllerPico.dir/home/pi/pico/pico-sdk/src/rp2_common/hardware_uart/uart.c.obj
                0x1000129c                uart_set_baudrate
 .text.uart_set_translate_crlf
                0x100012f8       0x28 CMakeFiles/GenesisControllerPico.dir/home/pi/pico/pico-sdk/src/rp2_common/hardware_uart/uart.c.obj
                0x100012f8                uart_set_translate_crlf
 .text.uart_init
                0x10001320       0x84 CMakeFiles/GenesisControllerPico.dir/home/pi/pico/pico-sdk/src/rp2_common/hardware_uart/uart.c.obj
                0x10001320                uart_init
 .text.alarm_pool_post_alloc_init
                0x100013a4       0x40 CMakeFiles/GenesisControllerPico.dir/home/pi/pico/pico-sdk/src/common/pico_time/time.c.obj
 .text.sleep_until_callback
                0x100013e4       0x30 CMakeFiles/GenesisControllerPico.dir/home/pi/pico/pico-sdk/src/common/pico_time/time.c.obj
 .text.timer_pool_entry_comparator
                0x10001414       0x7c CMakeFiles/GenesisControllerPico.dir/home/pi/pico/pico-sdk/src/common/pico_time/time.c.obj
                0x10001414                timer_pool_entry_comparator
 .text.ph_add_child_node
                0x10001490       0xa4 CMakeFiles/GenesisControllerPico.dir/home/pi/pico/pico-sdk/src/common/pico_time/time.c.obj
 .text.ph_merge_nodes
                0x10001534       0x3a CMakeFiles/GenesisControllerPico.dir/home/pi/pico/pico-sdk/src/common/pico_time/time.c.obj
 *fill*         0x1000156e        0x2 
 .text.add_alarm_under_lock
                0x10001570      0x180 CMakeFiles/GenesisControllerPico.dir/home/pi/pico/pico-sdk/src/common/pico_time/time.c.obj
 .text.alarm_pool_alarm_callback
                0x100016f0      0x344 CMakeFiles/GenesisControllerPico.dir/home/pi/pico/pico-sdk/src/common/pico_time/time.c.obj
 .text.alarm_pool_init_default
                0x10001a34       0x38 CMakeFiles/GenesisControllerPico.dir/home/pi/pico/pico-sdk/src/common/pico_time/time.c.obj
                0x10001a34                alarm_pool_init_default
 .text.alarm_pool_get_default
                0x10001a6c       0x2c CMakeFiles/GenesisControllerPico.dir/home/pi/pico/pico-sdk/src/common/pico_time/time.c.obj
                0x10001a6c                alarm_pool_get_default
 .text.alarm_pool_add_alarm_at
                0x10001a98      0x168 CMakeFiles/GenesisControllerPico.dir/home/pi/pico/pico-sdk/src/common/pico_time/time.c.obj
                0x10001a98                alarm_pool_add_alarm_at
 .text.alarm_pool_cancel_alarm
                0x10001c00       0xec CMakeFiles/GenesisControllerPico.dir/home/pi/pico/pico-sdk/src/common/pico_time/time.c.obj
                0x10001c00                alarm_pool_cancel_alarm
 .text.best_effort_wfe_or_timeout
                0x10001cec       0x80 CMakeFiles/GenesisControllerPico.dir/home/pi/pico/pico-sdk/src/common/pico_time/time.c.obj
                0x10001cec                best_effort_wfe_or_timeout
 .text.hardware_alarm_irq_handler
                0x10001d6c       0x8c CMakeFiles/GenesisControllerPico.dir/home/pi/pico/pico-sdk/src/rp2_common/hardware_timer/timer.c.obj
 .text.hardware_alarm_claim
                0x10001df8       0x18 CMakeFiles/GenesisControllerPico.dir/home/pi/pico/pico-sdk/src/rp2_common/hardware_timer/timer.c.obj
                0x10001df8                hardware_alarm_claim
 .text.time_us_64
                0x10001e10       0x18 CMakeFiles/GenesisControllerPico.dir/home/pi/pico/pico-sdk/src/rp2_common/hardware_timer/timer.c.obj
                0x10001e10                time_us_64
 .text.busy_wait_until
                0x10001e28       0x28 CMakeFiles/GenesisControllerPico.dir/home/pi/pico/pico-sdk/src/rp2_common/hardware_timer/timer.c.obj
                0x10001e28                busy_wait_until
 .text.hardware_alarm_set_callback
                0x10001e50       0x90 CMakeFiles/GenesisControllerPico.dir/home/pi/pico/pico-sdk/src/rp2_common/hardware_timer/timer.c.obj
                0x10001e50                hardware_alarm_set_callback
 .text.hardware_alarm_set_target
                0x10001ee0       0xe8 CMakeFiles/GenesisControllerPico.dir/home/pi/pico/pico-sdk/src/rp2_common/hardware_timer/timer.c.obj
                0x10001ee0                hardware_alarm_set_target
 .text.hardware_alarm_cancel
                0x10001fc8       0x40 CMakeFiles/GenesisControllerPico.dir/home/pi/pico/pico-sdk/src/rp2_common/hardware_timer/timer.c.obj
                0x10001fc8                hardware_alarm_cancel
 .text.lock_init
                0x10002008       0x10 CMakeFiles/GenesisControllerPico.dir/home/pi/pico/pico-sdk/src/common/pico_sync/lock_core.c.obj
                0x10002008                lock_init
 .text.mutex_init_internal
                0x10002018       0x1e CMakeFiles/GenesisControllerPico.dir/home/pi/pico/pico-sdk/src/common/pico_sync/mutex.c.obj
 .text.mutex_init
                0x10002036        0xa CMakeFiles/GenesisControllerPico.dir/home/pi/pico/pico-sdk/src/common/pico_sync/mutex.c.obj
                0x10002036                mutex_init
 .text.recursive_mutex_init
                0x10002040        0xa CMakeFiles/GenesisControllerPico.dir/home/pi/pico/pico-sdk/src/common/pico_sync/mutex.c.obj
                0x10002040                recursive_mutex_init
 *fill*         0x1000204a        0x2 
 .text.critical_section_init_with_lock_num
                0x1000204c       0x14 CMakeFiles/GenesisControllerPico.dir/home/pi/pico/pico-sdk/src/common/pico_sync/critical_section.c.obj
                0x1000204c                critical_section_init_with_lock_num
 .text.critical_section_init
                0x10002060       0x14 CMakeFiles/GenesisControllerPico.dir/home/pi/pico/pico-sdk/src/common/pico_sync/critical_section.c.obj
                0x10002060                critical_section_init
 .text.ph_add_child_node
                0x10002074       0xa4 CMakeFiles/GenesisControllerPico.dir/home/pi/pico/pico-sdk/src/common/pico_util/pheap.c.obj
 .text.ph_merge_nodes
                0x10002118       0x3a CMakeFiles/GenesisControllerPico.dir/home/pi/pico/pico-sdk/src/common/pico_util/pheap.c.obj
 *fill*         0x10002152        0x2 
 .text.ph_clear
                0x10002154       0x70 CMakeFiles/GenesisControllerPico.dir/home/pi/pico/pico-sdk/src/common/pico_util/pheap.c.obj
                0x10002154                ph_clear
 .text.ph_post_alloc_init
                0x100021c4        0xe CMakeFiles/GenesisControllerPico.dir/home/pi/pico/pico-sdk/src/common/pico_util/pheap.c.obj
                0x100021c4                ph_post_alloc_init
 *fill*         0x100021d2        0x2 
 .text.ph_merge_two_pass
                0x100021d4       0xac CMakeFiles/GenesisControllerPico.dir/home/pi/pico/pico-sdk/src/common/pico_util/pheap.c.obj
                0x100021d4                ph_merge_two_pass
 .text.ph_remove_any_head
                0x10002280      0x108 CMakeFiles/GenesisControllerPico.dir/home/pi/pico/pico-sdk/src/common/pico_util/pheap.c.obj
 .text.ph_remove_head
                0x10002388       0x14 CMakeFiles/GenesisControllerPico.dir/home/pi/pico/pico-sdk/src/common/pico_util/pheap.c.obj
                0x10002388                ph_remove_head
 .text.ph_remove_and_free_node
                0x1000239c       0xf8 CMakeFiles/GenesisControllerPico.dir/home/pi/pico/pico-sdk/src/common/pico_util/pheap.c.obj
                0x1000239c                ph_remove_and_free_node
 .text.runtime_init
                0x10002494       0xd8 CMakeFiles/GenesisControllerPico.dir/home/pi/pico/pico-sdk/src/rp2_common/pico_runtime/runtime.c.obj
                0x10002494                runtime_init
 .text._exit    0x1000256c        0x4 CMakeFiles/GenesisControllerPico.dir/home/pi/pico/pico-sdk/src/rp2_common/pico_runtime/runtime.c.obj
                0x1000256c                _exit
 .text._sbrk    0x10002570       0x38 CMakeFiles/GenesisControllerPico.dir/home/pi/pico/pico-sdk/src/rp2_common/pico_runtime/runtime.c.obj
                0x10002570                _sbrk
 .text.exit     0x100025a8        0x6 CMakeFiles/GenesisControllerPico.dir/home/pi/pico/pico-sdk/src/rp2_common/pico_runtime/runtime.c.obj
                0x100025a8                exit
 *fill*         0x100025ae        0x2 
 .text.__assert_func
                0x100025b0       0x3c CMakeFiles/GenesisControllerPico.dir/home/pi/pico/pico-sdk/src/rp2_common/pico_runtime/runtime.c.obj
                0x100025b0                __assert_func
 .text.panic    0x100025ec       0x30 CMakeFiles/GenesisControllerPico.dir/home/pi/pico/pico-sdk/src/rp2_common/pico_runtime/runtime.c.obj
                0x100025ec                panic
 .text.clock_configure
                0x1000261c       0xfc CMakeFiles/GenesisControllerPico.dir/home/pi/pico/pico-sdk/src/rp2_common/hardware_clocks/clocks.c.obj
                0x1000261c                clock_configure
 .text.clocks_init
                0x10002718      0x100 CMakeFiles/GenesisControllerPico.dir/home/pi/pico/pico-sdk/src/rp2_common/hardware_clocks/clocks.c.obj
                0x10002718                clocks_init
 .text.clock_get_hz
                0x10002818        0xc CMakeFiles/GenesisControllerPico.dir/home/pi/pico/pico-sdk/src/rp2_common/hardware_clocks/clocks.c.obj
                0x10002818                clock_get_hz
 .text.set_raw_irq_handler_and_unlock
                0x10002824       0x28 CMakeFiles/GenesisControllerPico.dir/home/pi/pico/pico-sdk/src/rp2_common/hardware_irq/irq.c.obj
 .text.make_branch
                0x1000284c       0x34 CMakeFiles/GenesisControllerPico.dir/home/pi/pico/pico-sdk/src/rp2_common/hardware_irq/irq.c.obj
 .text.insert_branch_and_link
                0x10002880       0x40 CMakeFiles/GenesisControllerPico.dir/home/pi/pico/pico-sdk/src/rp2_common/hardware_irq/irq.c.obj
 .text.irq_is_enabled
                0x100028c0       0x18 CMakeFiles/GenesisControllerPico.dir/home/pi/pico/pico-sdk/src/rp2_common/hardware_irq/irq.c.obj
                0x100028c0                irq_is_enabled
 .text.irq_set_mask_enabled
                0x100028d8       0x20 CMakeFiles/GenesisControllerPico.dir/home/pi/pico/pico-sdk/src/rp2_common/hardware_irq/irq.c.obj
                0x100028d8                irq_set_mask_enabled
 .text.irq_set_enabled
                0x100028f8        0xe CMakeFiles/GenesisControllerPico.dir/home/pi/pico/pico-sdk/src/rp2_common/hardware_irq/irq.c.obj
                0x100028f8                irq_set_enabled
 *fill*         0x10002906        0x2 
 .text.irq_get_vtable_handler
                0x10002908       0x10 CMakeFiles/GenesisControllerPico.dir/home/pi/pico/pico-sdk/src/rp2_common/hardware_irq/irq.c.obj
                0x10002908                irq_get_vtable_handler
 .text.irq_set_exclusive_handler
                0x10002918       0x54 CMakeFiles/GenesisControllerPico.dir/home/pi/pico/pico-sdk/src/rp2_common/hardware_irq/irq.c.obj
                0x10002918                irq_set_exclusive_handler
 .text.irq_remove_handler
                0x1000296c      0x1b4 CMakeFiles/GenesisControllerPico.dir/home/pi/pico/pico-sdk/src/rp2_common/hardware_irq/irq.c.obj
                0x1000296c                irq_remove_handler
 .text.irq_set_priority
                0x10002b20       0x28 CMakeFiles/GenesisControllerPico.dir/home/pi/pico/pico-sdk/src/rp2_common/hardware_irq/irq.c.obj
                0x10002b20                irq_set_priority
 .text.irq_add_tail_to_free_list
                0x10002b48       0xf0 CMakeFiles/GenesisControllerPico.dir/home/pi/pico/pico-sdk/src/rp2_common/hardware_irq/irq.c.obj
                0x10002b48                irq_add_tail_to_free_list
 .text.irq_init_priorities
                0x10002c38       0x16 CMakeFiles/GenesisControllerPico.dir/home/pi/pico/pico-sdk/src/rp2_common/hardware_irq/irq.c.obj
                0x10002c38                irq_init_priorities
 *fill*         0x10002c4e        0x2 
 .text.pll_init
                0x10002c50      0x118 CMakeFiles/GenesisControllerPico.dir/home/pi/pico/pico-sdk/src/rp2_common/hardware_pll/pll.c.obj
                0x10002c50                pll_init
 .text.watchdog_start_tick
                0x10002d68       0x10 CMakeFiles/GenesisControllerPico.dir/home/pi/pico/pico-sdk/src/rp2_common/hardware_watchdog/watchdog.c.obj
                0x10002d68                watchdog_start_tick
 .text.xosc_init
                0x10002d78       0x28 CMakeFiles/GenesisControllerPico.dir/home/pi/pico/pico-sdk/src/rp2_common/hardware_xosc/xosc.c.obj
                0x10002d78                xosc_init
 .text._out_null
                0x10002da0        0x2 CMakeFiles/GenesisControllerPico.dir/home/pi/pico/pico-sdk/src/rp2_common/pico_printf/printf.c.obj
 .text._out_fct
                0x10002da2        0xe CMakeFiles/GenesisControllerPico.dir/home/pi/pico/pico-sdk/src/rp2_common/pico_printf/printf.c.obj
 .text._atoi    0x10002db0       0x24 CMakeFiles/GenesisControllerPico.dir/home/pi/pico/pico-sdk/src/rp2_common/pico_printf/printf.c.obj
 .text._out_rev
                0x10002dd4       0x8c CMakeFiles/GenesisControllerPico.dir/home/pi/pico/pico-sdk/src/rp2_common/pico_printf/printf.c.obj
 .text._ntoa_format
                0x10002e60      0x112 CMakeFiles/GenesisControllerPico.dir/home/pi/pico/pico-sdk/src/rp2_common/pico_printf/printf.c.obj
 .text._ntoa_long
                0x10002f72       0x9e CMakeFiles/GenesisControllerPico.dir/home/pi/pico/pico-sdk/src/rp2_common/pico_printf/printf.c.obj
 .text._ntoa_long_long
                0x10003010       0xe2 CMakeFiles/GenesisControllerPico.dir/home/pi/pico/pico-sdk/src/rp2_common/pico_printf/printf.c.obj
 *fill*         0x100030f2        0x2 
 .text._etoa    0x100030f4      0x424 CMakeFiles/GenesisControllerPico.dir/home/pi/pico/pico-sdk/src/rp2_common/pico_printf/printf.c.obj
 .text._ftoa    0x10003518      0x340 CMakeFiles/GenesisControllerPico.dir/home/pi/pico/pico-sdk/src/rp2_common/pico_printf/printf.c.obj
 .text._vsnprintf
                0x10003858      0x640 CMakeFiles/GenesisControllerPico.dir/home/pi/pico/pico-sdk/src/rp2_common/pico_printf/printf.c.obj
 .text.vfctprintf
                0x10003e98       0x20 CMakeFiles/GenesisControllerPico.dir/home/pi/pico/pico-sdk/src/rp2_common/pico_printf/printf.c.obj
                0x10003e98                vfctprintf
 .text          0x10003eb8       0x10 CMakeFiles/GenesisControllerPico.dir/home/pi/pico/pico-sdk/src/rp2_common/pico_bit_ops/bit_ops_aeabi.S.obj
 .text.rom_func_lookup
                0x10003ec8       0x10 CMakeFiles/GenesisControllerPico.dir/home/pi/pico/pico-sdk/src/rp2_common/pico_bootrom/bootrom.c.obj
                0x10003ec8                rom_func_lookup
 .text.rom_data_lookup
                0x10003ed8       0x10 CMakeFiles/GenesisControllerPico.dir/home/pi/pico/pico-sdk/src/rp2_common/pico_bootrom/bootrom.c.obj
                0x10003ed8                rom_data_lookup
 .text.rom_funcs_lookup
                0x10003ee8       0x36 CMakeFiles/GenesisControllerPico.dir/home/pi/pico/pico-sdk/src/rp2_common/pico_bootrom/bootrom.c.obj
                0x10003ee8                rom_funcs_lookup
 *fill*         0x10003f1e        0x2 
 .text.__wrap___aeabi_idiv
                0x10003f20       0x50 CMakeFiles/GenesisControllerPico.dir/home/pi/pico/pico-sdk/src/rp2_common/pico_divider/divider.S.obj
                0x10003f20                __wrap___aeabi_idivmod
                0x10003f20                divmod_s32s32
                0x10003f20                div_s32s32
                0x10003f20                __wrap___aeabi_idiv
                0x10003f28                divmod_s32s32_unsafe
                0x10003f54                divmod_s32s32_savestate
 .text.__wrap___aeabi_uidiv
                0x10003f70       0x4c CMakeFiles/GenesisControllerPico.dir/home/pi/pico/pico-sdk/src/rp2_common/pico_divider/divider.S.obj
                0x10003f70                __wrap___aeabi_uidiv
                0x10003f70                __wrap___aeabi_uidivmod
                0x10003f70                div_u32u32
                0x10003f70                divmod_u32u32
                0x10003f78                divmod_u32u32_unsafe
                0x10003fa0                divmod_u32u32_savestate
 .text.__wrap___aeabi_ldiv
                0x10003fbc      0x430 CMakeFiles/GenesisControllerPico.dir/home/pi/pico/pico-sdk/src/rp2_common/pico_divider/divider.S.obj
                0x10003fbc                div_s64s64
                0x10003fbc                divmod_s64s64
                0x10003fbc                __wrap___aeabi_ldivmod
                0x10003ff4                div_u64u64
                0x10003ff4                divmod_u64u64
                0x10003ff4                __wrap___aeabi_uldivmod
                0x10004004                divmod_u64u64_savestate
                0x1000402c                divmod_s64s64_unsafe
                0x100040b4                divmod_u64u64_unsafe
 .text.__wrap___aeabi_darithmetic
                0x100043ec       0x80 CMakeFiles/GenesisControllerPico.dir/home/pi/pico/pico-sdk/src/rp2_common/pico_double/double_aeabi.S.obj
                0x100043ec                __wrap___aeabi_drsub
                0x100043f2                __wrap___aeabi_dsub
                0x10004404                __wrap___aeabi_dadd
                0x10004416                __wrap___aeabi_ddiv
                0x10004452                __wrap___aeabi_dmul
 .text.__wrap___aeabi_cdcmple
                0x1000446c       0x6c CMakeFiles/GenesisControllerPico.dir/home/pi/pico/pico-sdk/src/rp2_common/pico_double/double_aeabi.S.obj
                0x1000446c                __wrap___aeabi_cdrcmple
                0x1000447c                __wrap___aeabi_cdcmple
                0x1000447c                __wrap___aeabi_cdcmpeq
 .text.__wrap___aeabi_dcmplt
                0x100044d8        0xc CMakeFiles/GenesisControllerPico.dir/home/pi/pico/pico-sdk/src/rp2_common/pico_double/double_aeabi.S.obj
                0x100044d8                __wrap___aeabi_dcmplt
 .text.__wrap___aeabi_dcmple
                0x100044e4       0x10 CMakeFiles/GenesisControllerPico.dir/home/pi/pico/pico-sdk/src/rp2_common/pico_double/double_aeabi.S.obj
                0x100044e4                __wrap___aeabi_dcmple
 .text.__wrap___aeabi_dcmpge
                0x100044f4       0x10 CMakeFiles/GenesisControllerPico.dir/home/pi/pico/pico-sdk/src/rp2_common/pico_double/double_aeabi.S.obj
                0x100044f4                __wrap___aeabi_dcmpge
 .text.__wrap___aeabi_dcmpgt
                0x10004504        0xa CMakeFiles/GenesisControllerPico.dir/home/pi/pico/pico-sdk/src/rp2_common/pico_double/double_aeabi.S.obj
                0x10004504                __wrap___aeabi_dcmpgt
 .text.__wrap___aeabi_dcmpun
                0x1000450e       0x1c CMakeFiles/GenesisControllerPico.dir/home/pi/pico/pico-sdk/src/rp2_common/pico_double/double_aeabi.S.obj
                0x1000450e                __wrap___aeabi_dcmpun
 *fill*         0x1000452a        0x2 
 .text.__wrap___aeabi_i2d
                0x1000452c       0x38 CMakeFiles/GenesisControllerPico.dir/home/pi/pico/pico-sdk/src/rp2_common/pico_double/double_aeabi.S.obj
                0x1000452c                __wrap___aeabi_ui2d
                0x10004534                __wrap___aeabi_i2d
 .text.__wrap___aeabi_d2iz
                0x10004564       0x48 CMakeFiles/GenesisControllerPico.dir/home/pi/pico/pico-sdk/src/rp2_common/pico_double/double_aeabi.S.obj
                0x10004564                __wrap___aeabi_d2iz
                0x10004564                double2int_z
 .text.__wrap___aeabi_d2uiz
                0x100045ac       0x18 CMakeFiles/GenesisControllerPico.dir/home/pi/pico/pico-sdk/src/rp2_common/pico_double/double_aeabi.S.obj
                0x100045ac                double2uint
                0x100045ac                __wrap___aeabi_d2uiz
 .text.__aeabi_double_init
                0x100045c4       0xb8 CMakeFiles/GenesisControllerPico.dir/home/pi/pico/pico-sdk/src/rp2_common/pico_double/double_init_rom.c.obj
                0x100045c4                __aeabi_double_init
 .text.double_table_shim_on_use_helper
                0x1000467c       0x34 CMakeFiles/GenesisControllerPico.dir/home/pi/pico/pico-sdk/src/rp2_common/pico_double/double_v1_rom_shim.S.obj
                0x1000467c                double_table_shim_on_use_helper
 .text.__wrap___aeabi_dsub
                0x100046b0       0x10 CMakeFiles/GenesisControllerPico.dir/home/pi/pico/pico-sdk/src/rp2_common/pico_double/double_v1_rom_shim.S.obj
                0x100046b0                drsub_shim
                0x100046b6                dsub_shim
 .text.dadd_shim
                0x100046c0      0x15c CMakeFiles/GenesisControllerPico.dir/home/pi/pico/pico-sdk/src/rp2_common/pico_double/double_v1_rom_shim.S.obj
                0x100046c0                dadd_shim
 .text.dmul_shim
                0x1000481c      0x15c CMakeFiles/GenesisControllerPico.dir/home/pi/pico/pico-sdk/src/rp2_common/pico_double/double_v1_rom_shim.S.obj
                0x1000481c                dmul_shim
 .text.ddiv_shim
                0x10004978      0x1b0 CMakeFiles/GenesisControllerPico.dir/home/pi/pico/pico-sdk/src/rp2_common/pico_double/double_v1_rom_shim.S.obj
                0x10004978                ddiv_shim
 .text.dcordic_rot_step
                0x10004b28       0x7c CMakeFiles/GenesisControllerPico.dir/home/pi/pico/pico-sdk/src/rp2_common/pico_double/double_v1_rom_shim.S.obj
                0x10004b28                dcordic_rot_step
 .text.double2uint_shim
                0x10004ba4        0xe CMakeFiles/GenesisControllerPico.dir/home/pi/pico/pico-sdk/src/rp2_common/pico_double/double_v1_rom_shim.S.obj
                0x10004ba4                double2uint_shim
                0x10004ba6                double2ufix_shim
 *fill*         0x10004bb2        0x2 
 .text.double2uint64_shim
                0x10004bb4       0x6c CMakeFiles/GenesisControllerPico.dir/home/pi/pico/pico-sdk/src/rp2_common/pico_double/double_v1_rom_shim.S.obj
                0x10004bb4                double2uint64_shim
                0x10004bb6                double2ufix64_shim
                0x10004bd0                d2fix_a
 .text.dunpacks
                0x10004c20       0x3c CMakeFiles/GenesisControllerPico.dir/home/pi/pico/pico-sdk/src/rp2_common/pico_double/double_v1_rom_shim.S.obj
                0x10004c20                dunpacks
 .text.__aeabi_lmul
                0x10004c5c       0x32 CMakeFiles/GenesisControllerPico.dir/home/pi/pico/pico-sdk/src/rp2_common/pico_int64_ops/pico_int64_ops_aeabi.S.obj
                0x10004c5c                __wrap___aeabi_lmul
 *fill*         0x10004c8e        0x2 
 .text.__aeabi_float_init
                0x10004c90       0xfc CMakeFiles/GenesisControllerPico.dir/home/pi/pico/pico-sdk/src/rp2_common/pico_float/float_init_rom.c.obj
                0x10004c90                __aeabi_float_init
 .text.float_table_shim_on_use_helper
                0x10004d8c       0x34 CMakeFiles/GenesisControllerPico.dir/home/pi/pico/pico-sdk/src/rp2_common/pico_float/float_v1_rom_shim.S.obj
                0x10004d8c                float_table_shim_on_use_helper
 .text.__wrap_free
                0x10004dc0       0x20 CMakeFiles/GenesisControllerPico.dir/home/pi/pico/pico-sdk/src/rp2_common/pico_malloc/pico_malloc.c.obj
                0x10004dc0                __wrap_free
 .text          0x10004de0       0x10 CMakeFiles/GenesisControllerPico.dir/home/pi/pico/pico-sdk/src/rp2_common/pico_mem_ops/mem_ops_aeabi.S.obj
                0x10004de0                __aeabi_mem_init
 .text.memset   0x10004df0        0xc CMakeFiles/GenesisControllerPico.dir/home/pi/pico/pico-sdk/src/rp2_common/pico_mem_ops/mem_ops_aeabi.S.obj
                0x10004df0                __wrap_memset
 .text.memcpy   0x10004dfc        0xc CMakeFiles/GenesisControllerPico.dir/home/pi/pico/pico-sdk/src/rp2_common/pico_mem_ops/mem_ops_aeabi.S.obj
                0x10004dfc                __wrap___aeabi_memcpy
                0x10004dfc                __wrap_memcpy
 .text._ZdlPvj  0x10004e08        0x8 CMakeFiles/GenesisControllerPico.dir/home/pi/pico/pico-sdk/src/rp2_common/pico_standard_link/new_delete.cpp.obj
                0x10004e08                operator delete(void*, unsigned int)
 .text.stdio_out_chars_crlf
                0x10004e10       0x80 CMakeFiles/GenesisControllerPico.dir/home/pi/pico/pico-sdk/src/rp2_common/pico_stdio/stdio.c.obj
 .text.stdio_stack_buffer_flush
                0x10004e90       0x44 CMakeFiles/GenesisControllerPico.dir/home/pi/pico/pico-sdk/src/rp2_common/pico_stdio/stdio.c.obj
 .text.stdio_buffered_printer
                0x10004ed4       0x20 CMakeFiles/GenesisControllerPico.dir/home/pi/pico/pico-sdk/src/rp2_common/pico_stdio/stdio.c.obj
 .text.stdout_serialize_begin
                0x10004ef4       0x30 CMakeFiles/GenesisControllerPico.dir/home/pi/pico/pico-sdk/src/rp2_common/pico_stdio/stdio.c.obj
                0x10004ef4                stdout_serialize_begin
 .text.stdout_serialize_end
                0x10004f24       0x10 CMakeFiles/GenesisControllerPico.dir/home/pi/pico/pico-sdk/src/rp2_common/pico_stdio/stdio.c.obj
                0x10004f24                stdout_serialize_end
 .text.stdio_put_string
                0x10004f34       0x78 CMakeFiles/GenesisControllerPico.dir/home/pi/pico/pico-sdk/src/rp2_common/pico_stdio/stdio.c.obj
 .text.stdio_set_driver_enabled
                0x10004fac       0x38 CMakeFiles/GenesisControllerPico.dir/home/pi/pico/pico-sdk/src/rp2_common/pico_stdio/stdio.c.obj
                0x10004fac                stdio_set_driver_enabled
 .text.stdio_flush
                0x10004fe4       0x20 CMakeFiles/GenesisControllerPico.dir/home/pi/pico/pico-sdk/src/rp2_common/pico_stdio/stdio.c.obj
                0x10004fe4                stdio_flush
 .text.__wrap_puts
                0x10005004       0x1c CMakeFiles/GenesisControllerPico.dir/home/pi/pico/pico-sdk/src/rp2_common/pico_stdio/stdio.c.obj
                0x10005004                __wrap_puts
 .text.__wrap_vprintf
                0x10005020       0x44 CMakeFiles/GenesisControllerPico.dir/home/pi/pico/pico-sdk/src/rp2_common/pico_stdio/stdio.c.obj
                0x10005020                __wrap_vprintf
 .text.__wrap_printf
                0x10005064       0x18 CMakeFiles/GenesisControllerPico.dir/home/pi/pico/pico-sdk/src/rp2_common/pico_stdio/stdio.c.obj
                0x10005064                __wrap_printf
 .text.stdio_uart_out_chars
                0x1000507c       0x70 CMakeFiles/GenesisControllerPico.dir/home/pi/pico/pico-sdk/src/rp2_common/pico_stdio_uart/stdio_uart.c.obj
 .text.stdio_uart_in_chars
                0x100050ec       0x50 CMakeFiles/GenesisControllerPico.dir/home/pi/pico/pico-sdk/src/rp2_common/pico_stdio_uart/stdio_uart.c.obj
                0x100050ec                stdio_uart_in_chars
 .text.stdio_uart_init_full
                0x1000513c       0x3c CMakeFiles/GenesisControllerPico.dir/home/pi/pico/pico-sdk/src/rp2_common/pico_stdio_uart/stdio_uart.c.obj
                0x1000513c                stdio_uart_init_full
 .text.hw_endpoint_get_by_addr
                0x10005178       0x18 CMakeFiles/GenesisControllerPico.dir/home/pi/pico/pico-sdk/lib/tinyusb/src/portable/raspberrypi/rp2040/dcd_rp2040.c.obj
 .text.reset_ep0
                0x10005190       0x2c CMakeFiles/GenesisControllerPico.dir/home/pi/pico/pico-sdk/lib/tinyusb/src/portable/raspberrypi/rp2040/dcd_rp2040.c.obj
 .text._hw_endpoint_alloc
                0x100051bc       0x80 CMakeFiles/GenesisControllerPico.dir/home/pi/pico/pico-sdk/lib/tinyusb/src/portable/raspberrypi/rp2040/dcd_rp2040.c.obj
 .text._hw_endpoint_init
                0x1000523c       0xbc CMakeFiles/GenesisControllerPico.dir/home/pi/pico/pico-sdk/lib/tinyusb/src/portable/raspberrypi/rp2040/dcd_rp2040.c.obj
 .text.hw_endpoint_init
                0x100052f8       0x18 CMakeFiles/GenesisControllerPico.dir/home/pi/pico/pico-sdk/lib/tinyusb/src/portable/raspberrypi/rp2040/dcd_rp2040.c.obj
 .text.hw_handle_buff_status
                0x10005310       0xb4 CMakeFiles/GenesisControllerPico.dir/home/pi/pico/pico-sdk/lib/tinyusb/src/portable/raspberrypi/rp2040/dcd_rp2040.c.obj
 .text.dcd_rp2040_irq
                0x100053c4       0xa4 CMakeFiles/GenesisControllerPico.dir/home/pi/pico/pico-sdk/lib/tinyusb/src/portable/raspberrypi/rp2040/dcd_rp2040.c.obj
 .text.hw_endpoint_xfer
                0x10005468       0x18 CMakeFiles/GenesisControllerPico.dir/home/pi/pico/pico-sdk/lib/tinyusb/src/portable/raspberrypi/rp2040/dcd_rp2040.c.obj
 .text.ep0_0len_status
                0x10005480       0x14 CMakeFiles/GenesisControllerPico.dir/home/pi/pico/pico-sdk/lib/tinyusb/src/portable/raspberrypi/rp2040/dcd_rp2040.c.obj
 .text._hw_endpoint_stall
                0x10005494       0x54 CMakeFiles/GenesisControllerPico.dir/home/pi/pico/pico-sdk/lib/tinyusb/src/portable/raspberrypi/rp2040/dcd_rp2040.c.obj
 .text.hw_endpoint_stall
                0x100054e8        0xc CMakeFiles/GenesisControllerPico.dir/home/pi/pico/pico-sdk/lib/tinyusb/src/portable/raspberrypi/rp2040/dcd_rp2040.c.obj
 .text._hw_endpoint_clear_stall
                0x100054f4       0x34 CMakeFiles/GenesisControllerPico.dir/home/pi/pico/pico-sdk/lib/tinyusb/src/portable/raspberrypi/rp2040/dcd_rp2040.c.obj
 .text.hw_endpoint_clear_stall
                0x10005528        0xc CMakeFiles/GenesisControllerPico.dir/home/pi/pico/pico-sdk/lib/tinyusb/src/portable/raspberrypi/rp2040/dcd_rp2040.c.obj
 .text.dcd_int_enable
                0x10005534       0x2c CMakeFiles/GenesisControllerPico.dir/home/pi/pico/pico-sdk/lib/tinyusb/src/portable/raspberrypi/rp2040/dcd_rp2040.c.obj
                0x10005534                dcd_int_enable
 .text.dcd_set_address
                0x10005560       0x28 CMakeFiles/GenesisControllerPico.dir/home/pi/pico/pico-sdk/lib/tinyusb/src/portable/raspberrypi/rp2040/dcd_rp2040.c.obj
                0x10005560                dcd_set_address
 .text.dcd_disconnect
                0x10005588       0x30 CMakeFiles/GenesisControllerPico.dir/home/pi/pico/pico-sdk/lib/tinyusb/src/portable/raspberrypi/rp2040/dcd_rp2040.c.obj
                0x10005588                dcd_disconnect
 .text.dcd_connect
                0x100055b8       0x30 CMakeFiles/GenesisControllerPico.dir/home/pi/pico/pico-sdk/lib/tinyusb/src/portable/raspberrypi/rp2040/dcd_rp2040.c.obj
                0x100055b8                dcd_connect
 .text.dcd_init
                0x100055e8       0x84 CMakeFiles/GenesisControllerPico.dir/home/pi/pico/pico-sdk/lib/tinyusb/src/portable/raspberrypi/rp2040/dcd_rp2040.c.obj
                0x100055e8                dcd_init
 .text.dcd_edpt0_status_complete
                0x1000566c       0x40 CMakeFiles/GenesisControllerPico.dir/home/pi/pico/pico-sdk/lib/tinyusb/src/portable/raspberrypi/rp2040/dcd_rp2040.c.obj
                0x1000566c                dcd_edpt0_status_complete
 .text.dcd_edpt_open
                0x100056ac       0x40 CMakeFiles/GenesisControllerPico.dir/home/pi/pico/pico-sdk/lib/tinyusb/src/portable/raspberrypi/rp2040/dcd_rp2040.c.obj
                0x100056ac                dcd_edpt_open
 .text.dcd_edpt_xfer
                0x100056ec       0x34 CMakeFiles/GenesisControllerPico.dir/home/pi/pico/pico-sdk/lib/tinyusb/src/portable/raspberrypi/rp2040/dcd_rp2040.c.obj
                0x100056ec                dcd_edpt_xfer
 .text.dcd_edpt_stall
                0x10005720       0x28 CMakeFiles/GenesisControllerPico.dir/home/pi/pico/pico-sdk/lib/tinyusb/src/portable/raspberrypi/rp2040/dcd_rp2040.c.obj
                0x10005720                dcd_edpt_stall
 .text.dcd_edpt_clear_stall
                0x10005748       0x2c CMakeFiles/GenesisControllerPico.dir/home/pi/pico/pico-sdk/lib/tinyusb/src/portable/raspberrypi/rp2040/dcd_rp2040.c.obj
                0x10005748                dcd_edpt_clear_stall
 .text.rp2040_usb_init
                0x10005774       0x50 CMakeFiles/GenesisControllerPico.dir/home/pi/pico/pico-sdk/lib/tinyusb/src/portable/raspberrypi/rp2040/rp2040_usb.c.obj
                0x10005774                rp2040_usb_init
 .text.hw_endpoint_reset_transfer
                0x100057c4       0x10 CMakeFiles/GenesisControllerPico.dir/home/pi/pico/pico-sdk/lib/tinyusb/src/portable/raspberrypi/rp2040/rp2040_usb.c.obj
                0x100057c4                hw_endpoint_reset_transfer
 .text._hw_endpoint_buffer_control_update32
                0x100057d4       0x58 CMakeFiles/GenesisControllerPico.dir/home/pi/pico/pico-sdk/lib/tinyusb/src/portable/raspberrypi/rp2040/rp2040_usb.c.obj
                0x100057d4                _hw_endpoint_buffer_control_update32
 .text._hw_endpoint_start_next_buffer
                0x1000582c       0x50 CMakeFiles/GenesisControllerPico.dir/home/pi/pico/pico-sdk/lib/tinyusb/src/portable/raspberrypi/rp2040/rp2040_usb.c.obj
                0x1000582c                _hw_endpoint_start_next_buffer
 .text._hw_endpoint_xfer_start
                0x1000587c       0x3e CMakeFiles/GenesisControllerPico.dir/home/pi/pico/pico-sdk/lib/tinyusb/src/portable/raspberrypi/rp2040/rp2040_usb.c.obj
                0x1000587c                _hw_endpoint_xfer_start
 *fill*         0x100058ba        0x2 
 .text._hw_endpoint_xfer_sync
                0x100058bc       0x74 CMakeFiles/GenesisControllerPico.dir/home/pi/pico/pico-sdk/lib/tinyusb/src/portable/raspberrypi/rp2040/rp2040_usb.c.obj
                0x100058bc                _hw_endpoint_xfer_sync
 .text._hw_endpoint_xfer_continue
                0x10005930       0x60 CMakeFiles/GenesisControllerPico.dir/home/pi/pico/pico-sdk/lib/tinyusb/src/portable/raspberrypi/rp2040/rp2040_usb.c.obj
                0x10005930                _hw_endpoint_xfer_continue
 .text._hw_endpoint_xfer
                0x10005990       0x34 CMakeFiles/GenesisControllerPico.dir/home/pi/pico/pico-sdk/lib/tinyusb/src/portable/raspberrypi/rp2040/rp2040_usb.c.obj
                0x10005990                _hw_endpoint_xfer
 .text.mark_interface_endpoint
                0x100059c4       0x2a CMakeFiles/GenesisControllerPico.dir/home/pi/pico/pico-sdk/lib/tinyusb/src/device/usbd.c.obj
 *fill*         0x100059ee        0x2 
 .text.usbd_reset
                0x100059f0       0x8c CMakeFiles/GenesisControllerPico.dir/home/pi/pico/pico-sdk/lib/tinyusb/src/device/usbd.c.obj
 .text.invoke_class_control
                0x10005a7c       0x1a CMakeFiles/GenesisControllerPico.dir/home/pi/pico/pico-sdk/lib/tinyusb/src/device/usbd.c.obj
 *fill*         0x10005a96        0x2 
 .text.process_set_config
                0x10005a98      0x1d8 CMakeFiles/GenesisControllerPico.dir/home/pi/pico/pico-sdk/lib/tinyusb/src/device/usbd.c.obj
 .text.process_get_descriptor
                0x10005c70      0x104 CMakeFiles/GenesisControllerPico.dir/home/pi/pico/pico-sdk/lib/tinyusb/src/device/usbd.c.obj
 .text.tud_inited
                0x10005d74        0xc CMakeFiles/GenesisControllerPico.dir/home/pi/pico/pico-sdk/lib/tinyusb/src/device/usbd.c.obj
                0x10005d74                tud_inited
 .text.tud_init
                0x10005d80       0xd0 CMakeFiles/GenesisControllerPico.dir/home/pi/pico/pico-sdk/lib/tinyusb/src/device/usbd.c.obj
                0x10005d80                tud_init
 .text.dcd_event_handler
                0x10005e50      0x178 CMakeFiles/GenesisControllerPico.dir/home/pi/pico/pico-sdk/lib/tinyusb/src/device/usbd.c.obj
                0x10005e50                dcd_event_handler
 .text.dcd_event_bus_signal
                0x10005fc8       0x28 CMakeFiles/GenesisControllerPico.dir/home/pi/pico/pico-sdk/lib/tinyusb/src/device/usbd.c.obj
                0x10005fc8                dcd_event_bus_signal
 .text.dcd_event_bus_reset
                0x10005ff0       0x2c CMakeFiles/GenesisControllerPico.dir/home/pi/pico/pico-sdk/lib/tinyusb/src/device/usbd.c.obj
                0x10005ff0                dcd_event_bus_reset
 .text.dcd_event_setup_received
                0x1000601c       0x34 CMakeFiles/GenesisControllerPico.dir/home/pi/pico/pico-sdk/lib/tinyusb/src/device/usbd.c.obj
                0x1000601c                dcd_event_setup_received
 .text.dcd_event_xfer_complete
                0x10006050       0x46 CMakeFiles/GenesisControllerPico.dir/home/pi/pico/pico-sdk/lib/tinyusb/src/device/usbd.c.obj
                0x10006050                dcd_event_xfer_complete
 *fill*         0x10006096        0x2 
 .text.usbd_edpt_open
                0x10006098       0xe0 CMakeFiles/GenesisControllerPico.dir/home/pi/pico/pico-sdk/lib/tinyusb/src/device/usbd.c.obj
                0x10006098                usbd_edpt_open
 .text.usbd_open_edpt_pair
                0x10006178       0x84 CMakeFiles/GenesisControllerPico.dir/home/pi/pico/pico-sdk/lib/tinyusb/src/device/usbd.c.obj
                0x10006178                usbd_open_edpt_pair
 .text.usbd_edpt_claim
                0x100061fc       0x88 CMakeFiles/GenesisControllerPico.dir/home/pi/pico/pico-sdk/lib/tinyusb/src/device/usbd.c.obj
                0x100061fc                usbd_edpt_claim
 .text.usbd_edpt_xfer
                0x10006284       0x80 CMakeFiles/GenesisControllerPico.dir/home/pi/pico/pico-sdk/lib/tinyusb/src/device/usbd.c.obj
                0x10006284                usbd_edpt_xfer
 .text.usbd_edpt_stall
                0x10006304       0x2c CMakeFiles/GenesisControllerPico.dir/home/pi/pico/pico-sdk/lib/tinyusb/src/device/usbd.c.obj
                0x10006304                usbd_edpt_stall
 .text.usbd_edpt_clear_stall
                0x10006330       0x2c CMakeFiles/GenesisControllerPico.dir/home/pi/pico/pico-sdk/lib/tinyusb/src/device/usbd.c.obj
                0x10006330                usbd_edpt_clear_stall
 .text.usbd_edpt_stalled
                0x1000635c       0x1c CMakeFiles/GenesisControllerPico.dir/home/pi/pico/pico-sdk/lib/tinyusb/src/device/usbd.c.obj
                0x1000635c                usbd_edpt_stalled
 .text.process_control_request
                0x10006378      0x380 CMakeFiles/GenesisControllerPico.dir/home/pi/pico/pico-sdk/lib/tinyusb/src/device/usbd.c.obj
 .text.tud_task
                0x100066f8      0x208 CMakeFiles/GenesisControllerPico.dir/home/pi/pico/pico-sdk/lib/tinyusb/src/device/usbd.c.obj
                0x100066f8                tud_task
 .text._data_stage_xact
                0x10006900       0x58 CMakeFiles/GenesisControllerPico.dir/home/pi/pico/pico-sdk/lib/tinyusb/src/device/usbd_control.c.obj
 .text.tud_control_status
                0x10006958       0x38 CMakeFiles/GenesisControllerPico.dir/home/pi/pico/pico-sdk/lib/tinyusb/src/device/usbd_control.c.obj
                0x10006958                tud_control_status
 .text.tud_control_xfer
                0x10006990       0xa4 CMakeFiles/GenesisControllerPico.dir/home/pi/pico/pico-sdk/lib/tinyusb/src/device/usbd_control.c.obj
                0x10006990                tud_control_xfer
 .text.usbd_control_reset
                0x10006a34       0x14 CMakeFiles/GenesisControllerPico.dir/home/pi/pico/pico-sdk/lib/tinyusb/src/device/usbd_control.c.obj
                0x10006a34                usbd_control_reset
 .text.usbd_control_set_complete_callback
                0x10006a48        0xc CMakeFiles/GenesisControllerPico.dir/home/pi/pico/pico-sdk/lib/tinyusb/src/device/usbd_control.c.obj
                0x10006a48                usbd_control_set_complete_callback
 .text.usbd_control_set_request
                0x10006a54       0x1c CMakeFiles/GenesisControllerPico.dir/home/pi/pico/pico-sdk/lib/tinyusb/src/device/usbd_control.c.obj
                0x10006a54                usbd_control_set_request
 .text.usbd_control_xfer_cb
                0x10006a70      0x100 CMakeFiles/GenesisControllerPico.dir/home/pi/pico/pico-sdk/lib/tinyusb/src/device/usbd_control.c.obj
                0x10006a70                usbd_control_xfer_cb
 .text.tud_hid_n_report
                0x10006b70       0x88 CMakeFiles/GenesisControllerPico.dir/home/pi/pico/pico-sdk/lib/tinyusb/src/class/hid/hid_device.c.obj
                0x10006b70                tud_hid_n_report
 .text.tud_hid_n_gamepad_report
                0x10006bf8       0x6a CMakeFiles/GenesisControllerPico.dir/home/pi/pico/pico-sdk/lib/tinyusb/src/class/hid/hid_device.c.obj
                0x10006bf8                tud_hid_n_gamepad_report
 *fill*         0x10006c62        0x2 
 .text.hidd_reset
                0x10006c64       0x14 CMakeFiles/GenesisControllerPico.dir/home/pi/pico/pico-sdk/lib/tinyusb/src/class/hid/hid_device.c.obj
                0x10006c64                hidd_reset
 .text.hidd_init
                0x10006c78        0xa CMakeFiles/GenesisControllerPico.dir/home/pi/pico/pico-sdk/lib/tinyusb/src/class/hid/hid_device.c.obj
                0x10006c78                hidd_init
 *fill*         0x10006c82        0x2 
 .text.hidd_open
                0x10006c84      0x104 CMakeFiles/GenesisControllerPico.dir/home/pi/pico/pico-sdk/lib/tinyusb/src/class/hid/hid_device.c.obj
                0x10006c84                hidd_open
 .text.hidd_control_xfer_cb
                0x10006d88      0x22c CMakeFiles/GenesisControllerPico.dir/home/pi/pico/pico-sdk/lib/tinyusb/src/class/hid/hid_device.c.obj
                0x10006d88                hidd_control_xfer_cb
 .text.hidd_xfer_cb
                0x10006fb4       0xa8 CMakeFiles/GenesisControllerPico.dir/home/pi/pico/pico-sdk/lib/tinyusb/src/class/hid/hid_device.c.obj
                0x10006fb4                hidd_xfer_cb
 .text.tusb_init
                0x1000705c       0x24 CMakeFiles/GenesisControllerPico.dir/home/pi/pico/pico-sdk/lib/tinyusb/src/tusb.c.obj
                0x1000705c                tusb_init
 .text.tusb_inited
                0x10007080        0xe CMakeFiles/GenesisControllerPico.dir/home/pi/pico/pico-sdk/lib/tinyusb/src/tusb.c.obj
                0x10007080                tusb_inited
 .text.advance_pointer
                0x1000708e       0x20 CMakeFiles/GenesisControllerPico.dir/home/pi/pico/pico-sdk/lib/tinyusb/src/common/tusb_fifo.c.obj
 .text.backward_pointer
                0x100070ae       0x20 CMakeFiles/GenesisControllerPico.dir/home/pi/pico/pico-sdk/lib/tinyusb/src/common/tusb_fifo.c.obj
 .text.get_relative_pointer
                0x100070ce       0x10 CMakeFiles/GenesisControllerPico.dir/home/pi/pico/pico-sdk/lib/tinyusb/src/common/tusb_fifo.c.obj
 .text._tu_fifo_peek
                0x100070de       0x4c CMakeFiles/GenesisControllerPico.dir/home/pi/pico/pico-sdk/lib/tinyusb/src/common/tusb_fifo.c.obj
 .text.tu_fifo_read
                0x1000712a       0x42 CMakeFiles/GenesisControllerPico.dir/home/pi/pico/pico-sdk/lib/tinyusb/src/common/tusb_fifo.c.obj
                0x1000712a                tu_fifo_read
 .text.tu_fifo_write
                0x1000716c       0x6c CMakeFiles/GenesisControllerPico.dir/home/pi/pico/pico-sdk/lib/tinyusb/src/common/tusb_fifo.c.obj
                0x1000716c                tu_fifo_write
 .text.tu_fifo_clear
                0x100071d8       0x4c CMakeFiles/GenesisControllerPico.dir/home/pi/pico/pico-sdk/lib/tinyusb/src/common/tusb_fifo.c.obj
                0x100071d8                tu_fifo_clear
 .text.board_init
                0x10007224       0x30 CMakeFiles/GenesisControllerPico.dir/home/pi/pico/pico-sdk/lib/tinyusb/hw/bsp/rp2040/family.c.obj
                0x10007224                board_init
 .text.board_led_write
                0x10007254       0x1c CMakeFiles/GenesisControllerPico.dir/home/pi/pico/pico-sdk/lib/tinyusb/hw/bsp/rp2040/family.c.obj
                0x10007254                board_led_write
 .text.core1_trampoline
                0x10007270        0x2 CMakeFiles/GenesisControllerPico.dir/home/pi/pico/pico-sdk/src/rp2_common/pico_multicore/multicore.c.obj
 .text.core1_wrapper
                0x10007272        0xc CMakeFiles/GenesisControllerPico.dir/home/pi/pico/pico-sdk/src/rp2_common/pico_multicore/multicore.c.obj
                0x10007272                core1_wrapper
 .text.multicore_fifo_push_blocking
                0x1000727e       0x14 CMakeFiles/GenesisControllerPico.dir/home/pi/pico/pico-sdk/src/rp2_common/pico_multicore/multicore.c.obj
                0x1000727e                multicore_fifo_push_blocking
 .text.multicore_fifo_pop_blocking
                0x10007292       0x16 CMakeFiles/GenesisControllerPico.dir/home/pi/pico/pico-sdk/src/rp2_common/pico_multicore/multicore.c.obj
                0x10007292                multicore_fifo_pop_blocking
 .text.multicore_launch_core1_raw
                0x100072a8       0x68 CMakeFiles/GenesisControllerPico.dir/home/pi/pico/pico-sdk/src/rp2_common/pico_multicore/multicore.c.obj
                0x100072a8                multicore_launch_core1_raw
 .text.multicore_launch_core1_with_stack
                0x10007310       0x50 CMakeFiles/GenesisControllerPico.dir/home/pi/pico/pico-sdk/src/rp2_common/pico_multicore/multicore.c.obj
                0x10007310                multicore_launch_core1_with_stack
 .text.multicore_launch_core1
                0x10007360       0x24 CMakeFiles/GenesisControllerPico.dir/home/pi/pico/pico-sdk/src/rp2_common/pico_multicore/multicore.c.obj
                0x10007360                multicore_launch_core1
 .text          0x10007384       0x28 /usr/lib/gcc/arm-none-eabi/7.3.1/../../../arm-none-eabi/lib/thumb/v6-m/libg.a(lib_a-malloc.o)
                0x10007384                malloc
                0x10007398                free
 .text          0x100073ac      0x570 /usr/lib/gcc/arm-none-eabi/7.3.1/../../../arm-none-eabi/lib/thumb/v6-m/libg.a(lib_a-mallocr.o)
                0x100073ac                _malloc_r
 .text          0x1000791c        0x8 /usr/lib/gcc/arm-none-eabi/7.3.1/../../../arm-none-eabi/lib/thumb/v6-m/libg.a(lib_a-mlock.o)
                0x1000791c                __malloc_lock
                0x10007920                __malloc_unlock
 .text          0x10007924       0x24 /usr/lib/gcc/arm-none-eabi/7.3.1/../../../arm-none-eabi/lib/thumb/v6-m/libg.a(lib_a-sbrkr.o)
                0x10007924                _sbrk_r
 .text          0x10007948       0x64 /usr/lib/gcc/arm-none-eabi/7.3.1/../../../arm-none-eabi/lib/thumb/v6-m/libg.a(lib_a-strlen-stub.o)
                0x10007948                strlen
 .text          0x100079ac      0x274 /usr/lib/gcc/arm-none-eabi/7.3.1/../../../arm-none-eabi/lib/thumb/v6-m/libg.a(lib_a-freer.o)
                0x100079ac                _malloc_trim_r
                0x10007a4c                _free_r
 *(.fini)
 .fini          0x10007c20        0x4 /usr/lib/gcc/arm-none-eabi/7.3.1/thumb/v6-m/crti.o
                0x10007c20                _fini
 *fill*         0x10007c24        0x4 
 .fini.__stub   0x10007c28       0x60 linker stubs
 *crtbegin.o(.ctors)
 *crtbegin?.o(.ctors)
 *(EXCLUDE_FILE(*crtend.o *crtend?.o) .ctors)
 *(SORT_BY_NAME(.ctors.*))
 *(.ctors)
 *crtbegin.o(.dtors)
 *crtbegin?.o(.dtors)
 *(EXCLUDE_FILE(*crtend.o *crtend?.o) .dtors)
 *(SORT_BY_NAME(.dtors.*))
 *(.dtors)
 *(.eh_frame*)
 .eh_frame      0x10007c88        0x0 /usr/lib/gcc/arm-none-eabi/7.3.1/thumb/v6-m/crtbegin.o
                0x10007c88                . = ALIGN (0x4)

.glue_7         0x10007c88        0x0
 .glue_7        0x10007c88        0x0 linker stubs

.glue_7t        0x10007c88        0x0
 .glue_7t       0x10007c88        0x0 linker stubs

.vfp11_veneer   0x10007c88        0x0
 .vfp11_veneer  0x10007c88        0x0 linker stubs

.v4_bx          0x10007c88        0x0
 .v4_bx         0x10007c88        0x0 linker stubs

.iplt           0x10007c88        0x0
 .iplt          0x10007c88        0x0 /usr/lib/gcc/arm-none-eabi/7.3.1/thumb/v6-m/crtbegin.o

.rodata         0x10007c88     0x1638
 *(EXCLUDE_FILE(*libm.a: *libc.a:*lib_a-mem*.o *libgcc.a:) .rodata*)
 .rodata._ZTV10UsbGamepad
                0x10007c88       0x30 CMakeFiles/GenesisControllerPico.dir/UsbGamepad.cpp.obj
                0x10007c88                vtable for UsbGamepad
 .rodata.__compound_literal.0
                0x10007cb8        0x2 CMakeFiles/GenesisControllerPico.dir/usb_descriptors.c.obj
 *fill*         0x10007cba        0x2 
 .rodata.desc_configuration
                0x10007cbc       0x3b CMakeFiles/GenesisControllerPico.dir/usb_descriptors.c.obj
                0x10007cbc                desc_configuration
 *fill*         0x10007cf7        0x1 
 .rodata.desc_device
                0x10007cf8       0x12 CMakeFiles/GenesisControllerPico.dir/usb_descriptors.c.obj
                0x10007cf8                desc_device
 *fill*         0x10007d0a        0x2 
 .rodata.desc_hid_report1
                0x10007d0c       0x42 CMakeFiles/GenesisControllerPico.dir/usb_descriptors.c.obj
                0x10007d0c                desc_hid_report1
 *fill*         0x10007d4e        0x2 
 .rodata.desc_hid_report2
                0x10007d50       0x42 CMakeFiles/GenesisControllerPico.dir/usb_descriptors.c.obj
                0x10007d50                desc_hid_report2
 *fill*         0x10007d92        0x2 
 .rodata.str1.4
                0x10007d94       0x31 CMakeFiles/GenesisControllerPico.dir/usb_descriptors.c.obj
 *fill*         0x10007dc5        0x3 
 .rodata._Z8led_taskv.str1.4
                0x10007dc8       0x5d CMakeFiles/GenesisControllerPico.dir/usb_execution.cpp.obj
 *fill*         0x10007e25        0x3 
 .rodata._ZZ20update_us_since_bootE19__PRETTY_FUNCTION__
                0x10007e28       0x36 CMakeFiles/GenesisControllerPico.dir/usb_execution.cpp.obj
 .rodata._Z13timer_processv.str1.4
                0x10007e5e       0x5d CMakeFiles/GenesisControllerPico.dir/timers.cpp.obj
 *fill*         0x10007e5e        0x2 
 .rodata._ZZL20update_us_since_bootP15absolute_time_tyE19__PRETTY_FUNCTION__
                0x10007e60       0x36 CMakeFiles/GenesisControllerPico.dir/timers.cpp.obj
 *fill*         0x10007e96        0x2 
 .rodata._ZN35UsbGamepadGenesisControllerObserver15keyStateChangedEhN26IGenesisControllerObserver3KeyEb
                0x10007e98       0x84 CMakeFiles/GenesisControllerPico.dir/UsbGamepadGenesisControllerObserver.cpp.obj
 .rodata._ZTV35UsbGamepadGenesisControllerObserver
                0x10007f1c       0x18 CMakeFiles/GenesisControllerPico.dir/UsbGamepadGenesisControllerObserver.cpp.obj
                0x10007f1c                vtable for UsbGamepadGenesisControllerObserver
 .rodata.spin_lock_claim_unused.str1.4
                0x10007f34       0x1b CMakeFiles/GenesisControllerPico.dir/home/pi/pico/pico-sdk/src/rp2_common/hardware_sync/sync.c.obj
 *fill*         0x10007f4f        0x1 
 .rodata.__func__.5648
                0x10007f50       0x15 CMakeFiles/GenesisControllerPico.dir/home/pi/pico/pico-sdk/src/common/pico_time/time.c.obj
 *fill*         0x10007f65        0x3 
 .rodata.__func__.5949
                0x10007f68        0xc CMakeFiles/GenesisControllerPico.dir/home/pi/pico/pico-sdk/src/common/pico_time/time.c.obj
 .rodata.__func__.5956
                0x10007f74       0x12 CMakeFiles/GenesisControllerPico.dir/home/pi/pico/pico-sdk/src/common/pico_time/time.c.obj
 *fill*         0x10007f86        0x2 
 .rodata.__func__.5972
                0x10007f88        0xf CMakeFiles/GenesisControllerPico.dir/home/pi/pico/pico-sdk/src/common/pico_time/time.c.obj
 *fill*         0x10007f97        0x1 
 .rodata.__func__.5994
                0x10007f98        0xd CMakeFiles/GenesisControllerPico.dir/home/pi/pico/pico-sdk/src/common/pico_time/time.c.obj
 *fill*         0x10007fa5        0x3 
 .rodata.__func__.6195
                0x10007fa8        0xa CMakeFiles/GenesisControllerPico.dir/home/pi/pico/pico-sdk/src/common/pico_time/time.c.obj
 *fill*         0x10007fb2        0x2 
 .rodata.__func__.6200
                0x10007fb4       0x12 CMakeFiles/GenesisControllerPico.dir/home/pi/pico/pico-sdk/src/common/pico_time/time.c.obj
 *fill*         0x10007fc6        0x2 
 .rodata.__func__.6215
                0x10007fc8       0x17 CMakeFiles/GenesisControllerPico.dir/home/pi/pico/pico-sdk/src/common/pico_time/time.c.obj
 *fill*         0x10007fdf        0x1 
 .rodata.__func__.6226
                0x10007fe0       0x15 CMakeFiles/GenesisControllerPico.dir/home/pi/pico/pico-sdk/src/common/pico_time/time.c.obj
 *fill*         0x10007ff5        0x3 
 .rodata.__func__.6243
                0x10007ff8       0x1a CMakeFiles/GenesisControllerPico.dir/home/pi/pico/pico-sdk/src/common/pico_time/time.c.obj
 *fill*         0x10008012        0x2 
 .rodata.__func__.6282
                0x10008014       0x18 CMakeFiles/GenesisControllerPico.dir/home/pi/pico/pico-sdk/src/common/pico_time/time.c.obj
 .rodata.add_alarm_under_lock.str1.4
                0x1000802c       0x28 CMakeFiles/GenesisControllerPico.dir/home/pi/pico/pico-sdk/src/common/pico_time/time.c.obj
                                 0x2b (size before relaxing)
 .rodata.alarm_pool_alarm_callback.str1.4
                0x10008054       0x82 CMakeFiles/GenesisControllerPico.dir/home/pi/pico/pico-sdk/src/common/pico_time/time.c.obj
                                 0xe2 (size before relaxing)
 *fill*         0x100080d6        0x2 
 .rodata.alarm_pool_cancel_alarm.str1.4
                0x100080d8       0x27 CMakeFiles/GenesisControllerPico.dir/home/pi/pico/pico-sdk/src/common/pico_time/time.c.obj
 *fill*         0x100080ff        0x1 
 .rodata.alarm_pool_dump_key.str1.4
                0x10008100       0x33 CMakeFiles/GenesisControllerPico.dir/home/pi/pico/pico-sdk/src/common/pico_time/time.c.obj
 *fill*         0x10008133        0x1 
 .rodata.alarm_pool_get_default.str1.4
                0x10008134       0x21 CMakeFiles/GenesisControllerPico.dir/home/pi/pico/pico-sdk/src/common/pico_time/time.c.obj
 *fill*         0x10008155        0x3 
 .rodata.ph_add_child_node.str1.4
                0x10008158       0x92 CMakeFiles/GenesisControllerPico.dir/home/pi/pico/pico-sdk/src/common/pico_time/time.c.obj
 *fill*         0x100081ea        0x2 
 .rodata.repeating_timer_callback.str1.4
                0x100081ec       0x47 CMakeFiles/GenesisControllerPico.dir/home/pi/pico/pico-sdk/src/common/pico_time/time.c.obj
 *fill*         0x10008233        0x1 
 .rodata.__func__.4508
                0x10008234       0x1a CMakeFiles/GenesisControllerPico.dir/home/pi/pico/pico-sdk/src/rp2_common/hardware_timer/timer.c.obj
 *fill*         0x1000824e        0x2 
 .rodata.hardware_alarm_claim.str1.4
                0x10008250       0x22 CMakeFiles/GenesisControllerPico.dir/home/pi/pico/pico-sdk/src/rp2_common/hardware_timer/timer.c.obj
 *fill*         0x10008272        0x2 
 .rodata.hardware_alarm_set_target.str1.4
                0x10008274       0x61 CMakeFiles/GenesisControllerPico.dir/home/pi/pico/pico-sdk/src/rp2_common/hardware_timer/timer.c.obj
 *fill*         0x100082d5        0x3 
 .rodata.__func__.4173
                0x100082d8       0x15 CMakeFiles/GenesisControllerPico.dir/home/pi/pico/pico-sdk/src/common/pico_sync/mutex.c.obj
 *fill*         0x100082ed        0x3 
 .rodata.__func__.4570
                0x100082f0       0x15 CMakeFiles/GenesisControllerPico.dir/home/pi/pico/pico-sdk/src/common/pico_sync/mutex.c.obj
 *fill*         0x10008305        0x3 
 .rodata.__func__.4595
                0x10008308       0x18 CMakeFiles/GenesisControllerPico.dir/home/pi/pico/pico-sdk/src/common/pico_sync/mutex.c.obj
 .rodata.__func__.4605
                0x10008320        0xb CMakeFiles/GenesisControllerPico.dir/home/pi/pico/pico-sdk/src/common/pico_sync/mutex.c.obj
 *fill*         0x1000832b        0x1 
 .rodata.str1.4
                0x1000832c       0xad CMakeFiles/GenesisControllerPico.dir/home/pi/pico/pico-sdk/src/common/pico_sync/mutex.c.obj
                                0x10d (size before relaxing)
 *fill*         0x100083d9        0x3 
 .rodata.__func__.5655
                0x100083dc        0xc CMakeFiles/GenesisControllerPico.dir/home/pi/pico/pico-sdk/src/common/pico_util/pheap.c.obj
 .rodata.__func__.5662
                0x100083e8       0x12 CMakeFiles/GenesisControllerPico.dir/home/pi/pico/pico-sdk/src/common/pico_util/pheap.c.obj
 *fill*         0x100083fa        0x2 
 .rodata.__func__.5748
                0x100083fc       0x13 CMakeFiles/GenesisControllerPico.dir/home/pi/pico/pico-sdk/src/common/pico_util/pheap.c.obj
 *fill*         0x1000840f        0x1 
 .rodata.__func__.5766
                0x10008410       0x18 CMakeFiles/GenesisControllerPico.dir/home/pi/pico/pico-sdk/src/common/pico_util/pheap.c.obj
 .rodata.ph_add_child_node.str1.4
                0x10008428       0x92 CMakeFiles/GenesisControllerPico.dir/home/pi/pico/pico-sdk/src/common/pico_util/pheap.c.obj
 .rodata.ph_remove_and_free_node.str1.4
                0x10008428       0x26 CMakeFiles/GenesisControllerPico.dir/home/pi/pico/pico-sdk/src/common/pico_util/pheap.c.obj
 *fill*         0x1000844e        0x2 
 .rodata.ph_remove_any_head.str1.4
                0x10008450       0x88 CMakeFiles/GenesisControllerPico.dir/home/pi/pico/pico-sdk/src/common/pico_util/pheap.c.obj
 .rodata.__assert_func.str1.4
                0x100084d8       0x3f CMakeFiles/GenesisControllerPico.dir/home/pi/pico/pico-sdk/src/rp2_common/pico_runtime/runtime.c.obj
                                 0x43 (size before relaxing)
 *fill*         0x10008517        0x1 
 .rodata.panic.str1.4
                0x10008518       0x12 CMakeFiles/GenesisControllerPico.dir/home/pi/pico/pico-sdk/src/rp2_common/pico_runtime/runtime.c.obj
 *fill*         0x1000852a        0x2 
 .rodata.__func__.4627
                0x1000852c       0x10 CMakeFiles/GenesisControllerPico.dir/home/pi/pico/pico-sdk/src/rp2_common/hardware_clocks/clocks.c.obj
 .rodata.clock_configure.str1.4
                0x1000853c       0x53 CMakeFiles/GenesisControllerPico.dir/home/pi/pico/pico-sdk/src/rp2_common/hardware_clocks/clocks.c.obj
 *fill*         0x1000858f        0x1 
 .rodata.__func__.4663
                0x10008590       0x1a CMakeFiles/GenesisControllerPico.dir/home/pi/pico/pico-sdk/src/rp2_common/hardware_irq/irq.c.obj
 *fill*         0x100085aa        0x2 
 .rodata.__func__.4677
                0x100085ac        0xc CMakeFiles/GenesisControllerPico.dir/home/pi/pico/pico-sdk/src/rp2_common/hardware_irq/irq.c.obj
 .rodata.__func__.4685
                0x100085b8       0x17 CMakeFiles/GenesisControllerPico.dir/home/pi/pico/pico-sdk/src/rp2_common/hardware_irq/irq.c.obj
 *fill*         0x100085cf        0x1 
 .rodata.__func__.4689
                0x100085d0        0xf CMakeFiles/GenesisControllerPico.dir/home/pi/pico/pico-sdk/src/rp2_common/hardware_irq/irq.c.obj
 *fill*         0x100085df        0x1 
 .rodata.__func__.4728
                0x100085e0       0x13 CMakeFiles/GenesisControllerPico.dir/home/pi/pico/pico-sdk/src/rp2_common/hardware_irq/irq.c.obj
 *fill*         0x100085f3        0x1 
 .rodata.__func__.4747
                0x100085f4       0x1a CMakeFiles/GenesisControllerPico.dir/home/pi/pico/pico-sdk/src/rp2_common/hardware_irq/irq.c.obj
 *fill*         0x1000860e        0x2 
 .rodata.irq_add_shared_handler.str1.4
                0x10008610       0xd9 CMakeFiles/GenesisControllerPico.dir/home/pi/pico/pico-sdk/src/rp2_common/hardware_irq/irq.c.obj
 *fill*         0x100086e9        0x3 
 .rodata.irq_add_tail_to_free_list.str1.4
                0x100086ec       0x32 CMakeFiles/GenesisControllerPico.dir/home/pi/pico/pico-sdk/src/rp2_common/hardware_irq/irq.c.obj
                                 0x3a (size before relaxing)
 *fill*         0x1000871e        0x2 
 .rodata.irq_remove_handler.str1.4
                0x10008720       0x2a CMakeFiles/GenesisControllerPico.dir/home/pi/pico/pico-sdk/src/rp2_common/hardware_irq/irq.c.obj
 *fill*         0x1000874a        0x2 
 .rodata.irq_set_exclusive_handler.str1.4
                0x1000874c       0x36 CMakeFiles/GenesisControllerPico.dir/home/pi/pico/pico-sdk/src/rp2_common/hardware_irq/irq.c.obj
 *fill*         0x10008782        0x2 
 .rodata.make_branch.str1.4
                0x10008784       0x49 CMakeFiles/GenesisControllerPico.dir/home/pi/pico/pico-sdk/src/rp2_common/hardware_irq/irq.c.obj
 *fill*         0x100087cd        0x3 
 .rodata.__func__.4362
                0x100087d0        0x9 CMakeFiles/GenesisControllerPico.dir/home/pi/pico/pico-sdk/src/rp2_common/hardware_pll/pll.c.obj
 *fill*         0x100087d9        0x3 
 .rodata.pll_init.str1.4
                0x100087dc       0xd7 CMakeFiles/GenesisControllerPico.dir/home/pi/pico/pico-sdk/src/rp2_common/hardware_pll/pll.c.obj
 *fill*         0x100088b3        0x1 
 .rodata._vsnprintf
                0x100088b4      0x1e0 CMakeFiles/GenesisControllerPico.dir/home/pi/pico/pico-sdk/src/rp2_common/pico_printf/printf.c.obj
 .rodata._ftoa.str1.4
                0x10008a94       0x15 CMakeFiles/GenesisControllerPico.dir/home/pi/pico/pico-sdk/src/rp2_common/pico_printf/printf.c.obj
 *fill*         0x10008aa9        0x7 
 .rodata.pow10.5369
                0x10008ab0       0x50 CMakeFiles/GenesisControllerPico.dir/home/pi/pico/pico-sdk/src/rp2_common/pico_printf/printf.c.obj
 .rodata.__aeabi_double_init.str1.4
                0x10008b00       0xa4 CMakeFiles/GenesisControllerPico.dir/home/pi/pico/pico-sdk/src/rp2_common/pico_double/double_init_rom.c.obj
 .rodata.__func__.4628
                0x10008ba4       0x14 CMakeFiles/GenesisControllerPico.dir/home/pi/pico/pico-sdk/src/rp2_common/pico_double/double_init_rom.c.obj
 .rodata.__aeabi_float_init.str1.4
                0x10008bb8       0x76 CMakeFiles/GenesisControllerPico.dir/home/pi/pico/pico-sdk/src/rp2_common/pico_float/float_init_rom.c.obj
                                 0x7a (size before relaxing)
 *fill*         0x10008c2e        0x2 
 .rodata.__func__.4630
                0x10008c30       0x13 CMakeFiles/GenesisControllerPico.dir/home/pi/pico/pico-sdk/src/rp2_common/pico_float/float_init_rom.c.obj
 *fill*         0x10008c43        0x1 
 .rodata.__bi_44
                0x10008c44        0xc CMakeFiles/GenesisControllerPico.dir/home/pi/pico/pico-sdk/src/rp2_common/pico_standard_link/binary_info.c.obj
 .rodata.__bi_75
                0x10008c50        0xc CMakeFiles/GenesisControllerPico.dir/home/pi/pico/pico-sdk/src/rp2_common/pico_standard_link/binary_info.c.obj
 .rodata.__bi_81
                0x10008c5c        0xc CMakeFiles/GenesisControllerPico.dir/home/pi/pico/pico-sdk/src/rp2_common/pico_standard_link/binary_info.c.obj
 .rodata.str1.4
                0x10008c68       0x4c CMakeFiles/GenesisControllerPico.dir/home/pi/pico/pico-sdk/src/rp2_common/pico_standard_link/binary_info.c.obj
 .rodata.crlf_str.5957
                0x10008cb4        0x2 CMakeFiles/GenesisControllerPico.dir/home/pi/pico/pico-sdk/src/rp2_common/pico_stdio/stdio.c.obj
 *fill*         0x10008cb6        0x2 
 .rodata.__func__.6791
                0x10008cb8       0x13 CMakeFiles/GenesisControllerPico.dir/home/pi/pico/pico-sdk/lib/tinyusb/src/portable/raspberrypi/rp2040/dcd_rp2040.c.obj
 *fill*         0x10008ccb        0x1 
 .rodata.__func__.6822
                0x10008ccc       0x16 CMakeFiles/GenesisControllerPico.dir/home/pi/pico/pico-sdk/lib/tinyusb/src/portable/raspberrypi/rp2040/dcd_rp2040.c.obj
 *fill*         0x10008ce2        0x2 
 .rodata.__func__.6843
                0x10008ce4       0x13 CMakeFiles/GenesisControllerPico.dir/home/pi/pico/pico-sdk/lib/tinyusb/src/portable/raspberrypi/rp2040/dcd_rp2040.c.obj
 *fill*         0x10008cf7        0x1 
 .rodata.__func__.6864
                0x10008cf8        0x9 CMakeFiles/GenesisControllerPico.dir/home/pi/pico/pico-sdk/lib/tinyusb/src/portable/raspberrypi/rp2040/dcd_rp2040.c.obj
 *fill*         0x10008d01        0x3 
 .rodata.__func__.6868
                0x10008d04        0xf CMakeFiles/GenesisControllerPico.dir/home/pi/pico/pico-sdk/lib/tinyusb/src/portable/raspberrypi/rp2040/dcd_rp2040.c.obj
 *fill*         0x10008d13        0x1 
 .rodata.__func__.6877
                0x10008d14       0x10 CMakeFiles/GenesisControllerPico.dir/home/pi/pico/pico-sdk/lib/tinyusb/src/portable/raspberrypi/rp2040/dcd_rp2040.c.obj
 .rodata.__func__.6885
                0x10008d24        0xf CMakeFiles/GenesisControllerPico.dir/home/pi/pico/pico-sdk/lib/tinyusb/src/portable/raspberrypi/rp2040/dcd_rp2040.c.obj
 *fill*         0x10008d33        0x1 
 .rodata.__func__.6889
                0x10008d34        0xc CMakeFiles/GenesisControllerPico.dir/home/pi/pico/pico-sdk/lib/tinyusb/src/portable/raspberrypi/rp2040/dcd_rp2040.c.obj
 .rodata.__func__.6894
                0x10008d40       0x1a CMakeFiles/GenesisControllerPico.dir/home/pi/pico/pico-sdk/lib/tinyusb/src/portable/raspberrypi/rp2040/dcd_rp2040.c.obj
 *fill*         0x10008d5a        0x2 
 .rodata.__func__.6899
                0x10008d5c        0xe CMakeFiles/GenesisControllerPico.dir/home/pi/pico/pico-sdk/lib/tinyusb/src/portable/raspberrypi/rp2040/dcd_rp2040.c.obj
 *fill*         0x10008d6a        0x2 
 .rodata.__func__.6906
                0x10008d6c        0xe CMakeFiles/GenesisControllerPico.dir/home/pi/pico/pico-sdk/lib/tinyusb/src/portable/raspberrypi/rp2040/dcd_rp2040.c.obj
 *fill*         0x10008d7a        0x2 
 .rodata.__func__.6911
                0x10008d7c        0xf CMakeFiles/GenesisControllerPico.dir/home/pi/pico/pico-sdk/lib/tinyusb/src/portable/raspberrypi/rp2040/dcd_rp2040.c.obj
 *fill*         0x10008d8b        0x1 
 .rodata.__func__.6916
                0x10008d8c       0x15 CMakeFiles/GenesisControllerPico.dir/home/pi/pico/pico-sdk/lib/tinyusb/src/portable/raspberrypi/rp2040/dcd_rp2040.c.obj
 *fill*         0x10008da1        0x3 
 .rodata._hw_endpoint_alloc.str1.4
                0x10008da4       0xb1 CMakeFiles/GenesisControllerPico.dir/home/pi/pico/pico-sdk/lib/tinyusb/src/portable/raspberrypi/rp2040/dcd_rp2040.c.obj
 *fill*         0x10008e55        0x3 
 .rodata._hw_endpoint_init.str1.4
                0x10008e58       0x28 CMakeFiles/GenesisControllerPico.dir/home/pi/pico/pico-sdk/lib/tinyusb/src/portable/raspberrypi/rp2040/dcd_rp2040.c.obj
 .rodata._hw_endpoint_stall.str1.4
                0x10008e80        0xd CMakeFiles/GenesisControllerPico.dir/home/pi/pico/pico-sdk/lib/tinyusb/src/portable/raspberrypi/rp2040/dcd_rp2040.c.obj
 *fill*         0x10008e8d        0x3 
 .rodata.dcd_int_enable.str1.4
                0x10008e90        0xc CMakeFiles/GenesisControllerPico.dir/home/pi/pico/pico-sdk/lib/tinyusb/src/portable/raspberrypi/rp2040/dcd_rp2040.c.obj
 .rodata.dcd_rp2040_irq.str1.4
                0x10008e9c       0x14 CMakeFiles/GenesisControllerPico.dir/home/pi/pico/pico-sdk/lib/tinyusb/src/portable/raspberrypi/rp2040/dcd_rp2040.c.obj
 .rodata.hw_handle_buff_status.str1.4
                0x10008eb0        0xb CMakeFiles/GenesisControllerPico.dir/home/pi/pico/pico-sdk/lib/tinyusb/src/portable/raspberrypi/rp2040/dcd_rp2040.c.obj
 *fill*         0x10008ebb        0x1 
 .rodata.__func__.6570
                0x10008ebc       0x17 CMakeFiles/GenesisControllerPico.dir/home/pi/pico/pico-sdk/lib/tinyusb/src/portable/raspberrypi/rp2040/rp2040_usb.c.obj
 *fill*         0x10008ed3        0x1 
 .rodata.__func__.6581
                0x10008ed4       0x12 CMakeFiles/GenesisControllerPico.dir/home/pi/pico/pico-sdk/lib/tinyusb/src/portable/raspberrypi/rp2040/rp2040_usb.c.obj
 *fill*         0x10008ee6        0x2 
 .rodata._hw_endpoint_buffer_control_update32.str1.4
                0x10008ee8       0x1f CMakeFiles/GenesisControllerPico.dir/home/pi/pico/pico-sdk/lib/tinyusb/src/portable/raspberrypi/rp2040/rp2040_usb.c.obj
 *fill*         0x10008f07        0x1 
 .rodata._hw_endpoint_xfer.str1.4
                0x10008f08        0xf CMakeFiles/GenesisControllerPico.dir/home/pi/pico/pico-sdk/lib/tinyusb/src/portable/raspberrypi/rp2040/rp2040_usb.c.obj
 *fill*         0x10008f17        0x1 
 .rodata._hw_endpoint_xfer_continue.str1.4
                0x10008f18       0x50 CMakeFiles/GenesisControllerPico.dir/home/pi/pico/pico-sdk/lib/tinyusb/src/portable/raspberrypi/rp2040/rp2040_usb.c.obj
 .rodata._hw_endpoint_xfer_sync.str1.4
                0x10008f68       0x8d CMakeFiles/GenesisControllerPico.dir/home/pi/pico/pico-sdk/lib/tinyusb/src/portable/raspberrypi/rp2040/rp2040_usb.c.obj
 *fill*         0x10008ff5        0x3 
 .rodata.str1.4
                0x10008ff8        0x7 CMakeFiles/GenesisControllerPico.dir/home/pi/pico/pico-sdk/lib/tinyusb/src/portable/raspberrypi/rp2040/rp2040_usb.c.obj
 *fill*         0x10008fff        0x1 
 .rodata.process_get_descriptor
                0x10009000       0x40 CMakeFiles/GenesisControllerPico.dir/home/pi/pico/pico-sdk/lib/tinyusb/src/device/usbd.c.obj
 .rodata.process_control_request
                0x10009040       0x28 CMakeFiles/GenesisControllerPico.dir/home/pi/pico/pico-sdk/lib/tinyusb/src/device/usbd.c.obj
 .rodata.tud_task
                0x10009068       0x24 CMakeFiles/GenesisControllerPico.dir/home/pi/pico/pico-sdk/lib/tinyusb/src/device/usbd.c.obj
 .rodata.__func__.6444
                0x1000908c       0x10 CMakeFiles/GenesisControllerPico.dir/home/pi/pico/pico-sdk/lib/tinyusb/src/device/usbd.c.obj
 .rodata.__func__.7319
                0x1000909c        0x9 CMakeFiles/GenesisControllerPico.dir/home/pi/pico/pico-sdk/lib/tinyusb/src/device/usbd.c.obj
 *fill*         0x100090a5        0x3 
 .rodata.__func__.7340
                0x100090a8       0x18 CMakeFiles/GenesisControllerPico.dir/home/pi/pico/pico-sdk/lib/tinyusb/src/device/usbd.c.obj
 .rodata.__func__.7378
                0x100090c0       0x13 CMakeFiles/GenesisControllerPico.dir/home/pi/pico/pico-sdk/lib/tinyusb/src/device/usbd.c.obj
 *fill*         0x100090d3        0x1 
 .rodata.__func__.7421
                0x100090d4       0x17 CMakeFiles/GenesisControllerPico.dir/home/pi/pico/pico-sdk/lib/tinyusb/src/device/usbd.c.obj
 *fill*         0x100090eb        0x1 
 .rodata.__func__.7475
                0x100090ec       0x14 CMakeFiles/GenesisControllerPico.dir/home/pi/pico/pico-sdk/lib/tinyusb/src/device/usbd.c.obj
 .rodata.__func__.7491
                0x10009100        0xf CMakeFiles/GenesisControllerPico.dir/home/pi/pico/pico-sdk/lib/tinyusb/src/device/usbd.c.obj
 *fill*         0x1000910f        0x1 
 .rodata.__func__.7519
                0x10009110        0xf CMakeFiles/GenesisControllerPico.dir/home/pi/pico/pico-sdk/lib/tinyusb/src/device/usbd.c.obj
 *fill*         0x1000911f        0x1 
 .rodata._usbd_driver
                0x10009120       0x18 CMakeFiles/GenesisControllerPico.dir/home/pi/pico/pico-sdk/lib/tinyusb/src/device/usbd.c.obj
 .rodata.process_set_config.str1.4
                0x10009138       0x17 CMakeFiles/GenesisControllerPico.dir/home/pi/pico/pico-sdk/lib/tinyusb/src/device/usbd.c.obj
 *fill*         0x1000914f        0x1 
 .rodata.__func__.7232
                0x10009150       0x11 CMakeFiles/GenesisControllerPico.dir/home/pi/pico/pico-sdk/lib/tinyusb/src/device/usbd_control.c.obj
 *fill*         0x10009161        0x3 
 .rodata.__func__.7259
                0x10009164       0x15 CMakeFiles/GenesisControllerPico.dir/home/pi/pico/pico-sdk/lib/tinyusb/src/device/usbd_control.c.obj
 .rodata.tud_control_xfer.str1.4
                0x10009179       0x17 CMakeFiles/GenesisControllerPico.dir/home/pi/pico/pico-sdk/lib/tinyusb/src/device/usbd_control.c.obj
 *fill*         0x10009179        0x3 
 .rodata.hidd_control_xfer_cb
                0x1000917c       0x30 CMakeFiles/GenesisControllerPico.dir/home/pi/pico/pico-sdk/lib/tinyusb/src/class/hid/hid_device.c.obj
 .rodata.__PRETTY_FUNCTION__.7188
                0x100091ac        0xa CMakeFiles/GenesisControllerPico.dir/home/pi/pico/pico-sdk/lib/tinyusb/src/class/hid/hid_device.c.obj
 *fill*         0x100091b6        0x2 
 .rodata.__func__.7181
                0x100091b8        0xa CMakeFiles/GenesisControllerPico.dir/home/pi/pico/pico-sdk/lib/tinyusb/src/class/hid/hid_device.c.obj
 *fill*         0x100091c2        0x2 
 .rodata.__func__.7202
                0x100091c4       0x15 CMakeFiles/GenesisControllerPico.dir/home/pi/pico/pico-sdk/lib/tinyusb/src/class/hid/hid_device.c.obj
 *fill*         0x100091d9        0x3 
 .rodata.__func__.7223
                0x100091dc        0xd CMakeFiles/GenesisControllerPico.dir/home/pi/pico/pico-sdk/lib/tinyusb/src/class/hid/hid_device.c.obj
 *fill*         0x100091e9        0x3 
 .rodata.hidd_open.str1.4
                0x100091ec       0x11 CMakeFiles/GenesisControllerPico.dir/home/pi/pico/pico-sdk/lib/tinyusb/src/class/hid/hid_device.c.obj
                                 0x29 (size before relaxing)
 *fill*         0x100091fd        0x3 
 .rodata.__func__.7108
                0x10009200        0xa CMakeFiles/GenesisControllerPico.dir/home/pi/pico/pico-sdk/lib/tinyusb/src/tusb.c.obj
 .rodata.tusb_init.str1.4
                0x1000920a       0x17 CMakeFiles/GenesisControllerPico.dir/home/pi/pico/pico-sdk/lib/tinyusb/src/tusb.c.obj
 *fill*         0x1000920a        0x2 
 .rodata.__bi_121.7543
                0x1000920c        0xc CMakeFiles/GenesisControllerPico.dir/home/pi/pico/pico-sdk/lib/tinyusb/hw/bsp/rp2040/family.c.obj
 .rodata.__bi_131.7546
                0x10009218        0x8 CMakeFiles/GenesisControllerPico.dir/home/pi/pico/pico-sdk/lib/tinyusb/hw/bsp/rp2040/family.c.obj
 .rodata.str1.4
                0x10009220        0x4 CMakeFiles/GenesisControllerPico.dir/home/pi/pico/pico-sdk/lib/tinyusb/hw/bsp/rp2040/family.c.obj
 .rodata.__func__.4816
                0x10009224       0x22 CMakeFiles/GenesisControllerPico.dir/home/pi/pico/pico-sdk/src/rp2_common/pico_multicore/multicore.c.obj
 *fill*         0x10009246        0x2 
 .rodata.multicore_launch_core1_with_stack.str1.4
                0x10009248       0x19 CMakeFiles/GenesisControllerPico.dir/home/pi/pico/pico-sdk/src/rp2_common/pico_multicore/multicore.c.obj
 *fill*         0x10009261        0x3 
 .rodata.multicore_lockout_start_block_until.str1.4
                0x10009264       0x5c CMakeFiles/GenesisControllerPico.dir/home/pi/pico/pico-sdk/src/rp2_common/pico_multicore/multicore.c.obj
                                 0x59 (size before relaxing)
                0x100092c0                . = ALIGN (0x4)
 *(SORT_BY_ALIGNMENT(SORT_BY_NAME(.flashdata*)))
                0x100092c0                . = ALIGN (0x4)

.rel.dyn        0x100092c0        0x0
 .rel.iplt      0x100092c0        0x0 /usr/lib/gcc/arm-none-eabi/7.3.1/thumb/v6-m/crtbegin.o

.ARM.extab
 *(.ARM.extab* .gnu.linkonce.armextab.*)
                0x100092c0                __exidx_start = .

.ARM.exidx
 *(.ARM.exidx* .gnu.linkonce.armexidx.*)
                0x100092c0                __exidx_end = .
                0x100092c0                . = ALIGN (0x4)